Component: Arm Compiler for Embedded 6.21 Tool: armlink [5ec1fa00]

==============================================================================

Section Cross References

    startup_stm32f103xb.o(STACK) refers (Special) to heapauxi.o(.text) for __use_two_region_memory
    startup_stm32f103xb.o(HEAP) refers (Special) to heapauxi.o(.text) for __use_two_region_memory
    startup_stm32f103xb.o(RESET) refers (Special) to heapauxi.o(.text) for __use_two_region_memory
    startup_stm32f103xb.o(RESET) refers to startup_stm32f103xb.o(STACK) for __initial_sp
    startup_stm32f103xb.o(RESET) refers to startup_stm32f103xb.o(.text) for Reset_Handler
    startup_stm32f103xb.o(RESET) refers to stm32f1xx_it.o(.text.NMI_Handler) for NMI_Handler
    startup_stm32f103xb.o(RESET) refers to stm32f1xx_it.o(.text.HardFault_Handler) for HardFault_Handler
    startup_stm32f103xb.o(RESET) refers to stm32f1xx_it.o(.text.MemManage_Handler) for MemManage_Handler
    startup_stm32f103xb.o(RESET) refers to stm32f1xx_it.o(.text.BusFault_Handler) for BusFault_Handler
    startup_stm32f103xb.o(RESET) refers to stm32f1xx_it.o(.text.UsageFault_Handler) for UsageFault_Handler
    startup_stm32f103xb.o(RESET) refers to stm32f1xx_it.o(.text.SVC_Handler) for SVC_Handler
    startup_stm32f103xb.o(RESET) refers to stm32f1xx_it.o(.text.DebugMon_Handler) for DebugMon_Handler
    startup_stm32f103xb.o(RESET) refers to stm32f1xx_it.o(.text.PendSV_Handler) for PendSV_Handler
    startup_stm32f103xb.o(RESET) refers to stm32f1xx_it.o(.text.SysTick_Handler) for SysTick_Handler
    startup_stm32f103xb.o(RESET) refers to stm32f1xx_it.o(.text.RCC_IRQHandler) for RCC_IRQHandler
    startup_stm32f103xb.o(RESET) refers to stm32f1xx_it.o(.text.EXTI1_IRQHandler) for EXTI1_IRQHandler
    startup_stm32f103xb.o(RESET) refers to stm32f1xx_it.o(.text.USB_LP_CAN1_RX0_IRQHandler) for USB_LP_CAN1_RX0_IRQHandler
    startup_stm32f103xb.o(RESET) refers to stm32f1xx_it.o(.text.I2C1_EV_IRQHandler) for I2C1_EV_IRQHandler
    startup_stm32f103xb.o(RESET) refers to stm32f1xx_it.o(.text.I2C1_ER_IRQHandler) for I2C1_ER_IRQHandler
    startup_stm32f103xb.o(.text) refers (Special) to heapauxi.o(.text) for __use_two_region_memory
    startup_stm32f103xb.o(.text) refers to system_stm32f1xx.o(.text.SystemInit) for SystemInit
    startup_stm32f103xb.o(.text) refers to __main.o(!!!main) for __main
    startup_stm32f103xb.o(.text) refers to startup_stm32f103xb.o(HEAP) for Heap_Mem
    startup_stm32f103xb.o(.text) refers to startup_stm32f103xb.o(STACK) for Stack_Mem
    main.o(.text.__cxx_global_var_init) refers to main.o(.bss.OLED) for OLED
    main.o(.text.__cxx_global_var_init) refers to main.o(.bss.hi2c1) for hi2c1
    main.o(.text.__cxx_global_var_init) refers to ssd1306.o(.text._ZN12SSD1306_OLEDC2EP17I2C_HandleTypeDef) for SSD1306_OLED::SSD1306_OLED(I2C_HandleTypeDef*)
    main.o(.ARM.exidx.text.__cxx_global_var_init) refers to main.o(.text.__cxx_global_var_init) for [Anonymous Symbol]
    main.o(.text.USBRcv) refers to main.o(.bss.Buffer) for Buffer
    main.o(.text.USBRcv) refers to main.o(.rodata.str1.1) for .L.str
    main.o(.text.USBRcv) refers to sprintf.o(.text) for sprintf
    main.o(.text.USBRcv) refers to main.o(.text._Z9putStrUSBPhj) for putStrUSB(unsigned char*, unsigned int)
    main.o(.ARM.exidx.text.USBRcv) refers to main.o(.text.USBRcv) for [Anonymous Symbol]
    main.o(.text._Z9putStrUSBPhj) refers to usbd_cdc_if.o(.text.CDC_Transmit_FS) for CDC_Transmit_FS
    main.o(.ARM.exidx.text._Z9putStrUSBPhj) refers to main.o(.text._Z9putStrUSBPhj) for [Anonymous Symbol]
    main.o(.ARM.exidx.text.HAL_GPIO_EXTI_Callback) refers to main.o(.text.HAL_GPIO_EXTI_Callback) for [Anonymous Symbol]
    main.o(.text._Z8delay_usj) refers to main.o(.bss.htim4) for htim4
    main.o(.ARM.exidx.text._Z8delay_usj) refers to main.o(.text._Z8delay_usj) for [Anonymous Symbol]
    main.o(.text._Z15TTP229_ReadKeysv) refers to stm32f1xx_hal_gpio.o(.text.HAL_GPIO_WritePin) for HAL_GPIO_WritePin
    main.o(.text._Z15TTP229_ReadKeysv) refers to main.o(.text._Z8delay_usj) for delay_us(unsigned int)
    main.o(.text._Z15TTP229_ReadKeysv) refers to stm32f1xx_hal_gpio.o(.text.HAL_GPIO_ReadPin) for HAL_GPIO_ReadPin
    main.o(.text._Z15TTP229_ReadKeysv) refers to main.o(.bss.key_array) for key_array
    main.o(.ARM.exidx.text._Z15TTP229_ReadKeysv) refers to main.o(.text._Z15TTP229_ReadKeysv) for [Anonymous Symbol]
    main.o(.text.main) refers to stm32f1xx_hal.o(.text.HAL_Init) for HAL_Init
    main.o(.text.main) refers to main.o(.text._Z18SystemClock_Configv) for SystemClock_Config()
    main.o(.text.main) refers to main.o(.text._ZL12MX_GPIO_Initv) for MX_GPIO_Init()
    main.o(.text.main) refers to main.o(.text._ZL12MX_I2C1_Initv) for MX_I2C1_Init()
    main.o(.text.main) refers to main.o(.text._ZL12MX_IWDG_Initv) for MX_IWDG_Init()
    main.o(.text.main) refers to main.o(.text._ZL12MX_TIM4_Initv) for MX_TIM4_Init()
[...]
    __rt_locale                              0x08001245   Thumb Code     8  rt_locale_intlibspace.o(.text)
    _printf_fp_infnan                        0x0800124d   Thumb Code   112  _printf_fp_infnan.o(.text)
    _btod_etento                             0x080012cd   Thumb Code   224  bigflt0.o(.text)
    exit                                     0x080013b1   Thumb Code    18  exit.o(.text)
    __user_libspace                          0x080013c5   Thumb Code     8  libspace.o(.text)
    __user_perproc_libspace                  0x080013c5   Thumb Code     0  libspace.o(.text)
    __user_perthread_libspace                0x080013c5   Thumb Code     0  libspace.o(.text)
    strcmp                                   0x080013cd   Thumb Code   128  strcmpv7m.o(.text)
    __I$use$semihosting                      0x0800144d   Thumb Code     0  use_no_semi.o(.text)
    __use_no_semihosting_swi                 0x0800144d   Thumb Code     2  use_no_semi.o(.text)
    __semihosting_library_function           0x0800144f   Thumb Code     0  indicate_semi.o(.text)
    _sys_exit                                0x08001451   Thumb Code     8  sys_exit.o(.text)
    BusFault_Handler                         0x0800145d   Thumb Code     4  stm32f1xx_it.o(.text.BusFault_Handler)
    CDC_Transmit_FS                          0x08001525   Thumb Code    96  usbd_cdc_if.o(.text.CDC_Transmit_FS)
    DWT_Delay_Init                           0x08001585   Thumb Code    92  dwt_stm32_delay.o(.text.DWT_Delay_Init)
    DebugMon_Handler                         0x080015e1   Thumb Code     2  stm32f1xx_it.o(.text.DebugMon_Handler)
    EXTI1_IRQHandler                         0x080015e5   Thumb Code    10  stm32f1xx_it.o(.text.EXTI1_IRQHandler)
    Error_Handler                            0x080015f1   Thumb Code    14  main.o(.text.Error_Handler)
    HAL_DMA_Abort_IT                         0x0800165d   Thumb Code   284  stm32f1xx_hal_dma.o(.text.HAL_DMA_Abort_IT)
    HAL_DMA_GetState                         0x08001779   Thumb Code    14  stm32f1xx_hal_dma.o(.text.HAL_DMA_GetState)
    HAL_GPIO_EXTI_Callback                   0x08001789   Thumb Code    10  main.o(.text.HAL_GPIO_EXTI_Callback)
    HAL_GPIO_EXTI_IRQHandler                 0x08001795   Thumb Code    56  stm32f1xx_hal_gpio.o(.text.HAL_GPIO_EXTI_IRQHandler)
    HAL_GPIO_Init                            0x080017cd   Thumb Code   798  stm32f1xx_hal_gpio.o(.text.HAL_GPIO_Init)
    HAL_GPIO_ReadPin                         0x08001aed   Thumb Code    46  stm32f1xx_hal_gpio.o(.text.HAL_GPIO_ReadPin)
    HAL_GPIO_TogglePin                       0x08001b1d   Thumb Code    38  stm32f1xx_hal_gpio.o(.text.HAL_GPIO_TogglePin)
    HAL_GPIO_WritePin                        0x08001b45   Thumb Code    46  stm32f1xx_hal_gpio.o(.text.HAL_GPIO_WritePin)
    HAL_GetTick                              0x08001b75   Thumb Code    12  stm32f1xx_hal.o(.text.HAL_GetTick)
    HAL_I2C_AbortCpltCallback                0x08001b81   Thumb Code     8  stm32f1xx_hal_i2c.o(.text.HAL_I2C_AbortCpltCallback)
    HAL_I2C_AddrCallback                     0x08001b89   Thumb Code    16  stm32f1xx_hal_i2c.o(.text.HAL_I2C_AddrCallback)
    HAL_I2C_ER_IRQHandler                    0x08001b99   Thumb Code   390  stm32f1xx_hal_i2c.o(.text.HAL_I2C_ER_IRQHandler)
    HAL_I2C_EV_IRQHandler                    0x08001d21   Thumb Code   970  stm32f1xx_hal_i2c.o(.text.HAL_I2C_EV_IRQHandler)
    HAL_I2C_ErrorCallback                    0x080020ed   Thumb Code     8  stm32f1xx_hal_i2c.o(.text.HAL_I2C_ErrorCallback)
    HAL_I2C_Init                             0x080020f5   Thumb Code   676  stm32f1xx_hal_i2c.o(.text.HAL_I2C_Init)
    HAL_I2C_ListenCpltCallback               0x08002399   Thumb Code     8  stm32f1xx_hal_i2c.o(.text.HAL_I2C_ListenCpltCallback)
    HAL_I2C_MasterRxCpltCallback             0x080023a1   Thumb Code     8  stm32f1xx_hal_i2c.o(.text.HAL_I2C_MasterRxCpltCallback)
    HAL_I2C_MasterTxCpltCallback             0x080023a9   Thumb Code     8  stm32f1xx_hal_i2c.o(.text.HAL_I2C_MasterTxCpltCallback)
    HAL_I2C_Master_Transmit                  0x080023b1   Thumb Code   520  stm32f1xx_hal_i2c.o(.text.HAL_I2C_Master_Transmit)
    HAL_I2C_MemRxCpltCallback                0x080025b9   Thumb Code     8  stm32f1xx_hal_i2c.o(.text.HAL_I2C_MemRxCpltCallback)
    HAL_I2C_MemTxCpltCallback                0x080025c1   Thumb Code     8  stm32f1xx_hal_i2c.o(.text.HAL_I2C_MemTxCpltCallback)
    HAL_I2C_Mem_Write                        0x080025c9   Thumb Code   528  stm32f1xx_hal_i2c.o(.text.HAL_I2C_Mem_Write)
    HAL_I2C_MspInit                          0x080027d9   Thumb Code   164  stm32f1xx_hal_msp.o(.text.HAL_I2C_MspInit)
    HAL_I2C_SlaveRxCpltCallback              0x0800287d   Thumb Code     8  stm32f1xx_hal_i2c.o(.text.HAL_I2C_SlaveRxCpltCallback)
    HAL_I2C_SlaveTxCpltCallback              0x08002885   Thumb Code     8  stm32f1xx_hal_i2c.o(.text.HAL_I2C_SlaveTxCpltCallback)
    HAL_IWDG_Init                            0x0800288d   Thumb Code   144  stm32f1xx_hal_iwdg.o(.text.HAL_IWDG_Init)
    HAL_IWDG_Refresh                         0x0800291d   Thumb Code    20  stm32f1xx_hal_iwdg.o(.text.HAL_IWDG_Refresh)
    HAL_IncTick                              0x08002931   Thumb Code    26  stm32f1xx_hal.o(.text.HAL_IncTick)
    HAL_Init                                 0x0800294d   Thumb Code    38  stm32f1xx_hal.o(.text.HAL_Init)
    HAL_InitTick                             0x08002975   Thumb Code   112  stm32f1xx_hal.o(.text.HAL_InitTick)
    HAL_MspInit                              0x080029e5   Thumb Code   120  stm32f1xx_hal_msp.o(.text.HAL_MspInit)
    HAL_NVIC_EnableIRQ                       0x08002a5d   Thumb Code    20  stm32f1xx_hal_cortex.o(.text.HAL_NVIC_EnableIRQ)
    HAL_NVIC_SetPriority                     0x08002a71   Thumb Code    50  stm32f1xx_hal_cortex.o(.text.HAL_NVIC_SetPriority)
    HAL_NVIC_SetPriorityGrouping             0x08002aa5   Thumb Code    16  stm32f1xx_hal_cortex.o(.text.HAL_NVIC_SetPriorityGrouping)
    HAL_PCDEx_PMAConfig                      0x08002ab5   Thumb Code   122  stm32f1xx_hal_pcd_ex.o(.text.HAL_PCDEx_PMAConfig)
    HAL_PCDEx_SetConnectionState             0x08002b31   Thumb Code    26  usbd_conf.o(.text.HAL_PCDEx_SetConnectionState)
    HAL_PCD_DataInStageCallback              0x08002b4d   Thumb Code    38  usbd_conf.o(.text.HAL_PCD_DataInStageCallback)
    HAL_PCD_DataOutStageCallback             0x08002b75   Thumb Code    40  usbd_conf.o(.text.HAL_PCD_DataOutStageCallback)
    HAL_PCD_EP_Close                         0x08002b9d   Thumb Code   168  stm32f1xx_hal_pcd.o(.text.HAL_PCD_EP_Close)
    HAL_PCD_EP_ClrStall                      0x08002c45   Thumb Code   200  stm32f1xx_hal_pcd.o(.text.HAL_PCD_EP_ClrStall)
    HAL_PCD_EP_GetRxCount                    0x08003655   Thumb Code    34  stm32f1xx_hal_pcd.o(.text.HAL_PCD_EP_GetRxCount)
    HAL_PCD_EP_Open                          0x08003679   Thumb Code   218  stm32f1xx_hal_pcd.o(.text.HAL_PCD_EP_Open)
    HAL_PCD_EP_Receive                       0x08003755   Thumb Code    90  stm32f1xx_hal_pcd.o(.text.HAL_PCD_EP_Receive)
    HAL_PCD_EP_SetStall                      0x080037b1   Thumb Code   220  stm32f1xx_hal_pcd.o(.text.HAL_PCD_EP_SetStall)
    HAL_PCD_EP_Transmit                      0x0800388d   Thumb Code   102  stm32f1xx_hal_pcd.o(.text.HAL_PCD_EP_Transmit)
    HAL_PCD_IRQHandler                       0x080038f5   Thumb Code   516  stm32f1xx_hal_pcd.o(.text.HAL_PCD_IRQHandler)
    HAL_PCD_Init                             0x08003af9   Thumb Code   516  stm32f1xx_hal_pcd.o(.text.HAL_PCD_Init)
    HAL_PCD_MspInit                          0x08003cfd   Thumb Code    78  usbd_conf.o(.text.HAL_PCD_MspInit)
    HAL_PCD_ResetCallback                    0x08003d4d   Thumb Code    56  usbd_conf.o(.text.HAL_PCD_ResetCallback)
    HAL_PCD_ResumeCallback                   0x08003d85   Thumb Code    20  usbd_conf.o(.text.HAL_PCD_ResumeCallback)
    HAL_PCD_SOFCallback                      0x08003d99   Thumb Code    20  usbd_conf.o(.text.HAL_PCD_SOFCallback)
    HAL_PCD_SetAddress                       0x08003dad   Thumb Code    92  stm32f1xx_hal_pcd.o(.text.HAL_PCD_SetAddress)
    HAL_PCD_SetupStageCallback               0x08003e09   Thumb Code    24  usbd_conf.o(.text.HAL_PCD_SetupStageCallback)
    HAL_PCD_Start                            0x08003e21   Thumb Code    92  stm32f1xx_hal_pcd.o(.text.HAL_PCD_Start)
    HAL_PCD_SuspendCallback                  0x08003e7d   Thumb Code    46  usbd_conf.o(.text.HAL_PCD_SuspendCallback)
    HAL_RCCEx_PeriphCLKConfig                0x08003ead   Thumb Code   456  stm32f1xx_hal_rcc_ex.o(.text.HAL_RCCEx_PeriphCLKConfig)
    HAL_RCC_CSSCallback                      0x08004075   Thumb Code     2  stm32f1xx_hal_rcc.o(.text.HAL_RCC_CSSCallback)
    HAL_RCC_ClockConfig                      0x08004079   Thumb Code   598  stm32f1xx_hal_rcc.o(.text.HAL_RCC_ClockConfig)
    HAL_RCC_EnableCSS                        0x080042d1   Thumb Code    12  stm32f1xx_hal_rcc.o(.text.HAL_RCC_EnableCSS)
    HAL_RCC_GetHCLKFreq                      0x080042dd   Thumb Code    12  stm32f1xx_hal_rcc.o(.text.HAL_RCC_GetHCLKFreq)
    HAL_RCC_GetPCLK1Freq                     0x080042e9   Thumb Code    34  stm32f1xx_hal_rcc.o(.text.HAL_RCC_GetPCLK1Freq)
    HAL_RCC_GetSysClockFreq                  0x0800430d   Thumb Code   188  stm32f1xx_hal_rcc.o(.text.HAL_RCC_GetSysClockFreq)
    HAL_RCC_NMI_IRQHandler                   0x080043c9   Thumb Code    40  stm32f1xx_hal_rcc.o(.text.HAL_RCC_NMI_IRQHandler)
    HAL_RCC_OscConfig                        0x080043f1   Thumb Code  1658  stm32f1xx_hal_rcc.o(.text.HAL_RCC_OscConfig)
    HAL_SYSTICK_Config                       0x08004a6d   Thumb Code    16  stm32f1xx_hal_cortex.o(.text.HAL_SYSTICK_Config)
    HAL_TIMEx_MasterConfigSynchronization    0x08004a7d   Thumb Code   220  stm32f1xx_hal_tim_ex.o(.text.HAL_TIMEx_MasterConfigSynchronization)
    HAL_TIM_Base_Init                        0x08004b59   Thumb Code   156  stm32f1xx_hal_tim.o(.text.HAL_TIM_Base_Init)
    HAL_TIM_Base_MspInit                     0x08004bf5   Thumb Code    58  stm32f1xx_hal_msp.o(.text.HAL_TIM_Base_MspInit)
    HAL_TIM_Base_Start_IT                    0x08004c31   Thumb Code   176  stm32f1xx_hal_tim.o(.text.HAL_TIM_Base_Start_IT)
    HAL_TIM_ConfigClockSource                0x08004ce1   Thumb Code   388  stm32f1xx_hal_tim.o(.text.HAL_TIM_ConfigClockSource)
    HardFault_Handler                        0x08004e65   Thumb Code     4  stm32f1xx_it.o(.text.HardFault_Handler)
    I2C1_ER_IRQHandler                       0x08004e69   Thumb Code    16  stm32f1xx_it.o(.text.I2C1_ER_IRQHandler)
    I2C1_EV_IRQHandler                       0x08004e79   Thumb Code    16  stm32f1xx_it.o(.text.I2C1_EV_IRQHandler)
    MX_USB_DEVICE_Init                       0x08006a15   Thumb Code   118  usb_device.o(.text.MX_USB_DEVICE_Init)
    MemManage_Handler                        0x08006a8d   Thumb Code     4  stm32f1xx_it.o(.text.MemManage_Handler)
    NMI_Handler                              0x08006a91   Thumb Code    10  stm32f1xx_it.o(.text.NMI_Handler)
    PendSV_Handler                           0x08007215   Thumb Code     2  stm32f1xx_it.o(.text.PendSV_Handler)
    RCC_IRQHandler                           0x08007255   Thumb Code     2  stm32f1xx_it.o(.text.RCC_IRQHandler)
    SVC_Handler                              0x08007259   Thumb Code     2  stm32f1xx_it.o(.text.SVC_Handler)
    SysTick_Handler                          0x080072b1   Thumb Code     8  stm32f1xx_it.o(.text.SysTick_Handler)
    SystemInit                               0x080072b9   Thumb Code     2  system_stm32f1xx.o(.text.SystemInit)
    TIM_Base_SetConfig                       0x080072bd   Thumb Code   262  stm32f1xx_hal_tim.o(.text.TIM_Base_SetConfig)
    TIM_ETR_SetConfig                        0x080073c5   Thumb Code    52  stm32f1xx_hal_tim.o(.text.TIM_ETR_SetConfig)
    USBD_CDC_GetDeviceQualifierDescriptor    0x08007679   Thumb Code    22  usbd_cdc.o(.text.USBD_CDC_GetDeviceQualifierDescriptor)
    USBD_CDC_ReceivePacket                   0x080077d5   Thumb Code    94  usbd_cdc.o(.text.USBD_CDC_ReceivePacket)
    USBD_CDC_RegisterInterface               0x08007835   Thumb Code    42  usbd_cdc.o(.text.USBD_CDC_RegisterInterface)
    USBD_CDC_SetRxBuffer                     0x08007861   Thumb Code    28  usbd_cdc.o(.text.USBD_CDC_SetRxBuffer)
    USBD_CDC_SetTxBuffer                     0x0800787d   Thumb Code    42  usbd_cdc.o(.text.USBD_CDC_SetTxBuffer)
    USBD_CDC_TransmitPacket                  0x08007a09   Thumb Code   102  usbd_cdc.o(.text.USBD_CDC_TransmitPacket)
    USBD_ClrClassConfig                      0x08007a71   Thumb Code    30  usbd_core.o(.text.USBD_ClrClassConfig)
    USBD_CtlContinueRx                       0x08007ad1   Thumb Code    34  usbd_ioreq.o(.text.USBD_CtlContinueRx)
    USBD_CtlContinueSendData                 0x08007af5   Thumb Code    34  usbd_ioreq.o(.text.USBD_CtlContinueSendData)
    USBD_CtlError                            0x08007b19   Thumb Code    28  usbd_ctlreq.o(.text.USBD_CtlError)
    USBD_CtlPrepareRx                        0x08007b35   Thumb Code    62  usbd_ioreq.o(.text.USBD_CtlPrepareRx)
    USBD_CtlReceiveStatus                    0x08007b75   Thumb Code    34  usbd_ioreq.o(.text.USBD_CtlReceiveStatus)
    USBD_CtlSendData                         0x08007b99   Thumb Code    58  usbd_ioreq.o(.text.USBD_CtlSendData)
    USBD_CtlSendStatus                       0x08007bd5   Thumb Code    34  usbd_ioreq.o(.text.USBD_CtlSendStatus)
    USBD_FS_ConfigStrDescriptor              0x08007bf9   Thumb Code    78  usbd_desc.o(.text.USBD_FS_ConfigStrDescriptor)
    USBD_FS_DeviceDescriptor                 0x08007c49   Thumb Code    26  usbd_desc.o(.text.USBD_FS_DeviceDescriptor)
    USBD_FS_InterfaceStrDescriptor           0x08007c65   Thumb Code    78  usbd_desc.o(.text.USBD_FS_InterfaceStrDescriptor)
    USBD_FS_LangIDStrDescriptor              0x08007cb5   Thumb Code    26  usbd_desc.o(.text.USBD_FS_LangIDStrDescriptor)
    USBD_FS_ManufacturerStrDescriptor        0x08007cd1   Thumb Code    40  usbd_desc.o(.text.USBD_FS_ManufacturerStrDescriptor)
    USBD_FS_ProductStrDescriptor             0x08007cf9   Thumb Code    78  usbd_desc.o(.text.USBD_FS_ProductStrDescriptor)
    USBD_FS_SerialStrDescriptor              0x08007d49   Thumb Code    32  usbd_desc.o(.text.USBD_FS_SerialStrDescriptor)
    USBD_GetString                           0x08008139   Thumb Code   130  usbd_ctlreq.o(.text.USBD_GetString)
    USBD_Init                                0x08008211   Thumb Code   100  usbd_core.o(.text.USBD_Init)
    USBD_LL_ClearStallEP                     0x08008275   Thumb Code    58  usbd_conf.o(.text.USBD_LL_ClearStallEP)
    USBD_LL_CloseEP                          0x080082b1   Thumb Code    58  usbd_conf.o(.text.USBD_LL_CloseEP)
    USBD_LL_DataInStage                      0x080082ed   Thumb Code   354  usbd_core.o(.text.USBD_LL_DataInStage)
    USBD_LL_DataOutStage                     0x08008451   Thumb Code   258  usbd_core.o(.text.USBD_LL_DataOutStage)
    USBD_LL_GetRxDataSize                    0x08008555   Thumb Code    28  usbd_conf.o(.text.USBD_LL_GetRxDataSize)
    USBD_LL_Init                             0x08008571   Thumb Code   160  usbd_conf.o(.text.USBD_LL_Init)
    USBD_LL_IsStallEP                        0x08008611   Thumb Code    90  usbd_conf.o(.text.USBD_LL_IsStallEP)
    USBD_LL_OpenEP                           0x0800866d   Thumb Code    74  usbd_conf.o(.text.USBD_LL_OpenEP)
    USBD_LL_PrepareReceive                   0x080086b9   Thumb Code    70  usbd_conf.o(.text.USBD_LL_PrepareReceive)
    USBD_LL_Reset                            0x08008701   Thumb Code   116  usbd_core.o(.text.USBD_LL_Reset)
    USBD_LL_Resume                           0x08008775   Thumb Code    34  usbd_core.o(.text.USBD_LL_Resume)
    USBD_LL_SOF                              0x08008799   Thumb Code    50  usbd_core.o(.text.USBD_LL_SOF)
    USBD_LL_SetSpeed                         0x080087cd   Thumb Code    22  usbd_core.o(.text.USBD_LL_SetSpeed)
    USBD_LL_SetUSBAddress                    0x080087e5   Thumb Code    58  usbd_conf.o(.text.USBD_LL_SetUSBAddress)
    USBD_LL_SetupStage                       0x08008821   Thumb Code   130  usbd_core.o(.text.USBD_LL_SetupStage)
    USBD_LL_StallEP                          0x080088a5   Thumb Code    58  usbd_conf.o(.text.USBD_LL_StallEP)
    USBD_LL_Start                            0x080088e1   Thumb Code    50  usbd_conf.o(.text.USBD_LL_Start)
    USBD_LL_Suspend                          0x08008915   Thumb Code    28  usbd_core.o(.text.USBD_LL_Suspend)
    USBD_LL_Transmit                         0x08008931   Thumb Code    70  usbd_conf.o(.text.USBD_LL_Transmit)
    USBD_ParseSetupRequest                   0x08008979   Thumb Code    68  usbd_ctlreq.o(.text.USBD_ParseSetupRequest)
    USBD_RegisterClass                       0x080089bd   Thumb Code    50  usbd_core.o(.text.USBD_RegisterClass)
    USBD_RunTestMode                         0x080089f1   Thumb Code    10  usbd_core.o(.text.USBD_RunTestMode)
    USBD_SetClassConfig                      0x08008a89   Thumb Code    62  usbd_core.o(.text.USBD_SetClassConfig)
    USBD_Start                               0x08008c29   Thumb Code    18  usbd_core.o(.text.USBD_Start)
    USBD_StdDevReq                           0x08008c3d   Thumb Code   188  usbd_ctlreq.o(.text.USBD_StdDevReq)
    USBD_StdEPReq                            0x08008cf9   Thumb Code   822  usbd_ctlreq.o(.text.USBD_StdEPReq)
    USBD_StdItfReq                           0x08009031   Thumb Code   152  usbd_ctlreq.o(.text.USBD_StdItfReq)
    USBD_static_free                         0x080090c9   Thumb Code     8  usbd_conf.o(.text.USBD_static_free)
    USBD_static_malloc                       0x080090d1   Thumb Code    16  usbd_conf.o(.text.USBD_static_malloc)
    USBRcv                                   0x080090e1   Thumb Code    46  main.o(.text.USBRcv)
    USB_ActivateEndpoint                     0x08009111   Thumb Code  1686  stm32f1xx_ll_usb.o(.text.USB_ActivateEndpoint)
    USB_CoreInit                             0x080097a9   Thumb Code    32  stm32f1xx_ll_usb.o(.text.USB_CoreInit)
    USB_DeactivateEndpoint                   0x080097c9   Thumb Code   864  stm32f1xx_ll_usb.o(.text.USB_DeactivateEndpoint)
    USB_DevConnect                           0x08009b29   Thumb Code    10  stm32f1xx_ll_usb.o(.text.USB_DevConnect)
    USB_DevDisconnect                        0x08009b35   Thumb Code    10  stm32f1xx_ll_usb.o(.text.USB_DevDisconnect)
    USB_DevInit                              0x08009b41   Thumb Code    58  stm32f1xx_ll_usb.o(.text.USB_DevInit)
    USB_DisableGlobalInt                     0x08009b7d   Thumb Code    30  stm32f1xx_ll_usb.o(.text.USB_DisableGlobalInt)
    USB_EP0_OutStart                         0x08009b9d   Thumb Code    12  stm32f1xx_ll_usb.o(.text.USB_EP0_OutStart)
    USB_EPClearStall                         0x08009ba9   Thumb Code   328  stm32f1xx_ll_usb.o(.text.USB_EPClearStall)
    USB_EPSetStall                           0x08009cf1   Thumb Code   136  stm32f1xx_ll_usb.o(.text.USB_EPSetStall)
    USB_EPStartXfer                          0x08009d79   Thumb Code  3606  stm32f1xx_ll_usb.o(.text.USB_EPStartXfer)
    USB_EnableGlobalInt                      0x0800ab91   Thumb Code    30  stm32f1xx_ll_usb.o(.text.USB_EnableGlobalInt)
    USB_LP_CAN1_RX0_IRQHandler               0x0800abb1   Thumb Code    16  stm32f1xx_it.o(.text.USB_LP_CAN1_RX0_IRQHandler)
    USB_ReadInterrupts                       0x0800abc1   Thumb Code    18  stm32f1xx_ll_usb.o(.text.USB_ReadInterrupts)
    USB_ReadPMA                              0x0800abd5   Thumb Code   140  stm32f1xx_ll_usb.o(.text.USB_ReadPMA)
    USB_SetCurrentMode                       0x0800ac61   Thumb Code    14  stm32f1xx_ll_usb.o(.text.USB_SetCurrentMode)
    USB_SetDevAddress                        0x0800ac71   Thumb Code    32  stm32f1xx_ll_usb.o(.text.USB_SetDevAddress)
    USB_WritePMA                             0x0800ac91   Thumb Code   130  stm32f1xx_ll_usb.o(.text.USB_WritePMA)
    UsageFault_Handler                       0x0800ad15   Thumb Code     4  stm32f1xx_it.o(.text.UsageFault_Handler)
    TTP229_ReadKeys()                        0x0800ad21   Thumb Code   186  main.o(.text._Z15TTP229_ReadKeysv)
    SystemClock_Config()                     0x0800addd   Thumb Code   150  main.o(.text._Z18SystemClock_Configv)
    delay_us(unsigned int)                   0x0800ae75   Thumb Code    46  main.o(.text._Z8delay_usj)
    putStrUSB(unsigned char*, unsigned int)  0x0800aea5   Thumb Code    50  main.o(.text._Z9putStrUSBPhj)
    SSD1306_OLED::WriteString(unsigned char*, FontDef, SSD1306_COLOR, bool) 0x0800b0ed   Thumb Code   140  ssd1306.o(.text._ZN12SSD1306_OLED11WriteStringEPh7FontDef13SSD1306_COLORb)
    SSD1306_OLED::UpdateScreen()             0x0800b179   Thumb Code   112  ssd1306.o(.text._ZN12SSD1306_OLED12UpdateScreenEv)
    SSD1306_OLED::WriteCommand(unsigned char) 0x0800b1e9   Thumb Code    50  ssd1306.o(.text._ZN12SSD1306_OLED12WriteCommandEh)
    SSD1306_OLED::Fill(SSD1306_COLOR)        0x0800b21d   Thumb Code    62  ssd1306.o(.text._ZN12SSD1306_OLED4FillE13SSD1306_COLOR)
    SSD1306_OLED::Init()                     0x0800b25d   Thumb Code   268  ssd1306.o(.text._ZN12SSD1306_OLED4InitEv)
    SSD1306_OLED::DrawPixel(unsigned char, unsigned char, SSD1306_COLOR) 0x0800b369   Thumb Code   162  ssd1306.o(.text._ZN12SSD1306_OLED9DrawPixelEhh13SSD1306_COLOR)
    SSD1306_OLED::SetCursor(unsigned char, unsigned char) 0x0800b40d   Thumb Code    34  ssd1306.o(.text._ZN12SSD1306_OLED9SetCursorEhh)
    SSD1306_OLED::WriteChar(unsigned char, FontDef, SSD1306_COLOR, bool) 0x0800b431   Thumb Code   402  ssd1306.o(.text._ZN12SSD1306_OLED9WriteCharEh7FontDef13SSD1306_COLORb)
    SSD1306_OLED::WriteData(unsigned char)   0x0800b5c5   Thumb Code    50  ssd1306.o(.text._ZN12SSD1306_OLED9WriteDataEh)
    SSD1306_OLED::SSD1306_OLED(I2C_HandleTypeDef*) 0x0800b5f9   Thumb Code    22  ssd1306.o(.text._ZN12SSD1306_OLEDC2EP17I2C_HandleTypeDef)
    SSD1306_OLED::SSD1306_OLED__sub_object(I2C_HandleTypeDef*) 0x0800b5f9   Thumb Code    22  ssd1306.o(.text._ZN12SSD1306_OLEDC2EP17I2C_HandleTypeDef)
    main                                     0x0800b6e9   Thumb Code   434  main.o(.text.main)
    _btod_d2e                                0x0800b89b   Thumb Code    62  btod.o(CL$$btod_d2e)
    _d2e_denorm_low                          0x0800b8d9   Thumb Code    70  btod.o(CL$$btod_d2e_denorm_low)
    _d2e_norm_op1                            0x0800b91f   Thumb Code    96  btod.o(CL$$btod_d2e_norm_op1)
    __btod_div_common                        0x0800b981   Thumb Code   696  btod.o(CL$$btod_div_common)
    _e2e                                     0x0800bcb9   Thumb Code   220  btod.o(CL$$btod_e2e)
    _btod_ediv                               0x0800bd95   Thumb Code    42  btod.o(CL$$btod_ediv)
    _btod_emul                               0x0800bdbf   Thumb Code    42  btod.o(CL$$btod_emul)
    __btod_mult_common                       0x0800bde9   Thumb Code   580  btod.o(CL$$btod_mult_common)
    __ARM_fpclassify                         0x0800c02d   Thumb Code    40  fpclassify.o(i.__ARM_fpclassify)
    _is_digit                                0x0800c055   Thumb Code    14  __printf_wp.o(i._is_digit)
    _get_lc_numeric                          0x0800c065   Thumb Code    44  lc_numeric_c.o(locale$$code)
    _get_lc_ctype                            0x0800c091   Thumb Code    44  lc_ctype_c.o(locale$$code)
    _printf_fp_dec                           0x0800c0bd   Thumb Code     4  printf1.o(x$fpl$printf1)
    _printf_fp_hex                           0x0800c0c1   Thumb Code     4  printf2.o(x$fpl$printf2)
    __I$use$fp                               0x0800c0c4   Number         0  usenofp.o(x$fpl$usenofp)
    AHBPrescTable                            0x0800c1c0   Data          16  system_stm32f1xx.o(.rodata.AHBPrescTable)
    APBPrescTable                            0x0800c1d0   Data           8  system_stm32f1xx.o(.rodata.APBPrescTable)
    Region$$Table$$Base                      0x0800c9b4   Number         0  anon$$obj.o(Region$$Table)
    Region$$Table$$Limit                     0x0800c9d4   Number         0  anon$$obj.o(Region$$Table)
    __ctype                                  0x0800c9fd   Data           0  lc_ctype_c.o(locale$$data)
    SHT$$INIT_ARRAY$$Base                    0x0800cb00   Number         0  main.o(.init_array)
    SHT$$INIT_ARRAY$$Limit                   0x0800cb04   Number         0  init_aeabi.o(.init_array)
    FS_Desc                                  0x20000000   Data          28  usbd_desc.o(.data.FS_Desc)
    Font_7x10                                0x2000001c   Data           8  fonts.o(.data.Font_7x10)
    SystemCoreClock                          0x20000024   Data           4  system_stm32f1xx.o(.data.SystemCoreClock)
    USBD_CDC                                 0x20000028   Data          56  usbd_cdc.o(.data.USBD_CDC)
    USBD_CDC_CfgFSDesc                       0x20000060   Data          67  usbd_cdc.o(.data.USBD_CDC_CfgFSDesc)
    USBD_CDC_CfgHSDesc                       0x200000a4   Data          67  usbd_cdc.o(.data.USBD_CDC_CfgHSDesc)
    USBD_CDC_OtherSpeedCfgDesc               0x200000f4   Data          67  usbd_cdc.o(.data.USBD_CDC_OtherSpeedCfgDesc)
    USBD_FS_DeviceDesc                       0x20000138   Data          18  usbd_desc.o(.data.USBD_FS_DeviceDesc)
    USBD_Interface_fops_FS                   0x2000014c   Data          16  usbd_cdc_if.o(.data.USBD_Interface_fops_FS)
    USBD_LangIDDesc                          0x2000015c   Data           4  usbd_desc.o(.data.USBD_LangIDDesc)
    USBD_StringSerial                        0x20000160   Data          26  usbd_desc.o(.data.USBD_StringSerial)
    uwTickFreq                               0x2000017a   Data           1  stm32f1xx_hal.o(.data.uwTickFreq)
    uwTickPrio                               0x2000017c   Data           4  stm32f1xx_hal.o(.data.uwTickPrio)
    __libspace_start                         0x20000180   Data          96  libspace.o(.bss)
    Buffer                                   0x200001e0   Data         200  main.o(.bss.Buffer)
    __temporary_stack_top$libspace           0x200001e0   Data           0  libspace.o(.bss)
    OLED                                     0x200002a8   Data        1040  main.o(.bss.OLED)
    USBD_StrDesc                             0x200006bc   Data         512  usbd_desc.o(.bss.USBD_StrDesc)
    UserRxBufferFS                           0x20000adc   Data        1024  usbd_cdc_if.o(.bss.UserRxBufferFS)
    UserTxBufferFS                           0x20000edc   Data        1024  usbd_cdc_if.o(.bss.UserTxBufferFS)
    flag                                     0x200012dc   Data           1  main.o(.bss.flag)
    hUsbDeviceFS                             0x200012e0   Data         708  usb_device.o(.bss.hUsbDeviceFS)
    hi2c1                                    0x200015a4   Data          84  main.o(.bss.hi2c1)
    hiwdg                                    0x200015f8   Data          12  main.o(.bss.hiwdg)
    hpcd_USB_FS                              0x20001604   Data         728  usbd_conf.o(.bss.hpcd_USB_FS)
    htim4                                    0x200018dc   Data          72  main.o(.bss.htim4)
    key_array                                0x20001924   Data          16  main.o(.bss.key_array)
    nextKeyRead                              0x20001934   Data           4  main.o(.bss.nextKeyRead)
    nextLedTime                              0x20001938   Data           4  main.o(.bss.nextLedTime)
    ttpState                                 0x2000193c   Data           2  main.o(.bss.ttpState)
    uwTick                                   0x20001940   Data           4  stm32f1xx_hal.o(.bss.uwTick)



==============================================================================

Memory Map of the image

  Image Entry point : 0x080000ed

  Load Region LR_IROM1 (Base: 0x08000000, Size: 0x0000cc88, Max: 0x00010000, ABSOLUTE, COMPRESSED[0x0000cbd0])

    Execution Region ER_IROM1 (Exec base: 0x08000000, Load base: 0x08000000, Size: 0x0000cb04, Max: 0x00010000, ABSOLUTE)

    Exec Addr    Load Addr    Size         Type   Attr      Idx    E Section Name        Object

    0x08000000   0x08000000   0x000000ec   Data   RO            3    RESET               startup_stm32f103xb.o
    0x080000ec   0x080000ec   0x00000008   Code   RO         1543  * !!!main             c_w.l(__main.o)
    0x080000f4   0x080000f4   0x0000005c   Code   RO         1892    !!!scatter          c_w.l(__scatter.o)
    0x08000150   0x08000150   0x0000005a   Code   RO         1890    !!dczerorl2         c_w.l(__dczerorl2.o)
    0x080001aa   0x080001aa   0x00000002   PAD
    0x080001ac   0x080001ac   0x00000002   Code   RO         1893    !!handler_null      c_w.l(__scatter.o)
    0x080001ae   0x080001ae   0x00000002   PAD
    0x080001b0   0x080001b0   0x0000001c   Code   RO         1896    !!handler_zi        c_w.l(__scatter_zi.o)
    0x080001cc   0x080001cc   0x00000000   Code   RO         1633    .ARM.Collect$$_printf_percent$$00000000  c_w.l(_printf_percent.o)
    0x080001cc   0x080001cc   0x00000006   Code   RO         1622    .ARM.Collect$$_printf_percent$$00000001  c_w.l(_printf_n.o)
    0x080001d2   0x080001d2   0x00000006   Code   RO         1624    .ARM.Collect$$_printf_percent$$00000002  c_w.l(_printf_p.o)
    0x080001d8   0x080001d8   0x00000006   Code   RO         1629    .ARM.Collect$$_printf_percent$$00000003  c_w.l(_printf_f.o)
    0x080001de   0x080001de   0x00000006   Code   RO         1630    .ARM.Collect$$_printf_percent$$00000004  c_w.l(_printf_e.o)
    0x080001e4   0x080001e4   0x00000006   Code   RO         1631    .ARM.Collect$$_printf_percent$$00000005  c_w.l(_printf_g.o)
    0x080001ea   0x080001ea   0x00000006   Code   RO         1632    .ARM.Collect$$_printf_percent$$00000006  c_w.l(_printf_a.o)
    0x080001f0   0x080001f0   0x0000000a   Code   RO         1637    .ARM.Collect$$_printf_percent$$00000007  c_w.l(_printf_ll.o)
    0x080001fa   0x080001fa   0x00000006   Code   RO         1626    .ARM.Collect$$_printf_percent$$00000008  c_w.l(_printf_i.o)
    0x08000200   0x08000200   0x00000006   Code   RO         1627    .ARM.Collect$$_printf_percent$$00000009  c_w.l(_printf_d.o)
    0x08000206   0x08000206   0x00000006   Code   RO         1628    .ARM.Collect$$_printf_percent$$0000000A  c_w.l(_printf_u.o)
    0x0800020c   0x0800020c   0x00000006   Code   RO         1625    .ARM.Collect$$_printf_percent$$0000000B  c_w.l(_printf_o.o)
    0x08000212   0x08000212   0x00000006   Code   RO         1623    .ARM.Collect$$_printf_percent$$0000000C  c_w.l(_printf_x.o)
    0x08000218   0x08000218   0x00000006   Code   RO         1634    .ARM.Collect$$_printf_percent$$0000000D  c_w.l(_printf_lli.o)
    0x0800021e   0x0800021e   0x00000006   Code   RO         1635    .ARM.Collect$$_printf_percent$$0000000E  c_w.l(_printf_lld.o)
    0x08000224   0x08000224   0x00000006   Code   RO         1636    .ARM.Collect$$_printf_percent$$0000000F  c_w.l(_printf_llu.o)
    0x0800022a   0x0800022a   0x00000006   Code   RO         1641    .ARM.Collect$$_printf_percent$$00000010  c_w.l(_printf_llo.o)
    0x08000230   0x08000230   0x00000006   Code   RO         1642    .ARM.Collect$$_printf_percent$$00000011  c_w.l(_printf_llx.o)
    0x08000236   0x08000236   0x0000000a   Code   RO         1638    .ARM.Collect$$_printf_percent$$00000012  c_w.l(_printf_l.o)
    0x08000240   0x08000240   0x00000006   Code   RO         1620    .ARM.Collect$$_printf_percent$$00000013  c_w.l(_printf_c.o)
    0x08000246   0x08000246   0x00000006   Code   RO         1621    .ARM.Collect$$_printf_percent$$00000014  c_w.l(_printf_s.o)
    0x0800024c   0x0800024c   0x00000006   Code   RO         1639    .ARM.Collect$$_printf_percent$$00000015  c_w.l(_printf_lc.o)
    0x08000252   0x08000252   0x00000006   Code   RO         1640    .ARM.Collect$$_printf_percent$$00000016  c_w.l(_printf_ls.o)
    0x08000258   0x08000258   0x00000004   Code   RO         1734    .ARM.Collect$$_printf_percent$$00000017  c_w.l(_printf_percent_end.o)
    0x0800025c   0x0800025c   0x00000002   Code   RO         1793    .ARM.Collect$$libinit$$00000000  c_w.l(libinit.o)
    0x0800025e   0x0800025e   0x00000000   Code   RO         1644    .ARM.Collect$$libinit$$00000002  c_w.l(libinit2.o)
    0x0800025e   0x0800025e   0x00000000   Code   RO         1646    .ARM.Collect$$libinit$$00000004  c_w.l(libinit2.o)
    0x0800025e   0x0800025e   0x00000000   Code   RO         1648    .ARM.Collect$$libinit$$00000006  c_w.l(libinit2.o)
    0x0800025e   0x0800025e   0x00000000   Code   RO         1651    .ARM.Collect$$libinit$$0000000C  c_w.l(libinit2.o)
    0x0800025e   0x0800025e   0x00000000   Code   RO         1653    .ARM.Collect$$libinit$$0000000E  c_w.l(libinit2.o)
    0x0800025e   0x0800025e   0x00000000   Code   RO         1655    .ARM.Collect$$libinit$$00000010  c_w.l(libinit2.o)
    0x0800025e   0x0800025e   0x00000006   Code   RO         1656    .ARM.Collect$$libinit$$00000011  c_w.l(libinit2.o)
    0x08000264   0x08000264   0x00000000   Code   RO         1658    .ARM.Collect$$libinit$$00000013  c_w.l(libinit2.o)
    0x08000264   0x08000264   0x0000000c   Code   RO         1659    .ARM.Collect$$libinit$$00000014  c_w.l(libinit2.o)
    0x08000270   0x08000270   0x00000000   Code   RO         1660    .ARM.Collect$$libinit$$00000015  c_w.l(libinit2.o)
    0x08000270   0x08000270   0x00000000   Code   RO         1662    .ARM.Collect$$libinit$$00000017  c_w.l(libinit2.o)
    0x08000270   0x08000270   0x0000000a   Code   RO         1663    .ARM.Collect$$libinit$$00000018  c_w.l(libinit2.o)
    0x0800027a   0x0800027a   0x00000000   Code   RO         1664    .ARM.Collect$$libinit$$00000019  c_w.l(libinit2.o)
    0x0800027a   0x0800027a   0x00000000   Code   RO         1666    .ARM.Collect$$libinit$$0000001B  c_w.l(libinit2.o)
    0x0800027a   0x0800027a   0x00000000   Code   RO         1668    .ARM.Collect$$libinit$$0000001D  c_w.l(libinit2.o)
    0x0800027a   0x0800027a   0x00000000   Code   RO         1670    .ARM.Collect$$libinit$$0000001F  c_w.l(libinit2.o)
    0x0800027a   0x0800027a   0x00000000   Code   RO         1672    .ARM.Collect$$libinit$$00000021  c_w.l(libinit2.o)
    0x0800027a   0x0800027a   0x00000000   Code   RO         1674    .ARM.Collect$$libinit$$00000023  c_w.l(libinit2.o)
    0x0800027a   0x0800027a   0x00000000   Code   RO         1676    .ARM.Collect$$libinit$$00000025  c_w.l(libinit2.o)
    0x0800027a   0x0800027a   0x00000000   Code   RO         1678    .ARM.Collect$$libinit$$00000027  c_w.l(libinit2.o)
    0x0800027a   0x0800027a   0x00000000   Code   RO         1682    .ARM.Collect$$libinit$$0000002E  c_w.l(libinit2.o)
    0x0800027a   0x0800027a   0x00000000   Code   RO         1684    .ARM.Collect$$libinit$$00000030  c_w.l(libinit2.o)
    0x0800027a   0x0800027a   0x00000000   Code   RO         1686    .ARM.Collect$$libinit$$00000032  c_w.l(libinit2.o)
    0x0800027a   0x0800027a   0x00000004   Code   RO         1687    .ARM.Collect$$libinit$$00000033  c_w.l(libinit2.o)
    0x0800027e   0x0800027e   0x00000000   Code   RO         1688    .ARM.Collect$$libinit$$00000034  c_w.l(libinit2.o)
    0x0800027e   0x0800027e   0x00000002   Code   RO         1689    .ARM.Collect$$libinit$$00000035  c_w.l(libinit2.o)
    0x08000280   0x08000280   0x00000002   Code   RO         1849    .ARM.Collect$$libshutdown$$00000000  c_w.l(libshutdown.o)
    0x08000282   0x08000282   0x00000000   Code   RO         1857    .ARM.Collect$$libshutdown$$00000002  c_w.l(libshutdown2.o)
    0x08000282   0x08000282   0x00000000   Code   RO         1859    .ARM.Collect$$libshutdown$$00000004  c_w.l(libshutdown2.o)
    0x08000282   0x08000282   0x00000000   Code   RO         1862    .ARM.Collect$$libshutdown$$00000007  c_w.l(libshutdown2.o)
    0x08000282   0x08000282   0x00000000   Code   RO         1865    .ARM.Collect$$libshutdown$$0000000A  c_w.l(libshutdown2.o)
    0x08000282   0x08000282   0x00000000   Code   RO         1867    .ARM.Collect$$libshutdown$$0000000C  c_w.l(libshutdown2.o)
    0x08000282   0x08000282   0x00000000   Code   RO         1870    .ARM.Collect$$libshutdown$$0000000F  c_w.l(libshutdown2.o)
    0x08000282   0x08000282   0x00000002   Code   RO         1871    .ARM.Collect$$libshutdown$$00000010  c_w.l(libshutdown2.o)
    0x08000284   0x08000284   0x00000000   Code   RO         1551    .ARM.Collect$$rtentry$$00000000  c_w.l(__rtentry.o)
    0x08000284   0x08000284   0x00000000   Code   RO         1703    .ARM.Collect$$rtentry$$00000002  c_w.l(__rtentry2.o)
    0x08000284   0x08000284   0x00000006   Code   RO         1715    .ARM.Collect$$rtentry$$00000004  c_w.l(__rtentry4.o)
    0x0800028a   0x0800028a   0x00000000   Code   RO         1705    .ARM.Collect$$rtentry$$00000009  c_w.l(__rtentry2.o)
    0x0800028a   0x0800028a   0x00000004   Code   RO         1706    .ARM.Collect$$rtentry$$0000000A  c_w.l(__rtentry2.o)
    0x0800028e   0x0800028e   0x00000000   Code   RO         1708    .ARM.Collect$$rtentry$$0000000C  c_w.l(__rtentry2.o)
    0x0800028e   0x0800028e   0x00000008   Code   RO         1709    .ARM.Collect$$rtentry$$0000000D  c_w.l(__rtentry2.o)
    0x08000296   0x08000296   0x00000002   Code   RO         1806    .ARM.Collect$$rtexit$$00000000  c_w.l(rtexit.o)
    0x08000298   0x08000298   0x00000000   Code   RO         1825    .ARM.Collect$$rtexit$$00000002  c_w.l(rtexit2.o)
    0x08000298   0x08000298   0x00000004   Code   RO         1826    .ARM.Collect$$rtexit$$00000003  c_w.l(rtexit2.o)
    0x0800029c   0x0800029c   0x00000006   Code   RO         1827    .ARM.Collect$$rtexit$$00000004  c_w.l(rtexit2.o)
    0x080002a2   0x080002a2   0x00000002   PAD
    0x080002a4   0x080002a4   0x00000040   Code   RO            4    .text               startup_stm32f103xb.o
    0x080002e4   0x080002e4   0x0000002c   Code   RO         1537    .text               c_w.l(sprintf.o)
    0x08000310   0x08000310   0x0000004e   Code   RO         1539    .text               c_w.l(rt_memclr_w.o)
    0x0800035e   0x0800035e   0x00000006   Code   RO         1541    .text               c_w.l(heapauxi.o)
    0x08000364   0x08000364   0x0000002c   Code   RO         1548    .text               c_w.l(init_aeabi.o)
    0x08000390   0x08000390   0x0000004e   Code   RO         1554    .text               c_w.l(_printf_pad.o)
    0x080003de   0x080003de   0x00000024   Code   RO         1556    .text               c_w.l(_printf_truncate.o)
    0x08000402   0x08000402   0x00000052   Code   RO         1558    .text               c_w.l(_printf_str.o)
    0x08000454   0x08000454   0x00000078   Code   RO         1560    .text               c_w.l(_printf_dec.o)
    0x080004cc   0x080004cc   0x00000028   Code   RO         1562    .text               c_w.l(_printf_charcount.o)
    0x080004f4   0x080004f4   0x00000030   Code   RO         1564    .text               c_w.l(_printf_char_common.o)
    0x08000524   0x08000524   0x0000000a   Code   RO         1566    .text               c_w.l(_sputc.o)
    0x0800052e   0x0800052e   0x00000002   PAD
    0x08000530   0x08000530   0x000000bc   Code   RO         1568    .text               c_w.l(_printf_wctomb.o)
    0x080005ec   0x080005ec   0x0000007c   Code   RO         1571    .text               c_w.l(_printf_longlong_dec.o)
    0x08000668   0x08000668   0x00000070   Code   RO         1577    .text               c_w.l(_printf_oct_int_ll.o)
    0x080006d8   0x080006d8   0x00000094   Code   RO         1597    .text               c_w.l(_printf_hex_int_ll_ptr.o)
    0x0800076c   0x0800076c   0x00000188   Code   RO         1617    .text               c_w.l(__printf_flags_ss_wp.o)
    0x080008f4   0x080008f4   0x0000008a   Code   RO         1717    .text               c_w.l(lludiv10.o)
    0x0800097e   0x0800097e   0x000000b2   Code   RO         1719    .text               c_w.l(_printf_intcommon.o)
    0x08000a30   0x08000a30   0x0000041c   Code   RO         1721    .text               c_w.l(_printf_fp_dec.o)
    0x08000e4c   0x08000e4c   0x000002fc   Code   RO         1725    .text               c_w.l(_printf_fp_hex.o)
    0x08001148   0x08001148   0x0000002c   Code   RO         1730    .text               c_w.l(_printf_char.o)
    0x08001174   0x08001174   0x0000002c   Code   RO         1732    .text               c_w.l(_printf_wchar.o)
    0x080011a0   0x080011a0   0x00000048   Code   RO         1735    .text               c_w.l(_c16rtomb.o)
    0x080011e8   0x080011e8   0x0000004a   Code   RO         1741    .text               c_w.l(sys_stackheap_outer.o)
    0x08001232   0x08001232   0x00000002   PAD
    0x08001234   0x08001234   0x00000010   Code   RO         1743    .text               c_w.l(rt_ctype_table.o)
    0x08001244   0x08001244   0x00000008   Code   RO         1748    .text               c_w.l(rt_locale_intlibspace.o)
    0x0800124c   0x0800124c   0x00000080   Code   RO         1750    .text               c_w.l(_printf_fp_infnan.o)
    0x080012cc   0x080012cc   0x000000e4   Code   RO         1752    .text               c_w.l(bigflt0.o)
    0x080013b0   0x080013b0   0x00000012   Code   RO         1782    .text               c_w.l(exit.o)
    0x080013c2   0x080013c2   0x00000002   PAD
    0x080013c4   0x080013c4   0x00000008   Code   RO         1803    .text               c_w.l(libspace.o)
    0x080013cc   0x080013cc   0x00000080   Code   RO         1819    .text               c_w.l(strcmpv7m.o)
    0x0800144c   0x0800144c   0x00000002   Code   RO         1821    .text               c_w.l(use_no_semi.o)
    0x0800144e   0x0800144e   0x00000000   Code   RO         1823    .text               c_w.l(indicate_semi.o)
    0x0800144e   0x0800144e   0x00000002   PAD
    0x08001450   0x08001450   0x0000000c   Code   RO         1839    .text               c_w.l(sys_exit.o)
    0x0800145c   0x0800145c   0x00000004   Code   RO           65    .text.BusFault_Handler  stm32f1xx_it.o
    0x08001460   0x08001460   0x0000005c   Code   RO          155    .text.CDC_Control_FS  usbd_cdc_if.o
    0x080014bc   0x080014bc   0x00000004   Code   RO          153    .text.CDC_DeInit_FS  usbd_cdc_if.o
    0x080014c0   0x080014c0   0x00000032   Code   RO          151    .text.CDC_Init_FS   usbd_cdc_if.o
    0x080014f2   0x080014f2   0x00000002   PAD
    0x080014f4   0x080014f4   0x0000002e   Code   RO          157    .text.CDC_Receive_FS  usbd_cdc_if.o
    0x08001522   0x08001522   0x00000002   PAD
    0x08001524   0x08001524   0x00000060   Code   RO          159    .text.CDC_Transmit_FS  usbd_cdc_if.o
    0x08001584   0x08001584   0x0000005c   Code   RO         1474    .text.DWT_Delay_Init  dwt_stm32_delay.o
    0x080015e0   0x080015e0   0x00000002   Code   RO           71    .text.DebugMon_Handler  stm32f1xx_it.o
    0x080015e2   0x080015e2   0x00000002   PAD
    0x080015e4   0x080015e4   0x0000000a   Code   RO           79    .text.EXTI1_IRQHandler  stm32f1xx_it.o
    0x080015ee   0x080015ee   0x00000002   PAD
    0x080015f0   0x080015f0   0x0000000e   Code   RO           35    .text.Error_Handler  main.o
    0x080015fe   0x080015fe   0x00000002   PAD
    0x08001600   0x08001600   0x0000005c   Code   RO          134    .text.Get_SerialNum  usbd_desc.o
    0x0800165c   0x0800165c   0x0000011c   Code   RO          567    .text.HAL_DMA_Abort_IT  stm32f1xx_hal_dma.o
    0x08001778   0x08001778   0x0000000e   Code   RO          577    .text.HAL_DMA_GetState  stm32f1xx_hal_dma.o
    0x08001786   0x08001786   0x00000002   PAD
    0x08001788   0x08001788   0x0000000a   Code   RO           17    .text.HAL_GPIO_EXTI_Callback  main.o
    0x08001792   0x08001792   0x00000002   PAD
    0x08001794   0x08001794   0x00000038   Code   RO          544    .text.HAL_GPIO_EXTI_IRQHandler  stm32f1xx_hal_gpio.o
    0x080017cc   0x080017cc   0x0000031e   Code   RO          532    .text.HAL_GPIO_Init  stm32f1xx_hal_gpio.o
    0x08001aea   0x08001aea   0x00000002   PAD
    0x08001aec   0x08001aec   0x0000002e   Code   RO          536    .text.HAL_GPIO_ReadPin  stm32f1xx_hal_gpio.o
    0x08001b1a   0x08001b1a   0x00000002   PAD
    0x08001b1c   0x08001b1c   0x00000026   Code   RO          540    .text.HAL_GPIO_TogglePin  stm32f1xx_hal_gpio.o
    0x08001b42   0x08001b42   0x00000002   PAD
    0x08001b44   0x08001b44   0x0000002e   Code   RO          538    .text.HAL_GPIO_WritePin  stm32f1xx_hal_gpio.o
    0x08001b72   0x08001b72   0x00000002   PAD
    0x08001b74   0x08001b74   0x0000000c   Code   RO          430    .text.HAL_GetTick   stm32f1xx_hal.o
    0x08001b80   0x08001b80   0x00000008   Code   RO          944    .text.HAL_I2C_AbortCpltCallback  stm32f1xx_hal_i2c.o
    0x08001b88   0x08001b88   0x00000010   Code   RO          934    .text.HAL_I2C_AddrCallback  stm32f1xx_hal_i2c.o
    0x08001b98   0x08001b98   0x00000186   Code   RO          922    .text.HAL_I2C_ER_IRQHandler  stm32f1xx_hal_i2c.o
    0x08001d1e   0x08001d1e   0x00000002   PAD
    0x08001d20   0x08001d20   0x000003ca   Code   RO          890    .text.HAL_I2C_EV_IRQHandler  stm32f1xx_hal_i2c.o
    0x080020ea   0x080020ea   0x00000002   PAD
    0x080020ec   0x080020ec   0x00000008   Code   RO          942    .text.HAL_I2C_ErrorCallback  stm32f1xx_hal_i2c.o
    0x080020f4   0x080020f4   0x000002a4   Code   RO          796    .text.HAL_I2C_Init  stm32f1xx_hal_i2c.o
    0x08002398   0x08002398   0x00000008   Code   RO          936    .text.HAL_I2C_ListenCpltCallback  stm32f1xx_hal_i2c.o
    0x080023a0   0x080023a0   0x00000008   Code   RO          928    .text.HAL_I2C_MasterRxCpltCallback  stm32f1xx_hal_i2c.o
    0x080023a8   0x080023a8   0x00000008   Code   RO          926    .text.HAL_I2C_MasterTxCpltCallback  stm32f1xx_hal_i2c.o
    0x080023b0   0x080023b0   0x00000208   Code   RO          804    .text.HAL_I2C_Master_Transmit  stm32f1xx_hal_i2c.o
    0x080025b8   0x080025b8   0x00000008   Code   RO          940    .text.HAL_I2C_MemRxCpltCallback  stm32f1xx_hal_i2c.o
    0x080025c0   0x080025c0   0x00000008   Code   RO          938    .text.HAL_I2C_MemTxCpltCallback  stm32f1xx_hal_i2c.o
    0x080025c8   0x080025c8   0x00000210   Code   RO          846    .text.HAL_I2C_Mem_Write  stm32f1xx_hal_i2c.o
    0x080027d8   0x080027d8   0x000000a4   Code   RO           96    .text.HAL_I2C_MspInit  stm32f1xx_hal_msp.o
    0x0800287c   0x0800287c   0x00000008   Code   RO          932    .text.HAL_I2C_SlaveRxCpltCallback  stm32f1xx_hal_i2c.o
    0x08002884   0x08002884   0x00000008   Code   RO          930    .text.HAL_I2C_SlaveTxCpltCallback  stm32f1xx_hal_i2c.o
    0x0800288c   0x0800288c   0x00000090   Code   RO          967    .text.HAL_IWDG_Init  stm32f1xx_hal_iwdg.o
    0x0800291c   0x0800291c   0x00000014   Code   RO          969    .text.HAL_IWDG_Refresh  stm32f1xx_hal_iwdg.o
    0x08002930   0x08002930   0x0000001a   Code   RO          428    .text.HAL_IncTick   stm32f1xx_hal.o
    0x0800294a   0x0800294a   0x00000002   PAD
    0x0800294c   0x0800294c   0x00000026   Code   RO          418    .text.HAL_Init      stm32f1xx_hal.o
    0x08002972   0x08002972   0x00000002   PAD
    0x08002974   0x08002974   0x00000070   Code   RO          420    .text.HAL_InitTick  stm32f1xx_hal.o
    0x080029e4   0x080029e4   0x00000078   Code   RO           94    .text.HAL_MspInit   stm32f1xx_hal_msp.o
    0x08002a5c   0x08002a5c   0x00000014   Code   RO          600    .text.HAL_NVIC_EnableIRQ  stm32f1xx_hal_cortex.o
    0x08002a70   0x08002a70   0x00000032   Code   RO          592    .text.HAL_NVIC_SetPriority  stm32f1xx_hal_cortex.o
    0x08002aa2   0x08002aa2   0x00000002   PAD
    0x08002aa4   0x08002aa4   0x00000010   Code   RO          588    .text.HAL_NVIC_SetPriorityGrouping  stm32f1xx_hal_cortex.o
    0x08002ab4   0x08002ab4   0x0000007a   Code   RO          340    .text.HAL_PCDEx_PMAConfig  stm32f1xx_hal_pcd_ex.o
    0x08002b2e   0x08002b2e   0x00000002   PAD
    0x08002b30   0x08002b30   0x0000001a   Code   RO          235    .text.HAL_PCDEx_SetConnectionState  usbd_conf.o
    0x08002b4a   0x08002b4a   0x00000002   PAD
    0x08002b4c   0x08002b4c   0x00000026   Code   RO          181    .text.HAL_PCD_DataInStageCallback  usbd_conf.o
    0x08002b72   0x08002b72   0x00000002   PAD
    0x08002b74   0x08002b74   0x00000028   Code   RO          179    .text.HAL_PCD_DataOutStageCallback  usbd_conf.o
    0x08002b9c   0x08002b9c   0x000000a8   Code   RO          307    .text.HAL_PCD_EP_Close  stm32f1xx_hal_pcd.o
    0x08002c44   0x08002c44   0x000000c8   Code   RO          317    .text.HAL_PCD_EP_ClrStall  stm32f1xx_hal_pcd.o
    0x08002d0c   0x08002d0c   0x000001fc   Code   RO          329    .text.HAL_PCD_EP_DB_Receive  stm32f1xx_hal_pcd.o
    0x08002f08   0x08002f08   0x0000074c   Code   RO          331    .text.HAL_PCD_EP_DB_Transmit  stm32f1xx_hal_pcd.o
    0x08003654   0x08003654   0x00000022   Code   RO          311    .text.HAL_PCD_EP_GetRxCount  stm32f1xx_hal_pcd.o
    0x08003676   0x08003676   0x00000002   PAD
    0x08003678   0x08003678   0x000000da   Code   RO          305    .text.HAL_PCD_EP_Open  stm32f1xx_hal_pcd.o
    0x08003752   0x08003752   0x00000002   PAD
    0x08003754   0x08003754   0x0000005a   Code   RO          309    .text.HAL_PCD_EP_Receive  stm32f1xx_hal_pcd.o
    0x080037ae   0x080037ae   0x00000002   PAD
    0x080037b0   0x080037b0   0x000000dc   Code   RO          315    .text.HAL_PCD_EP_SetStall  stm32f1xx_hal_pcd.o
    0x0800388c   0x0800388c   0x00000066   Code   RO          313    .text.HAL_PCD_EP_Transmit  stm32f1xx_hal_pcd.o
    0x080038f2   0x080038f2   0x00000002   PAD
    0x080038f4   0x080038f4   0x00000204   Code   RO          271    .text.HAL_PCD_IRQHandler  stm32f1xx_hal_pcd.o
    0x08003af8   0x08003af8   0x00000204   Code   RO          259    .text.HAL_PCD_Init  stm32f1xx_hal_pcd.o
    0x08003cfc   0x08003cfc   0x0000004e   Code   RO          173    .text.HAL_PCD_MspInit  usbd_conf.o
    0x08003d4a   0x08003d4a   0x00000002   PAD
    0x08003d4c   0x08003d4c   0x00000038   Code   RO          185    .text.HAL_PCD_ResetCallback  usbd_conf.o
    0x08003d84   0x08003d84   0x00000014   Code   RO          189    .text.HAL_PCD_ResumeCallback  usbd_conf.o
    0x08003d98   0x08003d98   0x00000014   Code   RO          183    .text.HAL_PCD_SOFCallback  usbd_conf.o
    0x08003dac   0x08003dac   0x0000005c   Code   RO          277    .text.HAL_PCD_SetAddress  stm32f1xx_hal_pcd.o
    0x08003e08   0x08003e08   0x00000018   Code   RO          177    .text.HAL_PCD_SetupStageCallback  usbd_conf.o
    0x08003e20   0x08003e20   0x0000005c   Code   RO          267    .text.HAL_PCD_Start  stm32f1xx_hal_pcd.o
    0x08003e7c   0x08003e7c   0x0000002e   Code   RO          187    .text.HAL_PCD_SuspendCallback  usbd_conf.o
    0x08003eaa   0x08003eaa   0x00000002   PAD
    0x08003eac   0x08003eac   0x000001c8   Code   RO          517    .text.HAL_RCCEx_PeriphCLKConfig  stm32f1xx_hal_rcc_ex.o
    0x08004074   0x08004074   0x00000002   Code   RO          506    .text.HAL_RCC_CSSCallback  stm32f1xx_hal_rcc.o
    0x08004076   0x08004076   0x00000002   PAD
    0x08004078   0x08004078   0x00000256   Code   RO          484    .text.HAL_RCC_ClockConfig  stm32f1xx_hal_rcc.o
    0x080042ce   0x080042ce   0x00000002   PAD
    0x080042d0   0x080042d0   0x0000000c   Code   RO          490    .text.HAL_RCC_EnableCSS  stm32f1xx_hal_rcc.o
    0x080042dc   0x080042dc   0x0000000c   Code   RO          494    .text.HAL_RCC_GetHCLKFreq  stm32f1xx_hal_rcc.o
    0x080042e8   0x080042e8   0x00000022   Code   RO          496    .text.HAL_RCC_GetPCLK1Freq  stm32f1xx_hal_rcc.o
    0x0800430a   0x0800430a   0x00000002   PAD
    0x0800430c   0x0800430c   0x000000bc   Code   RO          486    .text.HAL_RCC_GetSysClockFreq  stm32f1xx_hal_rcc.o
    0x080043c8   0x080043c8   0x00000028   Code   RO          504    .text.HAL_RCC_NMI_IRQHandler  stm32f1xx_hal_rcc.o
    0x080043f0   0x080043f0   0x0000067a   Code   RO          480    .text.HAL_RCC_OscConfig  stm32f1xx_hal_rcc.o
    0x08004a6a   0x08004a6a   0x00000002   PAD
    0x08004a6c   0x08004a6c   0x00000010   Code   RO          612    .text.HAL_SYSTICK_Config  stm32f1xx_hal_cortex.o
    0x08004a7c   0x08004a7c   0x000000dc   Code   RO         1291    .text.HAL_TIMEx_MasterConfigSynchronization  stm32f1xx_hal_tim_ex.o
    0x08004b58   0x08004b58   0x0000009c   Code   RO          978    .text.HAL_TIM_Base_Init  stm32f1xx_hal_tim.o
    0x08004bf4   0x08004bf4   0x0000003a   Code   RO          100    .text.HAL_TIM_Base_MspInit  stm32f1xx_hal_msp.o
    0x08004c2e   0x08004c2e   0x00000002   PAD
    0x08004c30   0x08004c30   0x000000b0   Code   RO          992    .text.HAL_TIM_Base_Start_IT  stm32f1xx_hal_tim.o
    0x08004ce0   0x08004ce0   0x00000184   Code   RO         1170    .text.HAL_TIM_ConfigClockSource  stm32f1xx_hal_tim.o
    0x08004e64   0x08004e64   0x00000004   Code   RO           61    .text.HardFault_Handler  stm32f1xx_it.o
    0x08004e68   0x08004e68   0x00000010   Code   RO           85    .text.I2C1_ER_IRQHandler  stm32f1xx_it.o
    0x08004e78   0x08004e78   0x00000010   Code   RO           83    .text.I2C1_EV_IRQHandler  stm32f1xx_it.o
    0x08004e88   0x08004e88   0x00000034   Code   RO          892    .text.I2C_ConvertOtherXferOptions  stm32f1xx_hal_i2c.o
    0x08004ebc   0x08004ebc   0x00000156   Code   RO          876    .text.I2C_DMAAbort  stm32f1xx_hal_i2c.o
    0x08005012   0x08005012   0x00000002   PAD
    0x08005014   0x08005014   0x00000024   Code   RO          952    .text.I2C_Flush_DR  stm32f1xx_hal_i2c.o
    0x08005038   0x08005038   0x0000027a   Code   RO          888    .text.I2C_ITError   stm32f1xx_hal_i2c.o
    0x080052b2   0x080052b2   0x00000002   PAD
    0x080052b4   0x080052b4   0x00000064   Code   RO          958    .text.I2C_IsAcknowledgeFailed  stm32f1xx_hal_i2c.o
    0x08005318   0x08005318   0x000001ac   Code   RO          908    .text.I2C_MasterReceive_BTF  stm32f1xx_hal_i2c.o
    0x080054c4   0x080054c4   0x0000016a   Code   RO          906    .text.I2C_MasterReceive_RXNE  stm32f1xx_hal_i2c.o
    0x0800562e   0x0800562e   0x00000002   PAD
    0x08005630   0x08005630   0x00000112   Code   RO          808    .text.I2C_MasterRequestWrite  stm32f1xx_hal_i2c.o
    0x08005742   0x08005742   0x00000002   PAD
    0x08005744   0x08005744   0x000000de   Code   RO          902    .text.I2C_MasterTransmit_BTF  stm32f1xx_hal_i2c.o
    0x08005822   0x08005822   0x00000002   PAD
    0x08005824   0x08005824   0x0000013e   Code   RO          900    .text.I2C_MasterTransmit_TXE  stm32f1xx_hal_i2c.o
    0x08005962   0x08005962   0x00000002   PAD
    0x08005964   0x08005964   0x00000046   Code   RO          896    .text.I2C_Master_ADD10  stm32f1xx_hal_i2c.o
    0x080059aa   0x080059aa   0x00000002   PAD
    0x080059ac   0x080059ac   0x00000358   Code   RO          898    .text.I2C_Master_ADDR  stm32f1xx_hal_i2c.o
    0x08005d04   0x08005d04   0x000000f0   Code   RO          894    .text.I2C_Master_SB  stm32f1xx_hal_i2c.o
    0x08005df4   0x08005df4   0x00000128   Code   RO          904    .text.I2C_MemoryTransmit_TXE_BTF  stm32f1xx_hal_i2c.o
    0x08005f1c   0x08005f1c   0x0000013a   Code   RO          848    .text.I2C_RequestMemoryWrite  stm32f1xx_hal_i2c.o
    0x08006056   0x08006056   0x00000002   PAD
    0x08006058   0x08006058   0x0000002e   Code   RO          920    .text.I2C_SlaveReceive_BTF  stm32f1xx_hal_i2c.o
    0x08006086   0x08006086   0x00000002   PAD
    0x08006088   0x08006088   0x0000006e   Code   RO          918    .text.I2C_SlaveReceive_RXNE  stm32f1xx_hal_i2c.o
    0x080060f6   0x080060f6   0x00000002   PAD
    0x080060f8   0x080060f8   0x0000002c   Code   RO          916    .text.I2C_SlaveTransmit_BTF  stm32f1xx_hal_i2c.o
    0x08006124   0x08006124   0x0000006c   Code   RO          914    .text.I2C_SlaveTransmit_TXE  stm32f1xx_hal_i2c.o
    0x08006190   0x08006190   0x000000ae   Code   RO          910    .text.I2C_Slave_ADDR  stm32f1xx_hal_i2c.o
    0x0800623e   0x0800623e   0x00000002   PAD
    0x08006240   0x08006240   0x000000e4   Code   RO          924    .text.I2C_Slave_AF  stm32f1xx_hal_i2c.o
    0x08006324   0x08006324   0x0000024a   Code   RO          912    .text.I2C_Slave_STOPF  stm32f1xx_hal_i2c.o
    0x0800656e   0x0800656e   0x00000002   PAD
    0x08006570   0x08006570   0x000000ac   Code   RO          812    .text.I2C_WaitOnBTFFlagUntilTimeout  stm32f1xx_hal_i2c.o
    0x0800661c   0x0800661c   0x00000108   Code   RO          806    .text.I2C_WaitOnFlagUntilTimeout  stm32f1xx_hal_i2c.o
    0x08006724   0x08006724   0x00000154   Code   RO          956    .text.I2C_WaitOnMasterAddressFlagUntilTimeout  stm32f1xx_hal_i2c.o
    0x08006878   0x08006878   0x00000078   Code   RO          954    .text.I2C_WaitOnSTOPRequestThroughIT  stm32f1xx_hal_i2c.o
    0x080068f0   0x080068f0   0x000000a8   Code   RO          810    .text.I2C_WaitOnTXEFlagUntilTimeout  stm32f1xx_hal_i2c.o
    0x08006998   0x08006998   0x0000007a   Code   RO          136    .text.IntToUnicode  usbd_desc.o
    0x08006a12   0x08006a12   0x00000002   PAD
    0x08006a14   0x08006a14   0x00000076   Code   RO          111    .text.MX_USB_DEVICE_Init  usb_device.o
    0x08006a8a   0x08006a8a   0x00000002   PAD
    0x08006a8c   0x08006a8c   0x00000004   Code   RO           63    .text.MemManage_Handler  stm32f1xx_it.o
    0x08006a90   0x08006a90   0x0000000a   Code   RO           59    .text.NMI_Handler   stm32f1xx_it.o
    0x08006a9a   0x08006a9a   0x00000002   PAD
    0x08006a9c   0x08006a9c   0x0000006c   Code   RO          598    .text.NVIC_EncodePriority  stm32f1xx_hal_cortex.o
    0x08006b08   0x08006b08   0x0000070c   Code   RO          273    .text.PCD_EP_ISR_Handler  stm32f1xx_hal_pcd.o
    0x08007214   0x08007214   0x00000002   Code   RO           73    .text.PendSV_Handler  stm32f1xx_it.o
    0x08007216   0x08007216   0x00000002   PAD
    0x08007218   0x08007218   0x0000003a   Code   RO          482    .text.RCC_Delay     stm32f1xx_hal_rcc.o
    0x08007252   0x08007252   0x00000002   PAD
    0x08007254   0x08007254   0x00000002   Code   RO           77    .text.RCC_IRQHandler  stm32f1xx_it.o
    0x08007256   0x08007256   0x00000002   PAD
    0x08007258   0x08007258   0x00000002   Code   RO           69    .text.SVC_Handler   stm32f1xx_it.o
    0x0800725a   0x0800725a   0x00000002   PAD
    0x0800725c   0x0800725c   0x00000052   Code   RO          614    .text.SysTick_Config  stm32f1xx_hal_cortex.o
    0x080072ae   0x080072ae   0x00000002   PAD
    0x080072b0   0x080072b0   0x00000008   Code   RO           75    .text.SysTick_Handler  stm32f1xx_it.o
    0x080072b8   0x080072b8   0x00000002   Code   RO         1314    .text.SystemInit    system_stm32f1xx.o
    0x080072ba   0x080072ba   0x00000002   PAD
    0x080072bc   0x080072bc   0x00000106   Code   RO          982    .text.TIM_Base_SetConfig  stm32f1xx_hal_tim.o
    0x080073c2   0x080073c2   0x00000002   PAD
    0x080073c4   0x080073c4   0x00000034   Code   RO         1168    .text.TIM_ETR_SetConfig  stm32f1xx_hal_tim.o
    0x080073f8   0x080073f8   0x0000002a   Code   RO         1174    .text.TIM_ITRx_SetConfig  stm32f1xx_hal_tim.o
    0x08007422   0x08007422   0x00000002   PAD
    0x08007424   0x08007424   0x00000050   Code   RO         1172    .text.TIM_TI1_ConfigInputStage  stm32f1xx_hal_tim.o
    0x08007474   0x08007474   0x00000052   Code   RO         1176    .text.TIM_TI2_ConfigInputStage  stm32f1xx_hal_tim.o
    0x080074c6   0x080074c6   0x00000002   PAD
    0x080074c8   0x080074c8   0x0000009e   Code   RO         1440    .text.USBD_CDC_DataIn  usbd_cdc.o
    0x08007566   0x08007566   0x00000002   PAD
    0x08007568   0x08007568   0x00000058   Code   RO         1442    .text.USBD_CDC_DataOut  usbd_cdc.o
    0x080075c0   0x080075c0   0x0000006e   Code   RO         1434    .text.USBD_CDC_DeInit  usbd_cdc.o
    0x0800762e   0x0800762e   0x00000002   PAD
    0x08007630   0x08007630   0x00000048   Code   RO         1438    .text.USBD_CDC_EP0_RxReady  usbd_cdc.o
    0x08007678   0x08007678   0x00000016   Code   RO         1450    .text.USBD_CDC_GetDeviceQualifierDescriptor  usbd_cdc.o
    0x0800768e   0x0800768e   0x00000002   PAD
    0x08007690   0x08007690   0x00000016   Code   RO         1446    .text.USBD_CDC_GetFSCfgDesc  usbd_cdc.o
    0x080076a6   0x080076a6   0x00000002   PAD
    0x080076a8   0x080076a8   0x00000016   Code   RO         1444    .text.USBD_CDC_GetHSCfgDesc  usbd_cdc.o
    0x080076be   0x080076be   0x00000002   PAD
    0x080076c0   0x080076c0   0x00000016   Code   RO         1448    .text.USBD_CDC_GetOtherSpeedCfgDesc  usbd_cdc.o
    0x080076d6   0x080076d6   0x00000002   PAD
    0x080076d8   0x080076d8   0x000000fc   Code   RO         1432    .text.USBD_CDC_Init  usbd_cdc.o
    0x080077d4   0x080077d4   0x0000005e   Code   RO         1460    .text.USBD_CDC_ReceivePacket  usbd_cdc.o
    0x08007832   0x08007832   0x00000002   PAD
    0x08007834   0x08007834   0x0000002a   Code   RO         1452    .text.USBD_CDC_RegisterInterface  usbd_cdc.o
    0x0800785e   0x0800785e   0x00000002   PAD
    0x08007860   0x08007860   0x0000001c   Code   RO         1456    .text.USBD_CDC_SetRxBuffer  usbd_cdc.o
    0x0800787c   0x0800787c   0x0000002a   Code   RO         1454    .text.USBD_CDC_SetTxBuffer  usbd_cdc.o
    0x080078a6   0x080078a6   0x00000002   PAD
    0x080078a8   0x080078a8   0x0000015e   Code   RO         1436    .text.USBD_CDC_Setup  usbd_cdc.o
    0x08007a06   0x08007a06   0x00000002   PAD
    0x08007a08   0x08007a08   0x00000066   Code   RO         1458    .text.USBD_CDC_TransmitPacket  usbd_cdc.o
    0x08007a6e   0x08007a6e   0x00000002   PAD
    0x08007a70   0x08007a70   0x0000001e   Code   RO         1342    .text.USBD_ClrClassConfig  usbd_core.o
    0x08007a8e   0x08007a8e   0x00000002   PAD
    0x08007a90   0x08007a90   0x00000040   Code   RO         1389    .text.USBD_ClrFeature  usbd_ctlreq.o
    0x08007ad0   0x08007ad0   0x00000022   Code   RO         1417    .text.USBD_CtlContinueRx  usbd_ioreq.o
    0x08007af2   0x08007af2   0x00000002   PAD
    0x08007af4   0x08007af4   0x00000022   Code   RO         1413    .text.USBD_CtlContinueSendData  usbd_ioreq.o
    0x08007b16   0x08007b16   0x00000002   PAD
    0x08007b18   0x08007b18   0x0000001c   Code   RO         1391    .text.USBD_CtlError  usbd_ctlreq.o
    0x08007b34   0x08007b34   0x0000003e   Code   RO         1415    .text.USBD_CtlPrepareRx  usbd_ioreq.o
    0x08007b72   0x08007b72   0x00000002   PAD
    0x08007b74   0x08007b74   0x00000022   Code   RO         1421    .text.USBD_CtlReceiveStatus  usbd_ioreq.o
    0x08007b96   0x08007b96   0x00000002   PAD
    0x08007b98   0x08007b98   0x0000003a   Code   RO         1411    .text.USBD_CtlSendData  usbd_ioreq.o
    0x08007bd2   0x08007bd2   0x00000002   PAD
    0x08007bd4   0x08007bd4   0x00000022   Code   RO         1419    .text.USBD_CtlSendStatus  usbd_ioreq.o
    0x08007bf6   0x08007bf6   0x00000002   PAD
    0x08007bf8   0x08007bf8   0x0000004e   Code   RO          130    .text.USBD_FS_ConfigStrDescriptor  usbd_desc.o
    0x08007c46   0x08007c46   0x00000002   PAD
    0x08007c48   0x08007c48   0x0000001a   Code   RO          120    .text.USBD_FS_DeviceDescriptor  usbd_desc.o
    0x08007c62   0x08007c62   0x00000002   PAD
    0x08007c64   0x08007c64   0x0000004e   Code   RO          132    .text.USBD_FS_InterfaceStrDescriptor  usbd_desc.o
    0x08007cb2   0x08007cb2   0x00000002   PAD
    0x08007cb4   0x08007cb4   0x0000001a   Code   RO          122    .text.USBD_FS_LangIDStrDescriptor  usbd_desc.o
    0x08007cce   0x08007cce   0x00000002   PAD
    0x08007cd0   0x08007cd0   0x00000028   Code   RO          124    .text.USBD_FS_ManufacturerStrDescriptor  usbd_desc.o
    0x08007cf8   0x08007cf8   0x0000004e   Code   RO          126    .text.USBD_FS_ProductStrDescriptor  usbd_desc.o
    0x08007d46   0x08007d46   0x00000002   PAD
    0x08007d48   0x08007d48   0x00000020   Code   RO          128    .text.USBD_FS_SerialStrDescriptor  usbd_desc.o
    0x08007d68   0x08007d68   0x00000064   Code   RO         1383    .text.USBD_GetConfig  usbd_ctlreq.o
    0x08007dcc   0x08007dcc   0x000002d6   Code   RO         1377    .text.USBD_GetDescriptor  usbd_ctlreq.o
    0x080080a2   0x080080a2   0x00000002   PAD
    0x080080a4   0x080080a4   0x0000002e   Code   RO         1401    .text.USBD_GetLen   usbd_ctlreq.o
    0x080080d2   0x080080d2   0x00000002   PAD
    0x080080d4   0x080080d4   0x00000062   Code   RO         1385    .text.USBD_GetStatus  usbd_ctlreq.o
    0x08008136   0x08008136   0x00000002   PAD
    0x08008138   0x08008138   0x00000082   Code   RO         1399    .text.USBD_GetString  usbd_ctlreq.o
    0x080081ba   0x080081ba   0x00000002   PAD
    0x080081bc   0x080081bc   0x00000052   Code   RO          203    .text.USBD_Get_USB_Status  usbd_conf.o
    0x0800820e   0x0800820e   0x00000002   PAD
    0x08008210   0x08008210   0x00000064   Code   RO         1328    .text.USBD_Init     usbd_core.o
    0x08008274   0x08008274   0x0000003a   Code   RO          217    .text.USBD_LL_ClearStallEP  usbd_conf.o
    0x080082ae   0x080082ae   0x00000002   PAD
    0x080082b0   0x080082b0   0x0000003a   Code   RO          211    .text.USBD_LL_CloseEP  usbd_conf.o
    0x080082ea   0x080082ea   0x00000002   PAD
    0x080082ec   0x080082ec   0x00000162   Code   RO         1348    .text.USBD_LL_DataInStage  usbd_core.o
    0x0800844e   0x0800844e   0x00000002   PAD
    0x08008450   0x08008450   0x00000102   Code   RO         1346    .text.USBD_LL_DataOutStage  usbd_core.o
    0x08008552   0x08008552   0x00000002   PAD
    0x08008554   0x08008554   0x0000001c   Code   RO          227    .text.USBD_LL_GetRxDataSize  usbd_conf.o
    0x08008570   0x08008570   0x000000a0   Code   RO          199    .text.USBD_LL_Init  usbd_conf.o
    0x08008610   0x08008610   0x0000005a   Code   RO          219    .text.USBD_LL_IsStallEP  usbd_conf.o
    0x0800866a   0x0800866a   0x00000002   PAD
    0x0800866c   0x0800866c   0x0000004a   Code   RO          209    .text.USBD_LL_OpenEP  usbd_conf.o
    0x080086b6   0x080086b6   0x00000002   PAD
    0x080086b8   0x080086b8   0x00000046   Code   RO          225    .text.USBD_LL_PrepareReceive  usbd_conf.o
    0x080086fe   0x080086fe   0x00000002   PAD
    0x08008700   0x08008700   0x00000074   Code   RO         1350    .text.USBD_LL_Reset  usbd_core.o
    0x08008774   0x08008774   0x00000022   Code   RO         1356    .text.USBD_LL_Resume  usbd_core.o
    0x08008796   0x08008796   0x00000002   PAD
    0x08008798   0x08008798   0x00000032   Code   RO         1358    .text.USBD_LL_SOF   usbd_core.o
    0x080087ca   0x080087ca   0x00000002   PAD
    0x080087cc   0x080087cc   0x00000016   Code   RO         1352    .text.USBD_LL_SetSpeed  usbd_core.o
    0x080087e2   0x080087e2   0x00000002   PAD
    0x080087e4   0x080087e4   0x0000003a   Code   RO          221    .text.USBD_LL_SetUSBAddress  usbd_conf.o
    0x0800881e   0x0800881e   0x00000002   PAD
    0x08008820   0x08008820   0x00000082   Code   RO         1344    .text.USBD_LL_SetupStage  usbd_core.o
    0x080088a2   0x080088a2   0x00000002   PAD
    0x080088a4   0x080088a4   0x0000003a   Code   RO          215    .text.USBD_LL_StallEP  usbd_conf.o
    0x080088de   0x080088de   0x00000002   PAD
    0x080088e0   0x080088e0   0x00000032   Code   RO          205    .text.USBD_LL_Start  usbd_conf.o
    0x08008912   0x08008912   0x00000002   PAD
    0x08008914   0x08008914   0x0000001c   Code   RO         1354    .text.USBD_LL_Suspend  usbd_core.o
    0x08008930   0x08008930   0x00000046   Code   RO          223    .text.USBD_LL_Transmit  usbd_conf.o
    0x08008976   0x08008976   0x00000002   PAD
    0x08008978   0x08008978   0x00000044   Code   RO         1397    .text.USBD_ParseSetupRequest  usbd_ctlreq.o
    0x080089bc   0x080089bc   0x00000032   Code   RO         1332    .text.USBD_RegisterClass  usbd_core.o
    0x080089ee   0x080089ee   0x00000002   PAD
    0x080089f0   0x080089f0   0x0000000a   Code   RO         1338    .text.USBD_RunTestMode  usbd_core.o
    0x080089fa   0x080089fa   0x00000002   PAD
    0x080089fc   0x080089fc   0x0000008c   Code   RO         1379    .text.USBD_SetAddress  usbd_ctlreq.o
    0x08008a88   0x08008a88   0x0000003e   Code   RO         1340    .text.USBD_SetClassConfig  usbd_core.o
    0x08008ac6   0x08008ac6   0x00000002   PAD
    0x08008ac8   0x08008ac8   0x00000138   Code   RO         1381    .text.USBD_SetConfig  usbd_ctlreq.o
    0x08008c00   0x08008c00   0x00000026   Code   RO         1387    .text.USBD_SetFeature  usbd_ctlreq.o
    0x08008c26   0x08008c26   0x00000002   PAD
    0x08008c28   0x08008c28   0x00000012   Code   RO         1334    .text.USBD_Start    usbd_core.o
    0x08008c3a   0x08008c3a   0x00000002   PAD
    0x08008c3c   0x08008c3c   0x000000bc   Code   RO         1375    .text.USBD_StdDevReq  usbd_ctlreq.o
    0x08008cf8   0x08008cf8   0x00000336   Code   RO         1395    .text.USBD_StdEPReq  usbd_ctlreq.o
    0x0800902e   0x0800902e   0x00000002   PAD
    0x08009030   0x08009030   0x00000098   Code   RO         1393    .text.USBD_StdItfReq  usbd_ctlreq.o
    0x080090c8   0x080090c8   0x00000008   Code   RO          233    .text.USBD_static_free  usbd_conf.o
    0x080090d0   0x080090d0   0x00000010   Code   RO          231    .text.USBD_static_malloc  usbd_conf.o
    0x080090e0   0x080090e0   0x0000002e   Code   RO           13    .text.USBRcv        main.o
    0x0800910e   0x0800910e   0x00000002   PAD
    0x08009110   0x08009110   0x00000696   Code   RO          369    .text.USB_ActivateEndpoint  stm32f1xx_ll_usb.o
    0x080097a6   0x080097a6   0x00000002   PAD
    0x080097a8   0x080097a8   0x00000020   Code   RO          355    .text.USB_CoreInit  stm32f1xx_ll_usb.o
    0x080097c8   0x080097c8   0x00000360   Code   RO          371    .text.USB_DeactivateEndpoint  stm32f1xx_ll_usb.o
    0x08009b28   0x08009b28   0x0000000a   Code   RO          387    .text.USB_DevConnect  stm32f1xx_ll_usb.o
    0x08009b32   0x08009b32   0x00000002   PAD
    0x08009b34   0x08009b34   0x0000000a   Code   RO          389    .text.USB_DevDisconnect  stm32f1xx_ll_usb.o
    0x08009b3e   0x08009b3e   0x00000002   PAD
    0x08009b40   0x08009b40   0x0000003a   Code   RO          363    .text.USB_DevInit   stm32f1xx_ll_usb.o
    0x08009b7a   0x08009b7a   0x00000002   PAD
    0x08009b7c   0x08009b7c   0x0000001e   Code   RO          359    .text.USB_DisableGlobalInt  stm32f1xx_ll_usb.o
    0x08009b9a   0x08009b9a   0x00000002   PAD
    0x08009b9c   0x08009b9c   0x0000000c   Code   RO          403    .text.USB_EP0_OutStart  stm32f1xx_ll_usb.o
    0x08009ba8   0x08009ba8   0x00000148   Code   RO          379    .text.USB_EPClearStall  stm32f1xx_ll_usb.o
    0x08009cf0   0x08009cf0   0x00000088   Code   RO          377    .text.USB_EPSetStall  stm32f1xx_ll_usb.o
    0x08009d78   0x08009d78   0x00000e16   Code   RO          373    .text.USB_EPStartXfer  stm32f1xx_ll_usb.o
    0x0800ab8e   0x0800ab8e   0x00000002   PAD
    0x0800ab90   0x0800ab90   0x0000001e   Code   RO          357    .text.USB_EnableGlobalInt  stm32f1xx_ll_usb.o
    0x0800abae   0x0800abae   0x00000002   PAD
    0x0800abb0   0x0800abb0   0x00000010   Code   RO           81    .text.USB_LP_CAN1_RX0_IRQHandler  stm32f1xx_it.o
    0x0800abc0   0x0800abc0   0x00000012   Code   RO          391    .text.USB_ReadInterrupts  stm32f1xx_ll_usb.o
    0x0800abd2   0x0800abd2   0x00000002   PAD
    0x0800abd4   0x0800abd4   0x0000008c   Code   RO          409    .text.USB_ReadPMA   stm32f1xx_ll_usb.o
    0x0800ac60   0x0800ac60   0x0000000e   Code   RO          361    .text.USB_SetCurrentMode  stm32f1xx_ll_usb.o
    0x0800ac6e   0x0800ac6e   0x00000002   PAD
    0x0800ac70   0x0800ac70   0x00000020   Code   RO          385    .text.USB_SetDevAddress  stm32f1xx_ll_usb.o
    0x0800ac90   0x0800ac90   0x00000082   Code   RO          375    .text.USB_WritePMA  stm32f1xx_ll_usb.o
    0x0800ad12   0x0800ad12   0x00000002   PAD
    0x0800ad14   0x0800ad14   0x00000004   Code   RO           67    .text.UsageFault_Handler  stm32f1xx_it.o
    0x0800ad18   0x0800ad18   0x00000008   Code   RO           37    .text._GLOBAL__sub_I_main.c  main.o
    0x0800ad20   0x0800ad20   0x000000ba   Code   RO           21    .text._Z15TTP229_ReadKeysv  main.o
    0x0800adda   0x0800adda   0x00000002   PAD
    0x0800addc   0x0800addc   0x00000096   Code   RO           25    .text._Z18SystemClock_Configv  main.o
    0x0800ae72   0x0800ae72   0x00000002   PAD
    0x0800ae74   0x0800ae74   0x0000002e   Code   RO           19    .text._Z8delay_usj  main.o
    0x0800aea2   0x0800aea2   0x00000002   PAD
    0x0800aea4   0x0800aea4   0x00000032   Code   RO           15    .text._Z9putStrUSBPhj  main.o
    0x0800aed6   0x0800aed6   0x00000002   PAD
    0x0800aed8   0x0800aed8   0x00000116   Code   RO           27    .text._ZL12MX_GPIO_Initv  main.o
    0x0800afee   0x0800afee   0x00000002   PAD
    0x0800aff0   0x0800aff0   0x00000048   Code   RO           29    .text._ZL12MX_I2C1_Initv  main.o
    0x0800b038   0x0800b038   0x0000002e   Code   RO           31    .text._ZL12MX_IWDG_Initv  main.o
    0x0800b066   0x0800b066   0x00000002   PAD
    0x0800b068   0x0800b068   0x00000082   Code   RO           33    .text._ZL12MX_TIM4_Initv  main.o
    0x0800b0ea   0x0800b0ea   0x00000002   PAD
    0x0800b0ec   0x0800b0ec   0x0000008c   Code   RO         1502    .text._ZN12SSD1306_OLED11WriteStringEPh7FontDef13SSD1306_COLORb  ssd1306.o
    0x0800b178   0x0800b178   0x00000070   Code   RO         1494    .text._ZN12SSD1306_OLED12UpdateScreenEv  ssd1306.o
    0x0800b1e8   0x0800b1e8   0x00000032   Code   RO         1484    .text._ZN12SSD1306_OLED12WriteCommandEh  ssd1306.o
    0x0800b21a   0x0800b21a   0x00000002   PAD
    0x0800b21c   0x0800b21c   0x0000003e   Code   RO         1492    .text._ZN12SSD1306_OLED4FillE13SSD1306_COLOR  ssd1306.o
    0x0800b25a   0x0800b25a   0x00000002   PAD
    0x0800b25c   0x0800b25c   0x0000010c   Code   RO         1490    .text._ZN12SSD1306_OLED4InitEv  ssd1306.o
    0x0800b368   0x0800b368   0x000000a2   Code   RO         1496    .text._ZN12SSD1306_OLED9DrawPixelEhh13SSD1306_COLOR  ssd1306.o
    0x0800b40a   0x0800b40a   0x00000002   PAD
    0x0800b40c   0x0800b40c   0x00000022   Code   RO         1500    .text._ZN12SSD1306_OLED9SetCursorEhh  ssd1306.o
    0x0800b42e   0x0800b42e   0x00000002   PAD
    0x0800b430   0x0800b430   0x00000192   Code   RO         1498    .text._ZN12SSD1306_OLED9WriteCharEh7FontDef13SSD1306_COLORb  ssd1306.o
    0x0800b5c2   0x0800b5c2   0x00000002   PAD
    0x0800b5c4   0x0800b5c4   0x00000032   Code   RO         1486    .text._ZN12SSD1306_OLED9WriteDataEh  ssd1306.o
    0x0800b5f6   0x0800b5f6   0x00000002   PAD
    0x0800b5f8   0x0800b5f8   0x00000016   Code   RO         1482    .text._ZN12SSD1306_OLEDC2EP17I2C_HandleTypeDef  ssd1306.o
    0x0800b60e   0x0800b60e   0x00000002   PAD
    0x0800b610   0x0800b610   0x00000030   Code   RO          602    .text.__NVIC_EnableIRQ  stm32f1xx_hal_cortex.o
    0x0800b640   0x0800b640   0x00000010   Code   RO          594    .text.__NVIC_GetPriorityGrouping  stm32f1xx_hal_cortex.o
    0x0800b650   0x0800b650   0x00000042   Code   RO          596    .text.__NVIC_SetPriority  stm32f1xx_hal_cortex.o
    0x0800b692   0x0800b692   0x00000002   PAD
    0x0800b694   0x0800b694   0x0000003c   Code   RO          590    .text.__NVIC_SetPriorityGrouping  stm32f1xx_hal_cortex.o
    0x0800b6d0   0x0800b6d0   0x00000018   Code   RO           11    .text.__cxx_global_var_init  main.o
    0x0800b6e8   0x0800b6e8   0x000001b2   Code   RO           23    .text.main          main.o
    0x0800b89a   0x0800b89a   0x0000003e   Code   RO         1755    CL$$btod_d2e        c_w.l(btod.o)
    0x0800b8d8   0x0800b8d8   0x00000046   Code   RO         1757    CL$$btod_d2e_denorm_low  c_w.l(btod.o)
    0x0800b91e   0x0800b91e   0x00000060   Code   RO         1756    CL$$btod_d2e_norm_op1  c_w.l(btod.o)
    0x0800b97e   0x0800b97e   0x00000002   PAD
    0x0800b980   0x0800b980   0x00000338   Code   RO         1765    CL$$btod_div_common  c_w.l(btod.o)
    0x0800bcb8   0x0800bcb8   0x000000dc   Code   RO         1762    CL$$btod_e2e        c_w.l(btod.o)
    0x0800bd94   0x0800bd94   0x0000002a   Code   RO         1759    CL$$btod_ediv       c_w.l(btod.o)
    0x0800bdbe   0x0800bdbe   0x0000002a   Code   RO         1758    CL$$btod_emul       c_w.l(btod.o)
    0x0800bde8   0x0800bde8   0x00000244   Code   RO         1764    CL$$btod_mult_common  c_w.l(btod.o)
    0x0800c02c   0x0800c02c   0x00000028   Code   RO         1797    i.__ARM_fpclassify  m_ws.l(fpclassify.o)
    0x0800c054   0x0800c054   0x0000000e   Code   RO         1610    i._is_digit         c_w.l(__printf_wp.o)
    0x0800c062   0x0800c062   0x00000002   PAD
    0x0800c064   0x0800c064   0x0000002c   Code   RO         1780    locale$$code        c_w.l(lc_numeric_c.o)
    0x0800c090   0x0800c090   0x0000002c   Code   RO         1813    locale$$code        c_w.l(lc_ctype_c.o)
    0x0800c0bc   0x0800c0bc   0x00000004   Code   RO         1694    x$fpl$printf1       fz_ws.l(printf1.o)
    0x0800c0c0   0x0800c0c0   0x00000004   Code   RO         1696    x$fpl$printf2       fz_ws.l(printf2.o)
    0x0800c0c4   0x0800c0c4   0x00000000   Code   RO         1796    x$fpl$usenofp       fz_ws.l(usenofp.o)
    0x0800c0c4   0x0800c0c4   0x00000008   Data   RO         1569    .constdata          c_w.l(_printf_wctomb.o)
    0x0800c0cc   0x0800c0cc   0x00000028   Data   RO         1598    .constdata          c_w.l(_printf_hex_int_ll_ptr.o)
    0x0800c0f4   0x0800c0f4   0x00000011   Data   RO         1618    .constdata          c_w.l(__printf_flags_ss_wp.o)
    0x0800c105   0x0800c105   0x00000026   Data   RO         1726    .constdata          c_w.l(_printf_fp_hex.o)
    0x0800c12b   0x0800c12b   0x00000001   PAD
    0x0800c12c   0x0800c12c   0x00000094   Data   RO         1753    .constdata          c_w.l(bigflt0.o)
    0x0800c1c0   0x0800c1c0   0x00000010   Data   RO         1319    .rodata.AHBPrescTable  system_stm32f1xx.o
    0x0800c1d0   0x0800c1d0   0x00000008   Data   RO         1320    .rodata.APBPrescTable  system_stm32f1xx.o
    0x0800c1d8   0x0800c1d8   0x0000076c   Data   RO         1525    .rodata.Font7x10    fonts.o
    0x0800c944   0x0800c944   0x00000010   Data   RO          508    .rodata.HAL_RCC_GetSysClockFreq.aPLLMULFactorTable  stm32f1xx_hal_rcc.o
    0x0800c954   0x0800c954   0x00000002   Data   RO          509    .rodata.HAL_RCC_GetSysClockFreq.aPredivFactorTable  stm32f1xx_hal_rcc.o
    0x0800c956   0x0800c956   0x0000001c   Data   RO           49    .rodata.str1.1      main.o
    0x0800c972   0x0800c972   0x00000042   Data   RO          142    .rodata.str1.1      usbd_desc.o
    0x0800c9b4   0x0800c9b4   0x00000020   Data   RO         1889    Region$$Table       anon$$obj.o
    0x0800c9d4   0x0800c9d4   0x0000001c   Data   RO         1779    locale$$data        c_w.l(lc_numeric_c.o)
    0x0800c9f0   0x0800c9f0   0x00000110   Data   RO         1812    locale$$data        c_w.l(lc_ctype_c.o)
    0x0800cb00   0x0800cb00   0x00000004   Data   RO           50    .init_array         main.o
    0x0800cb04   0x0800cb00   0x00000000   Data   RO         1546    .init_array         c_w.l(init_aeabi.o)


    Execution Region RW_IRAM1 (Exec base: 0x20000000, Load base: 0x0800cb08, Size: 0x00001f48, Max: 0x00005000, ABSOLUTE, COMPRESSED[0x000000c8])

    Exec Addr    Load Addr    Size         Type   Attr      Idx    E Section Name        Object

    0x20000000   COMPRESSED   0x0000001c   Data   RW          138    .data.FS_Desc       usbd_desc.o
    0x2000001c   COMPRESSED   0x00000008   Data   RW         1526    .data.Font_7x10     fonts.o
    0x20000024   COMPRESSED   0x00000004   Data   RW         1318    .data.SystemCoreClock  system_stm32f1xx.o
    0x20000028   COMPRESSED   0x00000038   Data   RW         1462    .data.USBD_CDC      usbd_cdc.o
    0x20000060   COMPRESSED   0x00000043   Data   RW         1464    .data.USBD_CDC_CfgFSDesc  usbd_cdc.o
    0x200000a3   COMPRESSED   0x00000001   PAD
    0x200000a4   COMPRESSED   0x00000043   Data   RW         1463    .data.USBD_CDC_CfgHSDesc  usbd_cdc.o
    0x200000e7   COMPRESSED   0x00000001   PAD
    0x200000e8   COMPRESSED   0x0000000a   Data   RW         1466    .data.USBD_CDC_DeviceQualifierDesc  usbd_cdc.o
    0x200000f2   COMPRESSED   0x00000002   PAD
    0x200000f4   COMPRESSED   0x00000043   Data   RW         1465    .data.USBD_CDC_OtherSpeedCfgDesc  usbd_cdc.o
    0x20000137   COMPRESSED   0x00000001   PAD
    0x20000138   COMPRESSED   0x00000012   Data   RW          139    .data.USBD_FS_DeviceDesc  usbd_desc.o
    0x2000014a   COMPRESSED   0x00000002   PAD
    0x2000014c   COMPRESSED   0x00000010   Data   RW          163    .data.USBD_Interface_fops_FS  usbd_cdc_if.o
    0x2000015c   COMPRESSED   0x00000004   Data   RW          140    .data.USBD_LangIDDesc  usbd_desc.o
    0x20000160   COMPRESSED   0x0000001a   Data   RW          141    .data.USBD_StringSerial  usbd_desc.o
    0x2000017a   COMPRESSED   0x00000001   Data   RW          469    .data.uwTickFreq    stm32f1xx_hal.o
    0x2000017b   COMPRESSED   0x00000001   PAD
    0x2000017c   COMPRESSED   0x00000004   Data   RW          468    .data.uwTickPrio    stm32f1xx_hal.o
    0x20000180        -       0x00000060   Zero   RW         1804    .bss                c_w.l(libspace.o)
    0x200001e0        -       0x000000c8   Zero   RW           47    .bss.Buffer         main.o
    0x200002a8        -       0x00000410   Zero   RW           48    .bss.OLED           main.o
    0x200006b8        -       0x00000001   Zero   RW         1403    .bss.USBD_SetConfig.cfgidx  usbd_ctlreq.o
    0x200006b9   COMPRESSED   0x00000003   PAD
    0x200006bc        -       0x00000200   Zero   RW          143    .bss.USBD_StrDesc   usbd_desc.o
    0x200008bc        -       0x00000220   Zero   RW          238    .bss.USBD_static_malloc.mem  usbd_conf.o
    0x20000adc        -       0x00000400   Zero   RW          164    .bss.UserRxBufferFS  usbd_cdc_if.o
    0x20000edc        -       0x00000400   Zero   RW          165    .bss.UserTxBufferFS  usbd_cdc_if.o
    0x200012dc        -       0x00000001   Zero   RW           45    .bss.flag           main.o
    0x200012dd   COMPRESSED   0x00000003   PAD
    0x200012e0        -       0x000002c4   Zero   RW          113    .bss.hUsbDeviceFS   usb_device.o
    0x200015a4        -       0x00000054   Zero   RW           39    .bss.hi2c1          main.o
    0x200015f8        -       0x0000000c   Zero   RW           40    .bss.hiwdg          main.o
    0x20001604        -       0x000002d8   Zero   RW          237    .bss.hpcd_USB_FS    usbd_conf.o
    0x200018dc        -       0x00000048   Zero   RW           41    .bss.htim4          main.o
    0x20001924        -       0x00000010   Zero   RW           46    .bss.key_array      main.o
    0x20001934        -       0x00000004   Zero   RW           43    .bss.nextKeyRead    main.o
    0x20001938        -       0x00000004   Zero   RW           42    .bss.nextLedTime    main.o
    0x2000193c        -       0x00000002   Zero   RW           44    .bss.ttpState       main.o
    0x2000193e   COMPRESSED   0x00000002   PAD
    0x20001940        -       0x00000004   Zero   RW          470    .bss.uwTick         stm32f1xx_hal.o
    0x20001944   COMPRESSED   0x00000004   PAD
    0x20001948        -       0x00000200   Zero   RW            2    HEAP                startup_stm32f103xb.o
    0x20001b48        -       0x00000400   Zero   RW            1    STACK               startup_stm32f103xb.o


==============================================================================

Image component sizes


      Code (inc. data)   RO Data    RW Data    ZI Data      Debug   Object Name

        92          0          0          0          0       1379   dwt_stm32_delay.o
         0          0       1900          8          0        867   fonts.o
      1494          0         32          0       1435      18470   main.o
      1302          0          0          0          0       6981   ssd1306.o
        64         26        236          0       1536        800   startup_stm32f103xb.o
       188          0          0          5          4       5557   stm32f1xx_hal.o
       482          0          0          0          0       7543   stm32f1xx_hal_cortex.o
       298          0          0          0          0       6296   stm32f1xx_hal_dma.o
       984          0          0          0          0       4221   stm32f1xx_hal_gpio.o
     10076          0          0          0          0      37461   stm32f1xx_hal_i2c.o
       164          0          0          0          0       1521   stm32f1xx_hal_iwdg.o
       342          0          0          0          0       7362   stm32f1xx_hal_msp.o
      6428          0          0          0          0      14020   stm32f1xx_hal_pcd.o
       122          0          0          0          0       4050   stm32f1xx_hal_pcd_ex.o
      2602          0         18          0          0       7422   stm32f1xx_hal_rcc.o
       456          0          0          0          0       3119   stm32f1xx_hal_rcc_ex.o
      1238          0          0          0          0      35675   stm32f1xx_hal_tim.o
       220          0          0          0          0      15104   stm32f1xx_hal_tim_ex.o
       100          0          0          0          0       1643   stm32f1xx_it.o
      7136          4          0          0          0      11940   stm32f1xx_ll_usb.o
         2          0         24          4          0       1564   system_stm32f1xx.o
       118          0          0          0        708       2839   usb_device.o
      1426          0          0        267          0       9171   usbd_cdc.o
       288         36          0         16       2048       2507   usbd_cdc_if.o
      1228          4          0          0       1272      12498   usbd_conf.o
      1262          0          0          0          0       6591   usbd_core.o
      2912         30          0          0          1       7508   usbd_ctlreq.o
       572          0         66         76        512       3248   usbd_desc.o
       256          0          0          0          0       3893   usbd_ioreq.o

    ----------------------------------------------------------------------
     42110        100       2308        384       7528     241250   Object Totals
         0          0         32          0          0          0   (incl. Generated)
       258          0          0          8         12          0   (incl. Padding)

    ----------------------------------------------------------------------

      Code (inc. data)   RO Data    RW Data    ZI Data      Debug   Library Member Name

        90          0          0          0          0          0   __dczerorl2.o
         8          0          0          0          0         68   __main.o
       392          4         17          0          0         92   __printf_flags_ss_wp.o
        14          0          0          0          0         68   __printf_wp.o
         0          0          0          0          0          0   __rtentry.o
        12          0          0          0          0          0   __rtentry2.o
         6          0          0          0          0          0   __rtentry4.o
        94          8          0          0          0          0   __scatter.o
        28          0          0          0          0          0   __scatter_zi.o
        72          0          0          0          0         96   _c16rtomb.o
         6          0          0          0          0          0   _printf_a.o
         6          0          0          0          0          0   _printf_c.o
        44          0          0          0          0        108   _printf_char.o
        48          6          0          0          0         96   _printf_char_common.o
        40          0          0          0          0         68   _printf_charcount.o
         6          0          0          0          0          0   _printf_d.o
       120         16          0          0          0         92   _printf_dec.o
         6          0          0          0          0          0   _printf_e.o
         6          0          0          0          0          0   _printf_f.o
      1052          0          0          0          0        148   _printf_fp_dec.o
       764          8         38          0          0        100   _printf_fp_hex.o
       128         16          0          0          0         84   _printf_fp_infnan.o
         6          0          0          0          0          0   _printf_g.o
       148          4         40          0          0        160   _printf_hex_int_ll_ptr.o
         6          0          0          0          0          0   _printf_i.o
       178          0          0          0          0         88   _printf_intcommon.o
        10          0          0          0          0          0   _printf_l.o
         6          0          0          0          0          0   _printf_lc.o
        10          0          0          0          0          0   _printf_ll.o
         6          0          0          0          0          0   _printf_lld.o
         6          0          0          0          0          0   _printf_lli.o
         6          0          0          0          0          0   _printf_llo.o
         6          0          0          0          0          0   _printf_llu.o
         6          0          0          0          0          0   _printf_llx.o
       124         16          0          0          0         92   _printf_longlong_dec.o
         6          0          0          0          0          0   _printf_ls.o
         6          0          0          0          0          0   _printf_n.o
         6          0          0          0          0          0   _printf_o.o
       112          8          0          0          0        124   _printf_oct_int_ll.o
         6          0          0          0          0          0   _printf_p.o
        78          0          0          0          0        108   _printf_pad.o
         0          0          0          0          0          0   _printf_percent.o
         4          0          0          0          0          0   _printf_percent_end.o
         6          0          0          0          0          0   _printf_s.o
        82          0          0          0          0         80   _printf_str.o
        36          0          0          0          0         84   _printf_truncate.o
         6          0          0          0          0          0   _printf_u.o
        44          0          0          0          0        108   _printf_wchar.o
       188          6          8          0          0         92   _printf_wctomb.o
         6          0          0          0          0          0   _printf_x.o
        10          0          0          0          0         68   _sputc.o
       228          4        148          0          0         96   bigflt0.o
      1936        128          0          0          0        668   btod.o
        18          0          0          0          0         80   exit.o
         6          0          0          0          0        152   heapauxi.o
         0          0          0          0          0          0   indicate_semi.o
        44          8          0          0          0         80   init_aeabi.o
        44         10        272          0          0         76   lc_ctype_c.o
        44         10         28          0          0         76   lc_numeric_c.o
         2          0          0          0          0          0   libinit.o
        34          0          0          0          0          0   libinit2.o
         2          0          0          0          0          0   libshutdown.o
         2          0          0          0          0          0   libshutdown2.o
         8          4          0          0         96         68   libspace.o
       138          0          0          0          0         80   lludiv10.o
        16          4          0          0          0         76   rt_ctype_table.o
         8          4          0          0          0         68   rt_locale_intlibspace.o
        78          0          0          0          0         80   rt_memclr_w.o
         2          0          0          0          0          0   rtexit.o
        10          0          0          0          0          0   rtexit2.o
        44          6          0          0          0         84   sprintf.o
       128          0          0          0          0         68   strcmpv7m.o
        12          4          0          0          0         68   sys_exit.o
        74          0          0          0          0         80   sys_stackheap_outer.o
         2          0          0          0          0         68   use_no_semi.o
         4          0          0          0          0         68   printf1.o
         4          0          0          0          0         68   printf2.o
         0          0          0          0          0          0   usenofp.o
        40          0          0          0          0         68   fpclassify.o

    ----------------------------------------------------------------------
      7002        274        552          0         96       4196   Library Totals
        18          0          1          0          0          0   (incl. Padding)

    ----------------------------------------------------------------------

      Code (inc. data)   RO Data    RW Data    ZI Data      Debug   Library Name

      6936        274        551          0         96       3992   c_w.l
         8          0          0          0          0        136   fz_ws.l
        40          0          0          0          0         68   m_ws.l

    ----------------------------------------------------------------------
      7002        274        552          0         96       4196   Library Totals

    ----------------------------------------------------------------------

==============================================================================


      Code (inc. data)   RO Data    RW Data    ZI Data      Debug   

     49112        374       2860        384       7624     242754   Grand Totals
     49112        374       2860        200       7624     242754   ELF Image Totals (compressed)
     49112        374       2860        200          0          0   ROM Totals

==============================================================================

    Total RO  Size (Code + RO Data)                51972 (  50.75kB)
    Total RW  Size (RW Data + ZI Data)              8008 (   7.82kB)
    Total ROM Size (Code + RO Data + RW Data)      52172 (  50.95kB)

==============================================================================

