Component: Arm Compiler for Embedded 6.21 Tool: armlink [5ec1fa00]

==============================================================================

Section Cross References

    startup_stm32f103xb.o(STACK) refers (Special) to heapauxi.o(.text) for __use_two_region_memory
    startup_stm32f103xb.o(HEAP) refers (Special) to heapauxi.o(.text) for __use_two_region_memory
    startup_stm32f103xb.o(RESET) refers (Special) to heapauxi.o(.text) for __use_two_region_memory
    startup_stm32f103xb.o(RESET) refers to startup_stm32f103xb.o(STACK) for __initial_sp
    startup_stm32f103xb.o(RESET) refers to startup_stm32f103xb.o(.text) for Reset_Handler
    startup_stm32f103xb.o(RESET) refers to stm32f1xx_it.o(.text.NMI_Handler) for NMI_Handler
    startup_stm32f103xb.o(RESET) refers to stm32f1xx_it.o(.text.HardFault_Handler) for HardFault_Handler
    startup_stm32f103xb.o(RESET) refers to stm32f1xx_it.o(.text.MemManage_Handler) for MemManage_Handler
    startup_stm32f103xb.o(RESET) refers to stm32f1xx_it.o(.text.BusFault_Handler) for BusFault_Handler
    startup_stm32f103xb.o(RESET) refers to stm32f1xx_it.o(.text.UsageFault_Handler) for UsageFault_Handler
    startup_stm32f103xb.o(RESET) refers to stm32f1xx_it.o(.text.SVC_Handler) for SVC_Handler
    startup_stm32f103xb.o(RESET) refers to stm32f1xx_it.o(.text.DebugMon_Handler) for DebugMon_Handler
    startup_stm32f103xb.o(RESET) refers to stm32f1xx_it.o(.text.PendSV_Handler) for PendSV_Handler
    startup_stm32f103xb.o(RESET) refers to stm32f1xx_it.o(.text.SysTick_Handler) for SysTick_Handler
    startup_stm32f103xb.o(RESET) refers to stm32f1xx_it.o(.text.RCC_IRQHandler) for RCC_IRQHandler
    startup_stm32f103xb.o(RESET) refers to stm32f1xx_it.o(.text.EXTI1_IRQHandler) for EXTI1_IRQHandler
    startup_stm32f103xb.o(RESET) refers to stm32f1xx_it.o(.text.USB_LP_CAN1_RX0_IRQHandler) for USB_LP_CAN1_RX0_IRQHandler
    startup_stm32f103xb.o(.text) refers (Special) to heapauxi.o(.text) for __use_two_region_memory
    startup_stm32f103xb.o(.text) refers to system_stm32f1xx.o(.text.SystemInit) for SystemInit
    startup_stm32f103xb.o(.text) refers to __main.o(!!!main) for __main
    startup_stm32f103xb.o(.text) refers to startup_stm32f103xb.o(HEAP) for Heap_Mem
    startup_stm32f103xb.o(.text) refers to startup_stm32f103xb.o(STACK) for Stack_Mem
    main.o(.ARM.exidx.text.USBRcv) refers to main.o(.text.USBRcv) for [Anonymous Symbol]
    main.o(.text.HAL_GPIO_EXTI_Callback) refers to main.o(.bss.flag) for flag
    main.o(.ARM.exidx.text.HAL_GPIO_EXTI_Callback) refers to main.o(.text.HAL_GPIO_EXTI_Callback) for [Anonymous Symbol]
    main.o(.text.delay_us) refers to main.o(.bss.htim4) for htim4
    main.o(.ARM.exidx.text.delay_us) refers to main.o(.text.delay_us) for [Anonymous Symbol]
    main.o(.text.TTP229_ReadKeys) refers to stm32f1xx_hal_gpio.o(.text.HAL_GPIO_WritePin) for HAL_GPIO_WritePin
    main.o(.text.TTP229_ReadKeys) refers to main.o(.text.delay_us) for delay_us
    main.o(.text.TTP229_ReadKeys) refers to stm32f1xx_hal_gpio.o(.text.HAL_GPIO_ReadPin) for HAL_GPIO_ReadPin
    main.o(.text.TTP229_ReadKeys) refers to main.o(.bss.key_array) for key_array
    main.o(.ARM.exidx.text.TTP229_ReadKeys) refers to main.o(.text.TTP229_ReadKeys) for [Anonymous Symbol]
    main.o(.text.main) refers to stm32f1xx_hal.o(.text.HAL_Init) for HAL_Init
    main.o(.text.main) refers to main.o(.text.SystemClock_Config) for SystemClock_Config
    main.o(.text.main) refers to main.o(.text.MX_GPIO_Init) for MX_GPIO_Init
    main.o(.text.main) refers to main.o(.text.MX_I2C1_Init) for MX_I2C1_Init
    main.o(.text.main) refers to main.o(.text.MX_IWDG_Init) for MX_IWDG_Init
    main.o(.text.main) refers to main.o(.text.MX_TIM4_Init) for MX_TIM4_Init
    main.o(.text.main) refers to usb_device.o(.text.MX_USB_DEVICE_Init) for MX_USB_DEVICE_Init
    main.o(.text.main) refers to main.o(.bss.htim4) for htim4
    main.o(.text.main) refers to stm32f1xx_hal_tim.o(.text.HAL_TIM_Base_Start_IT) for HAL_TIM_Base_Start_IT
    main.o(.text.main) refers to stm32f1xx_hal.o(.text.HAL_GetTick) for HAL_GetTick
    main.o(.text.main) refers to main.o(.bss.nextLedTime) for nextLedTime
    main.o(.text.main) refers to main.o(.bss.flag) for flag
    main.o(.text.main) refers to main.o(.bss.hiwdg) for hiwdg
    main.o(.text.main) refers to stm32f1xx_hal_iwdg.o(.text.HAL_IWDG_Refresh) for HAL_IWDG_Refresh
    main.o(.text.main) refers to stm32f1xx_hal_gpio.o(.text.HAL_GPIO_TogglePin) for HAL_GPIO_TogglePin
    main.o(.text.main) refers to stm32f1xx_hal_cortex.o(.text.HAL_NVIC_DisableIRQ) for HAL_NVIC_DisableIRQ
    main.o(.text.main) refers to main.o(.text.TTP229_ReadKeys) for TTP229_ReadKeys
    main.o(.text.main) refers to main.o(.bss.ttpState) for ttpState
    main.o(.text.main) refers to stm32f1xx_hal_cortex.o(.text.HAL_NVIC_EnableIRQ) for HAL_NVIC_EnableIRQ
    main.o(.ARM.exidx.text.main) refers to main.o(.text.main) for [Anonymous Symbol]
[...]
    USBD_CDC_DataIn                          0x08004001   Thumb Code   158  usbd_cdc.o(.text.USBD_CDC_DataIn)
    [Anonymous Symbol]                       0x08004000   Section        0  usbd_cdc.o(.text.USBD_CDC_DataIn)
    USBD_CDC_DataOut                         0x080040a1   Thumb Code    88  usbd_cdc.o(.text.USBD_CDC_DataOut)
    [Anonymous Symbol]                       0x080040a0   Section        0  usbd_cdc.o(.text.USBD_CDC_DataOut)
    USBD_CDC_DeInit                          0x080040f9   Thumb Code   110  usbd_cdc.o(.text.USBD_CDC_DeInit)
    [Anonymous Symbol]                       0x080040f8   Section        0  usbd_cdc.o(.text.USBD_CDC_DeInit)
    USBD_CDC_EP0_RxReady                     0x08004169   Thumb Code    72  usbd_cdc.o(.text.USBD_CDC_EP0_RxReady)
    [Anonymous Symbol]                       0x08004168   Section        0  usbd_cdc.o(.text.USBD_CDC_EP0_RxReady)
    [Anonymous Symbol]                       0x080041b0   Section        0  usbd_cdc.o(.text.USBD_CDC_GetDeviceQualifierDescriptor)
    USBD_CDC_GetFSCfgDesc                    0x080041c9   Thumb Code    22  usbd_cdc.o(.text.USBD_CDC_GetFSCfgDesc)
    [Anonymous Symbol]                       0x080041c8   Section        0  usbd_cdc.o(.text.USBD_CDC_GetFSCfgDesc)
    USBD_CDC_GetHSCfgDesc                    0x080041e1   Thumb Code    22  usbd_cdc.o(.text.USBD_CDC_GetHSCfgDesc)
    [Anonymous Symbol]                       0x080041e0   Section        0  usbd_cdc.o(.text.USBD_CDC_GetHSCfgDesc)
    USBD_CDC_GetOtherSpeedCfgDesc            0x080041f9   Thumb Code    22  usbd_cdc.o(.text.USBD_CDC_GetOtherSpeedCfgDesc)
    [Anonymous Symbol]                       0x080041f8   Section        0  usbd_cdc.o(.text.USBD_CDC_GetOtherSpeedCfgDesc)
    USBD_CDC_Init                            0x08004211   Thumb Code   252  usbd_cdc.o(.text.USBD_CDC_Init)
    [Anonymous Symbol]                       0x08004210   Section        0  usbd_cdc.o(.text.USBD_CDC_Init)
    [Anonymous Symbol]                       0x0800430c   Section        0  usbd_cdc.o(.text.USBD_CDC_ReceivePacket)
    [Anonymous Symbol]                       0x0800436c   Section        0  usbd_cdc.o(.text.USBD_CDC_RegisterInterface)
    [Anonymous Symbol]                       0x08004398   Section        0  usbd_cdc.o(.text.USBD_CDC_SetRxBuffer)
    [Anonymous Symbol]                       0x080043b4   Section        0  usbd_cdc.o(.text.USBD_CDC_SetTxBuffer)
    USBD_CDC_Setup                           0x080043e1   Thumb Code   350  usbd_cdc.o(.text.USBD_CDC_Setup)
    [Anonymous Symbol]                       0x080043e0   Section        0  usbd_cdc.o(.text.USBD_CDC_Setup)
    [Anonymous Symbol]                       0x08004540   Section        0  usbd_core.o(.text.USBD_ClrClassConfig)
    USBD_ClrFeature                          0x08004561   Thumb Code    64  usbd_ctlreq.o(.text.USBD_ClrFeature)
    [Anonymous Symbol]                       0x08004560   Section        0  usbd_ctlreq.o(.text.USBD_ClrFeature)
    [Anonymous Symbol]                       0x080045a0   Section        0  usbd_ioreq.o(.text.USBD_CtlContinueRx)
    [Anonymous Symbol]                       0x080045c4   Section        0  usbd_ioreq.o(.text.USBD_CtlContinueSendData)
    [Anonymous Symbol]                       0x080045e8   Section        0  usbd_ctlreq.o(.text.USBD_CtlError)
    [Anonymous Symbol]                       0x08004604   Section        0  usbd_ioreq.o(.text.USBD_CtlPrepareRx)
    [Anonymous Symbol]                       0x08004644   Section        0  usbd_ioreq.o(.text.USBD_CtlReceiveStatus)
    [Anonymous Symbol]                       0x08004668   Section        0  usbd_ioreq.o(.text.USBD_CtlSendData)
    [Anonymous Symbol]                       0x080046a4   Section        0  usbd_ioreq.o(.text.USBD_CtlSendStatus)
    [Anonymous Symbol]                       0x080046c8   Section        0  usbd_desc.o(.text.USBD_FS_ConfigStrDescriptor)
    [Anonymous Symbol]                       0x08004718   Section        0  usbd_desc.o(.text.USBD_FS_DeviceDescriptor)
    [Anonymous Symbol]                       0x08004734   Section        0  usbd_desc.o(.text.USBD_FS_InterfaceStrDescriptor)
    [Anonymous Symbol]                       0x08004784   Section        0  usbd_desc.o(.text.USBD_FS_LangIDStrDescriptor)
    [Anonymous Symbol]                       0x080047a0   Section        0  usbd_desc.o(.text.USBD_FS_ManufacturerStrDescriptor)
    [Anonymous Symbol]                       0x080047c8   Section        0  usbd_desc.o(.text.USBD_FS_ProductStrDescriptor)
    [Anonymous Symbol]                       0x08004818   Section        0  usbd_desc.o(.text.USBD_FS_SerialStrDescriptor)
    USBD_GetConfig                           0x08004839   Thumb Code   100  usbd_ctlreq.o(.text.USBD_GetConfig)
    [Anonymous Symbol]                       0x08004838   Section        0  usbd_ctlreq.o(.text.USBD_GetConfig)
    USBD_GetDescriptor                       0x0800489d   Thumb Code   726  usbd_ctlreq.o(.text.USBD_GetDescriptor)
    [Anonymous Symbol]                       0x0800489c   Section        0  usbd_ctlreq.o(.text.USBD_GetDescriptor)
    USBD_GetLen                              0x08004b75   Thumb Code    46  usbd_ctlreq.o(.text.USBD_GetLen)
    [Anonymous Symbol]                       0x08004b74   Section        0  usbd_ctlreq.o(.text.USBD_GetLen)
    USBD_GetStatus                           0x08004ba5   Thumb Code    98  usbd_ctlreq.o(.text.USBD_GetStatus)
    [Anonymous Symbol]                       0x08004ba4   Section        0  usbd_ctlreq.o(.text.USBD_GetStatus)
    [Anonymous Symbol]                       0x08004c08   Section        0  usbd_ctlreq.o(.text.USBD_GetString)
    USBD_Get_USB_Status                      0x08004c8d   Thumb Code    82  usbd_conf.o(.text.USBD_Get_USB_Status)
    [Anonymous Symbol]                       0x08004c8c   Section        0  usbd_conf.o(.text.USBD_Get_USB_Status)
    [Anonymous Symbol]                       0x08004ce0   Section        0  usbd_core.o(.text.USBD_Init)
    [Anonymous Symbol]                       0x08004d44   Section        0  usbd_conf.o(.text.USBD_LL_ClearStallEP)
    [Anonymous Symbol]                       0x08004d80   Section        0  usbd_conf.o(.text.USBD_LL_CloseEP)
    [Anonymous Symbol]                       0x08004dbc   Section        0  usbd_core.o(.text.USBD_LL_DataInStage)
    [Anonymous Symbol]                       0x08004f20   Section        0  usbd_core.o(.text.USBD_LL_DataOutStage)
    [Anonymous Symbol]                       0x08005024   Section        0  usbd_conf.o(.text.USBD_LL_GetRxDataSize)
    [Anonymous Symbol]                       0x08005040   Section        0  usbd_conf.o(.text.USBD_LL_Init)
    [Anonymous Symbol]                       0x080050e0   Section        0  usbd_conf.o(.text.USBD_LL_IsStallEP)
    [Anonymous Symbol]                       0x0800513c   Section        0  usbd_conf.o(.text.USBD_LL_OpenEP)
    [Anonymous Symbol]                       0x08005188   Section        0  usbd_conf.o(.text.USBD_LL_PrepareReceive)
    [Anonymous Symbol]                       0x080051d0   Section        0  usbd_core.o(.text.USBD_LL_Reset)
    [Anonymous Symbol]                       0x08005244   Section        0  usbd_core.o(.text.USBD_LL_Resume)
    [Anonymous Symbol]                       0x08005268   Section        0  usbd_core.o(.text.USBD_LL_SOF)
    [Anonymous Symbol]                       0x0800529c   Section        0  usbd_core.o(.text.USBD_LL_SetSpeed)
    [Anonymous Symbol]                       0x080052b4   Section        0  usbd_conf.o(.text.USBD_LL_SetUSBAddress)
    [Anonymous Symbol]                       0x080052f0   Section        0  usbd_core.o(.text.USBD_LL_SetupStage)
    [Anonymous Symbol]                       0x08005374   Section        0  usbd_conf.o(.text.USBD_LL_StallEP)
    [Anonymous Symbol]                       0x080053b0   Section        0  usbd_conf.o(.text.USBD_LL_Start)
    [Anonymous Symbol]                       0x080053e4   Section        0  usbd_core.o(.text.USBD_LL_Suspend)
    [Anonymous Symbol]                       0x08005400   Section        0  usbd_conf.o(.text.USBD_LL_Transmit)
    [Anonymous Symbol]                       0x08005448   Section        0  usbd_ctlreq.o(.text.USBD_ParseSetupRequest)
    [Anonymous Symbol]                       0x0800548c   Section        0  usbd_core.o(.text.USBD_RegisterClass)
    [Anonymous Symbol]                       0x080054c0   Section        0  usbd_core.o(.text.USBD_RunTestMode)
    USBD_SetAddress                          0x080054cd   Thumb Code   140  usbd_ctlreq.o(.text.USBD_SetAddress)
    [Anonymous Symbol]                       0x080054cc   Section        0  usbd_ctlreq.o(.text.USBD_SetAddress)
    [Anonymous Symbol]                       0x08005558   Section        0  usbd_core.o(.text.USBD_SetClassConfig)
    USBD_SetConfig                           0x08005599   Thumb Code   312  usbd_ctlreq.o(.text.USBD_SetConfig)
    [Anonymous Symbol]                       0x08005598   Section        0  usbd_ctlreq.o(.text.USBD_SetConfig)
    USBD_SetFeature                          0x080056d1   Thumb Code    38  usbd_ctlreq.o(.text.USBD_SetFeature)
    [Anonymous Symbol]                       0x080056d0   Section        0  usbd_ctlreq.o(.text.USBD_SetFeature)
    [Anonymous Symbol]                       0x080056f8   Section        0  usbd_core.o(.text.USBD_Start)
    [Anonymous Symbol]                       0x0800570c   Section        0  usbd_ctlreq.o(.text.USBD_StdDevReq)
    [Anonymous Symbol]                       0x080057c8   Section        0  usbd_ctlreq.o(.text.USBD_StdEPReq)
    [Anonymous Symbol]                       0x08005b00   Section        0  usbd_ctlreq.o(.text.USBD_StdItfReq)
    [Anonymous Symbol]                       0x08005b98   Section        0  usbd_conf.o(.text.USBD_static_free)
    [Anonymous Symbol]                       0x08005ba0   Section        0  usbd_conf.o(.text.USBD_static_malloc)
    [Anonymous Symbol]                       0x08005bb0   Section        0  main.o(.text.USBRcv)
    [Anonymous Symbol]                       0x08005bbc   Section        0  stm32f1xx_ll_usb.o(.text.USB_ActivateEndpoint)
    [Anonymous Symbol]                       0x08006254   Section        0  stm32f1xx_ll_usb.o(.text.USB_CoreInit)
    [Anonymous Symbol]                       0x08006274   Section        0  stm32f1xx_ll_usb.o(.text.USB_DeactivateEndpoint)
    [Anonymous Symbol]                       0x080065d4   Section        0  stm32f1xx_ll_usb.o(.text.USB_DevConnect)
    [Anonymous Symbol]                       0x080065e0   Section        0  stm32f1xx_ll_usb.o(.text.USB_DevDisconnect)
    [Anonymous Symbol]                       0x080065ec   Section        0  stm32f1xx_ll_usb.o(.text.USB_DevInit)
    [Anonymous Symbol]                       0x08006628   Section        0  stm32f1xx_ll_usb.o(.text.USB_DisableGlobalInt)
    [Anonymous Symbol]                       0x08006648   Section        0  stm32f1xx_ll_usb.o(.text.USB_EP0_OutStart)
    [Anonymous Symbol]                       0x08006654   Section        0  stm32f1xx_ll_usb.o(.text.USB_EPClearStall)
    [Anonymous Symbol]                       0x0800679c   Section        0  stm32f1xx_ll_usb.o(.text.USB_EPSetStall)
    [Anonymous Symbol]                       0x08006824   Section        0  stm32f1xx_ll_usb.o(.text.USB_EPStartXfer)
    [Anonymous Symbol]                       0x0800763c   Section        0  stm32f1xx_ll_usb.o(.text.USB_EnableGlobalInt)
    [Anonymous Symbol]                       0x0800765c   Section        0  stm32f1xx_it.o(.text.USB_LP_CAN1_RX0_IRQHandler)
    [Anonymous Symbol]                       0x0800766c   Section        0  stm32f1xx_ll_usb.o(.text.USB_ReadInterrupts)
    [Anonymous Symbol]                       0x08007680   Section        0  stm32f1xx_ll_usb.o(.text.USB_ReadPMA)
    [Anonymous Symbol]                       0x0800770c   Section        0  stm32f1xx_ll_usb.o(.text.USB_SetCurrentMode)
    [Anonymous Symbol]                       0x0800771c   Section        0  stm32f1xx_ll_usb.o(.text.USB_SetDevAddress)
    [Anonymous Symbol]                       0x0800773c   Section        0  stm32f1xx_ll_usb.o(.text.USB_WritePMA)
    [Anonymous Symbol]                       0x080077c0   Section        0  stm32f1xx_it.o(.text.UsageFault_Handler)
    __NVIC_DisableIRQ                        0x080077c5   Thumb Code    56  stm32f1xx_hal_cortex.o(.text.__NVIC_DisableIRQ)
    [Anonymous Symbol]                       0x080077c4   Section        0  stm32f1xx_hal_cortex.o(.text.__NVIC_DisableIRQ)
    __NVIC_EnableIRQ                         0x080077fd   Thumb Code    48  stm32f1xx_hal_cortex.o(.text.__NVIC_EnableIRQ)
    [Anonymous Symbol]                       0x080077fc   Section        0  stm32f1xx_hal_cortex.o(.text.__NVIC_EnableIRQ)
    __NVIC_GetPriorityGrouping               0x0800782d   Thumb Code    16  stm32f1xx_hal_cortex.o(.text.__NVIC_GetPriorityGrouping)
    [Anonymous Symbol]                       0x0800782c   Section        0  stm32f1xx_hal_cortex.o(.text.__NVIC_GetPriorityGrouping)
    __NVIC_SetPriority                       0x0800783d   Thumb Code    66  stm32f1xx_hal_cortex.o(.text.__NVIC_SetPriority)
    [Anonymous Symbol]                       0x0800783c   Section        0  stm32f1xx_hal_cortex.o(.text.__NVIC_SetPriority)
    __NVIC_SetPriorityGrouping               0x08007881   Thumb Code    60  stm32f1xx_hal_cortex.o(.text.__NVIC_SetPriorityGrouping)
    [Anonymous Symbol]                       0x08007880   Section        0  stm32f1xx_hal_cortex.o(.text.__NVIC_SetPriorityGrouping)
    [Anonymous Symbol]                       0x080078bc   Section        0  main.o(.text.delay_us)
    [Anonymous Symbol]                       0x080078ec   Section        0  main.o(.text.main)
    HAL_RCC_GetSysClockFreq.aPLLMULFactorTable 0x080079e8   Data          16  stm32f1xx_hal_rcc.o(.rodata.HAL_RCC_GetSysClockFreq.aPLLMULFactorTable)
    [Anonymous Symbol]                       0x080079e8   Section        0  stm32f1xx_hal_rcc.o(.rodata.HAL_RCC_GetSysClockFreq.aPLLMULFactorTable)
    HAL_RCC_GetSysClockFreq.aPredivFactorTable 0x080079f8   Data           2  stm32f1xx_hal_rcc.o(.rodata.HAL_RCC_GetSysClockFreq.aPredivFactorTable)
    [Anonymous Symbol]                       0x080079f8   Section        0  stm32f1xx_hal_rcc.o(.rodata.HAL_RCC_GetSysClockFreq.aPredivFactorTable)
    .L.str.3                                 0x080079fa   Data          14  usbd_desc.o(.rodata.str1.1)
    [Anonymous Symbol]                       0x080079fa   Section        0  usbd_desc.o(.rodata.str1.1)
    .L.str.2                                 0x08007a08   Data          11  usbd_desc.o(.rodata.str1.1)
    .L.str.1                                 0x08007a13   Data          19  usbd_desc.o(.rodata.str1.1)
    .L.str                                   0x08007a26   Data          22  usbd_desc.o(.rodata.str1.1)
    USBD_CDC_DeviceQualifierDesc             0x200000e0   Data          10  usbd_cdc.o(.data.USBD_CDC_DeviceQualifierDesc)
    [Anonymous Symbol]                       0x200000e0   Section        0  usbd_cdc.o(.data.USBD_CDC_DeviceQualifierDesc)
    .bss                                     0x20000178   Section       96  libspace.o(.bss)
    USBD_SetConfig.cfgidx                    0x200001d8   Data           1  usbd_ctlreq.o(.bss.USBD_SetConfig.cfgidx)
    [Anonymous Symbol]                       0x200001d8   Section        0  usbd_ctlreq.o(.bss.USBD_SetConfig.cfgidx)
    USBD_static_malloc.mem                   0x200003dc   Data         544  usbd_conf.o(.bss.USBD_static_malloc.mem)
    [Anonymous Symbol]                       0x200003dc   Section        0  usbd_conf.o(.bss.USBD_static_malloc.mem)
    Heap_Mem                                 0x20001460   Data         512  startup_stm32f103xb.o(HEAP)
    HEAP                                     0x20001460   Section      512  startup_stm32f103xb.o(HEAP)
    Stack_Mem                                0x20001660   Data        1024  startup_stm32f103xb.o(STACK)
    STACK                                    0x20001660   Section     1024  startup_stm32f103xb.o(STACK)
    __initial_sp                             0x20001a60   Data           0  startup_stm32f103xb.o(STACK)

    Global Symbols

    Symbol Name                              Value     Ov Type        Size  Object(Section)

    BuildAttributes$$THM_ISAv4$P$D$K$B$S$PE$A:L22UL41UL21$X:L11$S22US41US21$IEEE1$IW$~IW$USESV6$~STKCKD$USESV7$~SHL$OSPACE$ROPI$EBA8$UX$STANDARDLIB$REQ8$PRES8$EABIv2 0x00000000   Number         0  anon$$obj.o ABSOLUTE
    __fp_init_empty                          0x00000000   Number         0  fpinit_empty.o ABSOLUTE
    __ARM_exceptions_init                     - Undefined Weak Reference
    __alloca_initialize                       - Undefined Weak Reference
    __arm_preinit_                            - Undefined Weak Reference
    __arm_relocate_pie_                       - Undefined Weak Reference
    __cpp_initialize__aeabi_                  - Undefined Weak Reference
    __cxa_finalize                            - Undefined Weak Reference
    __rt_locale                               - Undefined Weak Reference
    __sigvec_lookup                           - Undefined Weak Reference
    _atexit_init                              - Undefined Weak Reference
    _call_atexit_fns                          - Undefined Weak Reference
    _clock_init                               - Undefined Weak Reference
    _fp_trap_init                             - Undefined Weak Reference
    _fp_trap_shutdown                         - Undefined Weak Reference
    _get_lc_collate                           - Undefined Weak Reference
    _get_lc_ctype                             - Undefined Weak Reference
    _get_lc_monetary                          - Undefined Weak Reference
    _get_lc_numeric                           - Undefined Weak Reference
    _get_lc_time                              - Undefined Weak Reference
    _getenv_init                              - Undefined Weak Reference
    _handle_redirection                       - Undefined Weak Reference
    _init_alloc                               - Undefined Weak Reference
    _init_user_alloc                          - Undefined Weak Reference
    _initio                                   - Undefined Weak Reference
    _rand_init                                - Undefined Weak Reference
    _signal_finish                            - Undefined Weak Reference
    _signal_init                              - Undefined Weak Reference
    _terminate_alloc                          - Undefined Weak Reference
    _terminate_user_alloc                     - Undefined Weak Reference
    _terminateio                              - Undefined Weak Reference
    __Vectors_Size                           0x000000ec   Number         0  startup_stm32f103xb.o ABSOLUTE
    __Vectors                                0x08000000   Data           4  startup_stm32f103xb.o(RESET)
    __Vectors_End                            0x080000ec   Data           0  startup_stm32f103xb.o(RESET)
    __main                                   0x080000ed   Thumb Code     8  __main.o(!!!main)
    __scatterload                            0x080000f5   Thumb Code     0  __scatter.o(!!!scatter)
    __scatterload_rt2                        0x080000f5   Thumb Code    84  __scatter.o(!!!scatter)
    __scatterload_rt2_thumb_only             0x080000f5   Thumb Code     0  __scatter.o(!!!scatter)
    __scatterload_loop                       0x080000ff   Thumb Code     0  __scatter.o(!!!scatter)
    __decompress                             0x08000151   Thumb Code    90  __dczerorl2.o(!!dczerorl2)
    __decompress1                            0x08000151   Thumb Code     0  __dczerorl2.o(!!dczerorl2)
    __scatterload_null                       0x080001ad   Thumb Code     2  __scatter.o(!!handler_null)
    __scatterload_zeroinit                   0x080001b1   Thumb Code    28  __scatter_zi.o(!!handler_zi)
    __rt_lib_init                            0x080001cd   Thumb Code     0  libinit.o(.ARM.Collect$$libinit$$00000000)
    __rt_lib_init_alloca_1                   0x080001cf   Thumb Code     0  libinit2.o(.ARM.Collect$$libinit$$00000030)
    __rt_lib_init_argv_1                     0x080001cf   Thumb Code     0  libinit2.o(.ARM.Collect$$libinit$$0000002E)
    __rt_lib_init_atexit_1                   0x080001cf   Thumb Code     0  libinit2.o(.ARM.Collect$$libinit$$0000001D)
    __rt_lib_init_clock_1                    0x080001cf   Thumb Code     0  libinit2.o(.ARM.Collect$$libinit$$00000023)
    __rt_lib_init_cpp_1                      0x080001cf   Thumb Code     0  libinit2.o(.ARM.Collect$$libinit$$00000034)
    __rt_lib_init_exceptions_1               0x080001cf   Thumb Code     0  libinit2.o(.ARM.Collect$$libinit$$00000032)
    __rt_lib_init_fp_1                       0x080001cf   Thumb Code     0  libinit2.o(.ARM.Collect$$libinit$$00000002)
    __rt_lib_init_fp_trap_1                  0x080001cf   Thumb Code     0  libinit2.o(.ARM.Collect$$libinit$$00000021)
    __rt_lib_init_getenv_1                   0x080001cf   Thumb Code     0  libinit2.o(.ARM.Collect$$libinit$$00000025)
    __rt_lib_init_heap_1                     0x080001cf   Thumb Code     0  libinit2.o(.ARM.Collect$$libinit$$0000000C)
    __rt_lib_init_lc_collate_1               0x080001cf   Thumb Code     0  libinit2.o(.ARM.Collect$$libinit$$00000013)
    __rt_lib_init_lc_ctype_1                 0x080001cf   Thumb Code     0  libinit2.o(.ARM.Collect$$libinit$$00000015)
    __rt_lib_init_lc_monetary_1              0x080001cf   Thumb Code     0  libinit2.o(.ARM.Collect$$libinit$$00000017)
    __rt_lib_init_lc_numeric_1               0x080001cf   Thumb Code     0  libinit2.o(.ARM.Collect$$libinit$$00000019)
    __rt_lib_init_lc_time_1                  0x080001cf   Thumb Code     0  libinit2.o(.ARM.Collect$$libinit$$0000001B)
    __rt_lib_init_preinit_1                  0x080001cf   Thumb Code     0  libinit2.o(.ARM.Collect$$libinit$$00000006)
    __rt_lib_init_rand_1                     0x080001cf   Thumb Code     0  libinit2.o(.ARM.Collect$$libinit$$00000010)
    __rt_lib_init_relocate_pie_1             0x080001cf   Thumb Code     0  libinit2.o(.ARM.Collect$$libinit$$00000004)
    __rt_lib_init_return                     0x080001cf   Thumb Code     0  libinit2.o(.ARM.Collect$$libinit$$00000035)
    __rt_lib_init_signal_1                   0x080001cf   Thumb Code     0  libinit2.o(.ARM.Collect$$libinit$$0000001F)
    __rt_lib_init_stdio_1                    0x080001cf   Thumb Code     0  libinit2.o(.ARM.Collect$$libinit$$00000027)
    __rt_lib_init_user_alloc_1               0x080001cf   Thumb Code     0  libinit2.o(.ARM.Collect$$libinit$$0000000E)
    __rt_lib_shutdown                        0x080001d1   Thumb Code     0  libshutdown.o(.ARM.Collect$$libshutdown$$00000000)
    __rt_lib_shutdown_cpp_1                  0x080001d3   Thumb Code     0  libshutdown2.o(.ARM.Collect$$libshutdown$$00000002)
    __rt_lib_shutdown_fp_trap_1              0x080001d3   Thumb Code     0  libshutdown2.o(.ARM.Collect$$libshutdown$$00000007)
    __rt_lib_shutdown_heap_1                 0x080001d3   Thumb Code     0  libshutdown2.o(.ARM.Collect$$libshutdown$$0000000F)
    __rt_lib_shutdown_return                 0x080001d3   Thumb Code     0  libshutdown2.o(.ARM.Collect$$libshutdown$$00000010)
    __rt_lib_shutdown_signal_1               0x080001d3   Thumb Code     0  libshutdown2.o(.ARM.Collect$$libshutdown$$0000000A)
    __rt_lib_shutdown_stdio_1                0x080001d3   Thumb Code     0  libshutdown2.o(.ARM.Collect$$libshutdown$$00000004)
    __rt_lib_shutdown_user_alloc_1           0x080001d3   Thumb Code     0  libshutdown2.o(.ARM.Collect$$libshutdown$$0000000C)
    __rt_entry                               0x080001d5   Thumb Code     0  __rtentry.o(.ARM.Collect$$rtentry$$00000000)
    __rt_entry_presh_1                       0x080001d5   Thumb Code     0  __rtentry2.o(.ARM.Collect$$rtentry$$00000002)
    __rt_entry_sh                            0x080001d5   Thumb Code     0  __rtentry4.o(.ARM.Collect$$rtentry$$00000004)
    __rt_entry_li                            0x080001db   Thumb Code     0  __rtentry2.o(.ARM.Collect$$rtentry$$0000000A)
    __rt_entry_postsh_1                      0x080001db   Thumb Code     0  __rtentry2.o(.ARM.Collect$$rtentry$$00000009)
    __rt_entry_main                          0x080001df   Thumb Code     0  __rtentry2.o(.ARM.Collect$$rtentry$$0000000D)
    __rt_entry_postli_1                      0x080001df   Thumb Code     0  __rtentry2.o(.ARM.Collect$$rtentry$$0000000C)
    __rt_exit                                0x080001e7   Thumb Code     0  rtexit.o(.ARM.Collect$$rtexit$$00000000)
    __rt_exit_ls                             0x080001e9   Thumb Code     0  rtexit2.o(.ARM.Collect$$rtexit$$00000003)
    __rt_exit_prels_1                        0x080001e9   Thumb Code     0  rtexit2.o(.ARM.Collect$$rtexit$$00000002)
    __rt_exit_exit                           0x080001ed   Thumb Code     0  rtexit2.o(.ARM.Collect$$rtexit$$00000004)
    Reset_Handler                            0x080001f5   Thumb Code     8  startup_stm32f103xb.o(.text)
    ADC1_2_IRQHandler                        0x0800020f   Thumb Code     0  startup_stm32f103xb.o(.text)
    CAN1_RX1_IRQHandler                      0x0800020f   Thumb Code     0  startup_stm32f103xb.o(.text)
    CAN1_SCE_IRQHandler                      0x0800020f   Thumb Code     0  startup_stm32f103xb.o(.text)
    DMA1_Channel1_IRQHandler                 0x0800020f   Thumb Code     0  startup_stm32f103xb.o(.text)
    DMA1_Channel2_IRQHandler                 0x0800020f   Thumb Code     0  startup_stm32f103xb.o(.text)
    DMA1_Channel3_IRQHandler                 0x0800020f   Thumb Code     0  startup_stm32f103xb.o(.text)
    DMA1_Channel4_IRQHandler                 0x0800020f   Thumb Code     0  startup_stm32f103xb.o(.text)
    DMA1_Channel5_IRQHandler                 0x0800020f   Thumb Code     0  startup_stm32f103xb.o(.text)
    DMA1_Channel6_IRQHandler                 0x0800020f   Thumb Code     0  startup_stm32f103xb.o(.text)
    DMA1_Channel7_IRQHandler                 0x0800020f   Thumb Code     0  startup_stm32f103xb.o(.text)
    EXTI0_IRQHandler                         0x0800020f   Thumb Code     0  startup_stm32f103xb.o(.text)
    EXTI15_10_IRQHandler                     0x0800020f   Thumb Code     0  startup_stm32f103xb.o(.text)
    EXTI2_IRQHandler                         0x0800020f   Thumb Code     0  startup_stm32f103xb.o(.text)
    EXTI3_IRQHandler                         0x0800020f   Thumb Code     0  startup_stm32f103xb.o(.text)
    EXTI4_IRQHandler                         0x0800020f   Thumb Code     0  startup_stm32f103xb.o(.text)
    EXTI9_5_IRQHandler                       0x0800020f   Thumb Code     0  startup_stm32f103xb.o(.text)
    FLASH_IRQHandler                         0x0800020f   Thumb Code     0  startup_stm32f103xb.o(.text)
    I2C1_ER_IRQHandler                       0x0800020f   Thumb Code     0  startup_stm32f103xb.o(.text)
    I2C1_EV_IRQHandler                       0x0800020f   Thumb Code     0  startup_stm32f103xb.o(.text)
    I2C2_ER_IRQHandler                       0x0800020f   Thumb Code     0  startup_stm32f103xb.o(.text)
    I2C2_EV_IRQHandler                       0x0800020f   Thumb Code     0  startup_stm32f103xb.o(.text)
    PVD_IRQHandler                           0x0800020f   Thumb Code     0  startup_stm32f103xb.o(.text)
    RTC_Alarm_IRQHandler                     0x0800020f   Thumb Code     0  startup_stm32f103xb.o(.text)
    RTC_IRQHandler                           0x0800020f   Thumb Code     0  startup_stm32f103xb.o(.text)
    SPI1_IRQHandler                          0x0800020f   Thumb Code     0  startup_stm32f103xb.o(.text)
    SPI2_IRQHandler                          0x0800020f   Thumb Code     0  startup_stm32f103xb.o(.text)
    TAMPER_IRQHandler                        0x0800020f   Thumb Code     0  startup_stm32f103xb.o(.text)
    TIM1_BRK_IRQHandler                      0x0800020f   Thumb Code     0  startup_stm32f103xb.o(.text)
    TIM1_CC_IRQHandler                       0x0800020f   Thumb Code     0  startup_stm32f103xb.o(.text)
    TIM1_TRG_COM_IRQHandler                  0x0800020f   Thumb Code     0  startup_stm32f103xb.o(.text)
    TIM1_UP_IRQHandler                       0x0800020f   Thumb Code     0  startup_stm32f103xb.o(.text)
    TIM2_IRQHandler                          0x0800020f   Thumb Code     0  startup_stm32f103xb.o(.text)
    TIM3_IRQHandler                          0x0800020f   Thumb Code     0  startup_stm32f103xb.o(.text)
    TIM4_IRQHandler                          0x0800020f   Thumb Code     0  startup_stm32f103xb.o(.text)
    USART1_IRQHandler                        0x0800020f   Thumb Code     0  startup_stm32f103xb.o(.text)
    USART2_IRQHandler                        0x0800020f   Thumb Code     0  startup_stm32f103xb.o(.text)
    USART3_IRQHandler                        0x0800020f   Thumb Code     0  startup_stm32f103xb.o(.text)
    USBWakeUp_IRQHandler                     0x0800020f   Thumb Code     0  startup_stm32f103xb.o(.text)
    USB_HP_CAN1_TX_IRQHandler                0x0800020f   Thumb Code     0  startup_stm32f103xb.o(.text)
    WWDG_IRQHandler                          0x0800020f   Thumb Code     0  startup_stm32f103xb.o(.text)
    __user_initial_stackheap                 0x08000211   Thumb Code     0  startup_stm32f103xb.o(.text)
    __aeabi_memclr4                          0x08000235   Thumb Code     0  rt_memclr_w.o(.text)
    __aeabi_memclr8                          0x08000235   Thumb Code     0  rt_memclr_w.o(.text)
    __rt_memclr_w                            0x08000235   Thumb Code     0  rt_memclr_w.o(.text)
    _memset_w                                0x08000239   Thumb Code    74  rt_memclr_w.o(.text)
    __use_two_region_memory                  0x08000283   Thumb Code     2  heapauxi.o(.text)
    __rt_heap_escrow$2region                 0x08000285   Thumb Code     2  heapauxi.o(.text)
    __rt_heap_expand$2region                 0x08000287   Thumb Code     2  heapauxi.o(.text)
    __user_setup_stackheap                   0x08000289   Thumb Code    74  sys_stackheap_outer.o(.text)
    exit                                     0x080002d3   Thumb Code    18  exit.o(.text)
    __user_libspace                          0x080002e5   Thumb Code     8  libspace.o(.text)
    __user_perproc_libspace                  0x080002e5   Thumb Code     0  libspace.o(.text)
    __user_perthread_libspace                0x080002e5   Thumb Code     0  libspace.o(.text)
    _sys_exit                                0x080002ed   Thumb Code     8  sys_exit.o(.text)
    __I$use$semihosting                      0x080002f9   Thumb Code     0  use_no_semi.o(.text)
    __use_no_semihosting_swi                 0x080002f9   Thumb Code     2  use_no_semi.o(.text)
    __semihosting_library_function           0x080002fb   Thumb Code     0  indicate_semi.o(.text)
    BusFault_Handler                         0x080002fd   Thumb Code     4  stm32f1xx_it.o(.text.BusFault_Handler)
    DebugMon_Handler                         0x080003c5   Thumb Code     2  stm32f1xx_it.o(.text.DebugMon_Handler)
    EXTI1_IRQHandler                         0x080003c9   Thumb Code    10  stm32f1xx_it.o(.text.EXTI1_IRQHandler)
    Error_Handler                            0x080003d5   Thumb Code    14  main.o(.text.Error_Handler)
    HAL_GPIO_EXTI_Callback                   0x08000441   Thumb Code    34  main.o(.text.HAL_GPIO_EXTI_Callback)
    HAL_GPIO_EXTI_IRQHandler                 0x08000465   Thumb Code    56  stm32f1xx_hal_gpio.o(.text.HAL_GPIO_EXTI_IRQHandler)
    HAL_GPIO_Init                            0x0800049d   Thumb Code   798  stm32f1xx_hal_gpio.o(.text.HAL_GPIO_Init)
    HAL_GPIO_ReadPin                         0x080007bd   Thumb Code    46  stm32f1xx_hal_gpio.o(.text.HAL_GPIO_ReadPin)
    HAL_GPIO_TogglePin                       0x080007ed   Thumb Code    38  stm32f1xx_hal_gpio.o(.text.HAL_GPIO_TogglePin)
    HAL_GPIO_WritePin                        0x08000815   Thumb Code    46  stm32f1xx_hal_gpio.o(.text.HAL_GPIO_WritePin)
    HAL_GetTick                              0x08000845   Thumb Code    12  stm32f1xx_hal.o(.text.HAL_GetTick)
    HAL_I2C_Init                             0x08000851   Thumb Code   676  stm32f1xx_hal_i2c.o(.text.HAL_I2C_Init)
    HAL_I2C_MspInit                          0x08000af5   Thumb Code   126  stm32f1xx_hal_msp.o(.text.HAL_I2C_MspInit)
    HAL_IWDG_Init                            0x08000b75   Thumb Code   144  stm32f1xx_hal_iwdg.o(.text.HAL_IWDG_Init)
    HAL_IWDG_Refresh                         0x08000c05   Thumb Code    20  stm32f1xx_hal_iwdg.o(.text.HAL_IWDG_Refresh)
    HAL_IncTick                              0x08000c19   Thumb Code    26  stm32f1xx_hal.o(.text.HAL_IncTick)
    HAL_Init                                 0x08000c35   Thumb Code    38  stm32f1xx_hal.o(.text.HAL_Init)
    HAL_InitTick                             0x08000c5d   Thumb Code   112  stm32f1xx_hal.o(.text.HAL_InitTick)
    HAL_MspInit                              0x08000ccd   Thumb Code   120  stm32f1xx_hal_msp.o(.text.HAL_MspInit)
    HAL_NVIC_DisableIRQ                      0x08000d45   Thumb Code    20  stm32f1xx_hal_cortex.o(.text.HAL_NVIC_DisableIRQ)
    HAL_NVIC_EnableIRQ                       0x08000d59   Thumb Code    20  stm32f1xx_hal_cortex.o(.text.HAL_NVIC_EnableIRQ)
    HAL_NVIC_SetPriority                     0x08000d6d   Thumb Code    50  stm32f1xx_hal_cortex.o(.text.HAL_NVIC_SetPriority)
    HAL_NVIC_SetPriorityGrouping             0x08000da1   Thumb Code    16  stm32f1xx_hal_cortex.o(.text.HAL_NVIC_SetPriorityGrouping)
    HAL_PCDEx_PMAConfig                      0x08000db1   Thumb Code   122  stm32f1xx_hal_pcd_ex.o(.text.HAL_PCDEx_PMAConfig)
    HAL_PCDEx_SetConnectionState             0x08000e2d   Thumb Code    26  usbd_conf.o(.text.HAL_PCDEx_SetConnectionState)
    HAL_PCD_DataInStageCallback              0x08000e49   Thumb Code    38  usbd_conf.o(.text.HAL_PCD_DataInStageCallback)
    HAL_PCD_DataOutStageCallback             0x08000e71   Thumb Code    40  usbd_conf.o(.text.HAL_PCD_DataOutStageCallback)
    HAL_PCD_EP_Close                         0x08000e99   Thumb Code   168  stm32f1xx_hal_pcd.o(.text.HAL_PCD_EP_Close)
    HAL_PCD_EP_ClrStall                      0x08000f41   Thumb Code   200  stm32f1xx_hal_pcd.o(.text.HAL_PCD_EP_ClrStall)
    HAL_PCD_EP_GetRxCount                    0x08001951   Thumb Code    34  stm32f1xx_hal_pcd.o(.text.HAL_PCD_EP_GetRxCount)
    HAL_PCD_EP_Open                          0x08001975   Thumb Code   218  stm32f1xx_hal_pcd.o(.text.HAL_PCD_EP_Open)
    HAL_PCD_EP_Receive                       0x08001a51   Thumb Code    90  stm32f1xx_hal_pcd.o(.text.HAL_PCD_EP_Receive)
    HAL_PCD_EP_SetStall                      0x08001aad   Thumb Code   220  stm32f1xx_hal_pcd.o(.text.HAL_PCD_EP_SetStall)
    HAL_PCD_EP_Transmit                      0x08001b89   Thumb Code   102  stm32f1xx_hal_pcd.o(.text.HAL_PCD_EP_Transmit)
    HAL_PCD_IRQHandler                       0x08001bf1   Thumb Code   516  stm32f1xx_hal_pcd.o(.text.HAL_PCD_IRQHandler)
    HAL_PCD_Init                             0x08001df5   Thumb Code   516  stm32f1xx_hal_pcd.o(.text.HAL_PCD_Init)
    HAL_PCD_MspInit                          0x08001ff9   Thumb Code    78  usbd_conf.o(.text.HAL_PCD_MspInit)
    HAL_PCD_ResetCallback                    0x08002049   Thumb Code    56  usbd_conf.o(.text.HAL_PCD_ResetCallback)
    HAL_PCD_ResumeCallback                   0x08002081   Thumb Code    20  usbd_conf.o(.text.HAL_PCD_ResumeCallback)
    HAL_PCD_SOFCallback                      0x08002095   Thumb Code    20  usbd_conf.o(.text.HAL_PCD_SOFCallback)
    HAL_PCD_SetAddress                       0x080020a9   Thumb Code    92  stm32f1xx_hal_pcd.o(.text.HAL_PCD_SetAddress)
    HAL_PCD_SetupStageCallback               0x08002105   Thumb Code    24  usbd_conf.o(.text.HAL_PCD_SetupStageCallback)
    HAL_PCD_Start                            0x0800211d   Thumb Code    92  stm32f1xx_hal_pcd.o(.text.HAL_PCD_Start)
    HAL_PCD_SuspendCallback                  0x08002179   Thumb Code    46  usbd_conf.o(.text.HAL_PCD_SuspendCallback)
    HAL_RCCEx_PeriphCLKConfig                0x080021a9   Thumb Code   456  stm32f1xx_hal_rcc_ex.o(.text.HAL_RCCEx_PeriphCLKConfig)
    HAL_RCC_CSSCallback                      0x08002371   Thumb Code     2  stm32f1xx_hal_rcc.o(.text.HAL_RCC_CSSCallback)
    HAL_RCC_ClockConfig                      0x08002375   Thumb Code   598  stm32f1xx_hal_rcc.o(.text.HAL_RCC_ClockConfig)
    HAL_RCC_EnableCSS                        0x080025cd   Thumb Code    12  stm32f1xx_hal_rcc.o(.text.HAL_RCC_EnableCSS)
    HAL_RCC_GetHCLKFreq                      0x080025d9   Thumb Code    12  stm32f1xx_hal_rcc.o(.text.HAL_RCC_GetHCLKFreq)
    HAL_RCC_GetPCLK1Freq                     0x080025e5   Thumb Code    34  stm32f1xx_hal_rcc.o(.text.HAL_RCC_GetPCLK1Freq)
    HAL_RCC_GetSysClockFreq                  0x08002609   Thumb Code   188  stm32f1xx_hal_rcc.o(.text.HAL_RCC_GetSysClockFreq)
    HAL_RCC_NMI_IRQHandler                   0x080026c5   Thumb Code    40  stm32f1xx_hal_rcc.o(.text.HAL_RCC_NMI_IRQHandler)
    HAL_RCC_OscConfig                        0x080026ed   Thumb Code  1658  stm32f1xx_hal_rcc.o(.text.HAL_RCC_OscConfig)
    HAL_SYSTICK_Config                       0x08002d69   Thumb Code    16  stm32f1xx_hal_cortex.o(.text.HAL_SYSTICK_Config)
    HAL_TIMEx_MasterConfigSynchronization    0x08002d79   Thumb Code   220  stm32f1xx_hal_tim_ex.o(.text.HAL_TIMEx_MasterConfigSynchronization)
    HAL_TIM_Base_Init                        0x08002e55   Thumb Code   156  stm32f1xx_hal_tim.o(.text.HAL_TIM_Base_Init)
    HAL_TIM_Base_MspInit                     0x08002ef1   Thumb Code    58  stm32f1xx_hal_msp.o(.text.HAL_TIM_Base_MspInit)
    HAL_TIM_Base_Start_IT                    0x08002f2d   Thumb Code   176  stm32f1xx_hal_tim.o(.text.HAL_TIM_Base_Start_IT)
    HAL_TIM_ConfigClockSource                0x08002fdd   Thumb Code   388  stm32f1xx_hal_tim.o(.text.HAL_TIM_ConfigClockSource)
    HardFault_Handler                        0x08003161   Thumb Code     4  stm32f1xx_it.o(.text.HardFault_Handler)
    MX_USB_DEVICE_Init                       0x080033f5   Thumb Code   118  usb_device.o(.text.MX_USB_DEVICE_Init)
    MemManage_Handler                        0x0800346d   Thumb Code     4  stm32f1xx_it.o(.text.MemManage_Handler)
    NMI_Handler                              0x08003471   Thumb Code    10  stm32f1xx_it.o(.text.NMI_Handler)
    PendSV_Handler                           0x08003bf5   Thumb Code     2  stm32f1xx_it.o(.text.PendSV_Handler)
    RCC_IRQHandler                           0x08003c35   Thumb Code     2  stm32f1xx_it.o(.text.RCC_IRQHandler)
    SVC_Handler                              0x08003c39   Thumb Code     2  stm32f1xx_it.o(.text.SVC_Handler)
    SysTick_Handler                          0x08003c91   Thumb Code     8  stm32f1xx_it.o(.text.SysTick_Handler)
    SystemClock_Config                       0x08003c99   Thumb Code   150  main.o(.text.SystemClock_Config)
    SystemInit                               0x08003d31   Thumb Code     2  system_stm32f1xx.o(.text.SystemInit)
    TIM_Base_SetConfig                       0x08003d35   Thumb Code   262  stm32f1xx_hal_tim.o(.text.TIM_Base_SetConfig)
    TIM_ETR_SetConfig                        0x08003e3d   Thumb Code    52  stm32f1xx_hal_tim.o(.text.TIM_ETR_SetConfig)
    TTP229_ReadKeys                          0x08003f41   Thumb Code   190  main.o(.text.TTP229_ReadKeys)
    USBD_CDC_GetDeviceQualifierDescriptor    0x080041b1   Thumb Code    22  usbd_cdc.o(.text.USBD_CDC_GetDeviceQualifierDescriptor)
    USBD_CDC_ReceivePacket                   0x0800430d   Thumb Code    94  usbd_cdc.o(.text.USBD_CDC_ReceivePacket)
    USBD_CDC_RegisterInterface               0x0800436d   Thumb Code    42  usbd_cdc.o(.text.USBD_CDC_RegisterInterface)
    USBD_CDC_SetRxBuffer                     0x08004399   Thumb Code    28  usbd_cdc.o(.text.USBD_CDC_SetRxBuffer)
    USBD_CDC_SetTxBuffer                     0x080043b5   Thumb Code    42  usbd_cdc.o(.text.USBD_CDC_SetTxBuffer)
    USBD_ClrClassConfig                      0x08004541   Thumb Code    30  usbd_core.o(.text.USBD_ClrClassConfig)
    USBD_CtlContinueRx                       0x080045a1   Thumb Code    34  usbd_ioreq.o(.text.USBD_CtlContinueRx)
    USBD_CtlContinueSendData                 0x080045c5   Thumb Code    34  usbd_ioreq.o(.text.USBD_CtlContinueSendData)
    USBD_CtlError                            0x080045e9   Thumb Code    28  usbd_ctlreq.o(.text.USBD_CtlError)
    USBD_CtlPrepareRx                        0x08004605   Thumb Code    62  usbd_ioreq.o(.text.USBD_CtlPrepareRx)
    USBD_CtlReceiveStatus                    0x08004645   Thumb Code    34  usbd_ioreq.o(.text.USBD_CtlReceiveStatus)
    USBD_CtlSendData                         0x08004669   Thumb Code    58  usbd_ioreq.o(.text.USBD_CtlSendData)
    USBD_CtlSendStatus                       0x080046a5   Thumb Code    34  usbd_ioreq.o(.text.USBD_CtlSendStatus)
    USBD_FS_ConfigStrDescriptor              0x080046c9   Thumb Code    78  usbd_desc.o(.text.USBD_FS_ConfigStrDescriptor)
    USBD_FS_DeviceDescriptor                 0x08004719   Thumb Code    26  usbd_desc.o(.text.USBD_FS_DeviceDescriptor)
    USBD_FS_InterfaceStrDescriptor           0x08004735   Thumb Code    78  usbd_desc.o(.text.USBD_FS_InterfaceStrDescriptor)
    USBD_FS_LangIDStrDescriptor              0x08004785   Thumb Code    26  usbd_desc.o(.text.USBD_FS_LangIDStrDescriptor)
    USBD_FS_ManufacturerStrDescriptor        0x080047a1   Thumb Code    40  usbd_desc.o(.text.USBD_FS_ManufacturerStrDescriptor)
    USBD_FS_ProductStrDescriptor             0x080047c9   Thumb Code    78  usbd_desc.o(.text.USBD_FS_ProductStrDescriptor)
    USBD_FS_SerialStrDescriptor              0x08004819   Thumb Code    32  usbd_desc.o(.text.USBD_FS_SerialStrDescriptor)
    USBD_GetString                           0x08004c09   Thumb Code   130  usbd_ctlreq.o(.text.USBD_GetString)
    USBD_Init                                0x08004ce1   Thumb Code   100  usbd_core.o(.text.USBD_Init)
    USBD_LL_ClearStallEP                     0x08004d45   Thumb Code    58  usbd_conf.o(.text.USBD_LL_ClearStallEP)
    USBD_LL_CloseEP                          0x08004d81   Thumb Code    58  usbd_conf.o(.text.USBD_LL_CloseEP)
    USBD_LL_DataInStage                      0x08004dbd   Thumb Code   354  usbd_core.o(.text.USBD_LL_DataInStage)
    USBD_LL_DataOutStage                     0x08004f21   Thumb Code   258  usbd_core.o(.text.USBD_LL_DataOutStage)
    USBD_LL_GetRxDataSize                    0x08005025   Thumb Code    28  usbd_conf.o(.text.USBD_LL_GetRxDataSize)
    USBD_LL_Init                             0x08005041   Thumb Code   160  usbd_conf.o(.text.USBD_LL_Init)
    USBD_LL_IsStallEP                        0x080050e1   Thumb Code    90  usbd_conf.o(.text.USBD_LL_IsStallEP)
    USBD_LL_OpenEP                           0x0800513d   Thumb Code    74  usbd_conf.o(.text.USBD_LL_OpenEP)
    USBD_LL_PrepareReceive                   0x08005189   Thumb Code    70  usbd_conf.o(.text.USBD_LL_PrepareReceive)
    USBD_LL_Reset                            0x080051d1   Thumb Code   116  usbd_core.o(.text.USBD_LL_Reset)
    USBD_LL_Resume                           0x08005245   Thumb Code    34  usbd_core.o(.text.USBD_LL_Resume)
    USBD_LL_SOF                              0x08005269   Thumb Code    50  usbd_core.o(.text.USBD_LL_SOF)
    USBD_LL_SetSpeed                         0x0800529d   Thumb Code    22  usbd_core.o(.text.USBD_LL_SetSpeed)
    USBD_LL_SetUSBAddress                    0x080052b5   Thumb Code    58  usbd_conf.o(.text.USBD_LL_SetUSBAddress)
    USBD_LL_SetupStage                       0x080052f1   Thumb Code   130  usbd_core.o(.text.USBD_LL_SetupStage)
    USBD_LL_StallEP                          0x08005375   Thumb Code    58  usbd_conf.o(.text.USBD_LL_StallEP)
    USBD_LL_Start                            0x080053b1   Thumb Code    50  usbd_conf.o(.text.USBD_LL_Start)
    USBD_LL_Suspend                          0x080053e5   Thumb Code    28  usbd_core.o(.text.USBD_LL_Suspend)
    USBD_LL_Transmit                         0x08005401   Thumb Code    70  usbd_conf.o(.text.USBD_LL_Transmit)
    USBD_ParseSetupRequest                   0x08005449   Thumb Code    68  usbd_ctlreq.o(.text.USBD_ParseSetupRequest)
    USBD_RegisterClass                       0x0800548d   Thumb Code    50  usbd_core.o(.text.USBD_RegisterClass)
    USBD_RunTestMode                         0x080054c1   Thumb Code    10  usbd_core.o(.text.USBD_RunTestMode)
    USBD_SetClassConfig                      0x08005559   Thumb Code    62  usbd_core.o(.text.USBD_SetClassConfig)
    USBD_Start                               0x080056f9   Thumb Code    18  usbd_core.o(.text.USBD_Start)
    USBD_StdDevReq                           0x0800570d   Thumb Code   188  usbd_ctlreq.o(.text.USBD_StdDevReq)
    USBD_StdEPReq                            0x080057c9   Thumb Code   822  usbd_ctlreq.o(.text.USBD_StdEPReq)
    USBD_StdItfReq                           0x08005b01   Thumb Code   152  usbd_ctlreq.o(.text.USBD_StdItfReq)
    USBD_static_free                         0x08005b99   Thumb Code     8  usbd_conf.o(.text.USBD_static_free)
    USBD_static_malloc                       0x08005ba1   Thumb Code    16  usbd_conf.o(.text.USBD_static_malloc)
    USBRcv                                   0x08005bb1   Thumb Code    12  main.o(.text.USBRcv)
    USB_ActivateEndpoint                     0x08005bbd   Thumb Code  1686  stm32f1xx_ll_usb.o(.text.USB_ActivateEndpoint)
    USB_CoreInit                             0x08006255   Thumb Code    32  stm32f1xx_ll_usb.o(.text.USB_CoreInit)
    USB_DeactivateEndpoint                   0x08006275   Thumb Code   864  stm32f1xx_ll_usb.o(.text.USB_DeactivateEndpoint)
    USB_DevConnect                           0x080065d5   Thumb Code    10  stm32f1xx_ll_usb.o(.text.USB_DevConnect)
    USB_DevDisconnect                        0x080065e1   Thumb Code    10  stm32f1xx_ll_usb.o(.text.USB_DevDisconnect)
    USB_DevInit                              0x080065ed   Thumb Code    58  stm32f1xx_ll_usb.o(.text.USB_DevInit)
    USB_DisableGlobalInt                     0x08006629   Thumb Code    30  stm32f1xx_ll_usb.o(.text.USB_DisableGlobalInt)
    USB_EP0_OutStart                         0x08006649   Thumb Code    12  stm32f1xx_ll_usb.o(.text.USB_EP0_OutStart)
    USB_EPClearStall                         0x08006655   Thumb Code   328  stm32f1xx_ll_usb.o(.text.USB_EPClearStall)
    USB_EPSetStall                           0x0800679d   Thumb Code   136  stm32f1xx_ll_usb.o(.text.USB_EPSetStall)
    USB_EPStartXfer                          0x08006825   Thumb Code  3606  stm32f1xx_ll_usb.o(.text.USB_EPStartXfer)
    USB_EnableGlobalInt                      0x0800763d   Thumb Code    30  stm32f1xx_ll_usb.o(.text.USB_EnableGlobalInt)
    USB_LP_CAN1_RX0_IRQHandler               0x0800765d   Thumb Code    16  stm32f1xx_it.o(.text.USB_LP_CAN1_RX0_IRQHandler)
    USB_ReadInterrupts                       0x0800766d   Thumb Code    18  stm32f1xx_ll_usb.o(.text.USB_ReadInterrupts)
    USB_ReadPMA                              0x08007681   Thumb Code   140  stm32f1xx_ll_usb.o(.text.USB_ReadPMA)
    USB_SetCurrentMode                       0x0800770d   Thumb Code    14  stm32f1xx_ll_usb.o(.text.USB_SetCurrentMode)
    USB_SetDevAddress                        0x0800771d   Thumb Code    32  stm32f1xx_ll_usb.o(.text.USB_SetDevAddress)
    USB_WritePMA                             0x0800773d   Thumb Code   130  stm32f1xx_ll_usb.o(.text.USB_WritePMA)
    UsageFault_Handler                       0x080077c1   Thumb Code     4  stm32f1xx_it.o(.text.UsageFault_Handler)
    delay_us                                 0x080078bd   Thumb Code    46  main.o(.text.delay_us)
    main                                     0x080078ed   Thumb Code   228  main.o(.text.main)
    AHBPrescTable                            0x080079d0   Data          16  system_stm32f1xx.o(.rodata.AHBPrescTable)
    APBPrescTable                            0x080079e0   Data           8  system_stm32f1xx.o(.rodata.APBPrescTable)
    Region$$Table$$Base                      0x08007a3c   Number         0  anon$$obj.o(Region$$Table)
    Region$$Table$$Limit                     0x08007a5c   Number         0  anon$$obj.o(Region$$Table)
    FS_Desc                                  0x20000000   Data          28  usbd_desc.o(.data.FS_Desc)
    SystemCoreClock                          0x2000001c   Data           4  system_stm32f1xx.o(.data.SystemCoreClock)
    USBD_CDC                                 0x20000020   Data          56  usbd_cdc.o(.data.USBD_CDC)
    USBD_CDC_CfgFSDesc                       0x20000058   Data          67  usbd_cdc.o(.data.USBD_CDC_CfgFSDesc)
    USBD_CDC_CfgHSDesc                       0x2000009c   Data          67  usbd_cdc.o(.data.USBD_CDC_CfgHSDesc)
    USBD_CDC_OtherSpeedCfgDesc               0x200000ec   Data          67  usbd_cdc.o(.data.USBD_CDC_OtherSpeedCfgDesc)
    USBD_FS_DeviceDesc                       0x20000130   Data          18  usbd_desc.o(.data.USBD_FS_DeviceDesc)
    USBD_Interface_fops_FS                   0x20000144   Data          16  usbd_cdc_if.o(.data.USBD_Interface_fops_FS)
    USBD_LangIDDesc                          0x20000154   Data           4  usbd_desc.o(.data.USBD_LangIDDesc)
    USBD_StringSerial                        0x20000158   Data          26  usbd_desc.o(.data.USBD_StringSerial)
    uwTickFreq                               0x20000172   Data           1  stm32f1xx_hal.o(.data.uwTickFreq)
    uwTickPrio                               0x20000174   Data           4  stm32f1xx_hal.o(.data.uwTickPrio)
    __libspace_start                         0x20000178   Data          96  libspace.o(.bss)
    __temporary_stack_top$libspace           0x200001d8   Data           0  libspace.o(.bss)
    USBD_StrDesc                             0x200001dc   Data         512  usbd_desc.o(.bss.USBD_StrDesc)
    UserRxBufferFS                           0x200005fc   Data        1024  usbd_cdc_if.o(.bss.UserRxBufferFS)
    UserTxBufferFS                           0x200009fc   Data        1024  usbd_cdc_if.o(.bss.UserTxBufferFS)
    flag                                     0x20000dfc   Data           1  main.o(.bss.flag)
    hUsbDeviceFS                             0x20000e00   Data         708  usb_device.o(.bss.hUsbDeviceFS)
    hi2c1                                    0x200010c4   Data          84  main.o(.bss.hi2c1)
    hiwdg                                    0x20001118   Data          12  main.o(.bss.hiwdg)
    hpcd_USB_FS                              0x20001124   Data         728  usbd_conf.o(.bss.hpcd_USB_FS)
    htim4                                    0x200013fc   Data          72  main.o(.bss.htim4)
    key_array                                0x20001444   Data          16  main.o(.bss.key_array)
    nextLedTime                              0x20001454   Data           4  main.o(.bss.nextLedTime)
    ttpState                                 0x20001458   Data           2  main.o(.bss.ttpState)
    uwTick                                   0x2000145c   Data           4  stm32f1xx_hal.o(.bss.uwTick)



==============================================================================

Memory Map of the image

  Image Entry point : 0x080000ed

  Load Region LR_IROM1 (Base: 0x08000000, Size: 0x00007bd8, Max: 0x00010000, ABSOLUTE, COMPRESSED[0x00007b20])

    Execution Region ER_IROM1 (Exec base: 0x08000000, Load base: 0x08000000, Size: 0x00007a5c, Max: 0x00010000, ABSOLUTE)

    Exec Addr    Load Addr    Size         Type   Attr      Idx    E Section Name        Object

    0x08000000   0x08000000   0x000000ec   Data   RO            3    RESET               startup_stm32f103xb.o
    0x080000ec   0x080000ec   0x00000008   Code   RO         1464  * !!!main             c_w.l(__main.o)
    0x080000f4   0x080000f4   0x0000005c   Code   RO         1631    !!!scatter          c_w.l(__scatter.o)
    0x08000150   0x08000150   0x0000005a   Code   RO         1629    !!dczerorl2         c_w.l(__dczerorl2.o)
    0x080001aa   0x080001aa   0x00000002   PAD
    0x080001ac   0x080001ac   0x00000002   Code   RO         1632    !!handler_null      c_w.l(__scatter.o)
    0x080001ae   0x080001ae   0x00000002   PAD
    0x080001b0   0x080001b0   0x0000001c   Code   RO         1635    !!handler_zi        c_w.l(__scatter_zi.o)
    0x080001cc   0x080001cc   0x00000002   Code   RO         1491    .ARM.Collect$$libinit$$00000000  c_w.l(libinit.o)
    0x080001ce   0x080001ce   0x00000000   Code   RO         1498    .ARM.Collect$$libinit$$00000002  c_w.l(libinit2.o)
    0x080001ce   0x080001ce   0x00000000   Code   RO         1500    .ARM.Collect$$libinit$$00000004  c_w.l(libinit2.o)
    0x080001ce   0x080001ce   0x00000000   Code   RO         1502    .ARM.Collect$$libinit$$00000006  c_w.l(libinit2.o)
    0x080001ce   0x080001ce   0x00000000   Code   RO         1505    .ARM.Collect$$libinit$$0000000C  c_w.l(libinit2.o)
    0x080001ce   0x080001ce   0x00000000   Code   RO         1507    .ARM.Collect$$libinit$$0000000E  c_w.l(libinit2.o)
    0x080001ce   0x080001ce   0x00000000   Code   RO         1509    .ARM.Collect$$libinit$$00000010  c_w.l(libinit2.o)
    0x080001ce   0x080001ce   0x00000000   Code   RO         1512    .ARM.Collect$$libinit$$00000013  c_w.l(libinit2.o)
    0x080001ce   0x080001ce   0x00000000   Code   RO         1514    .ARM.Collect$$libinit$$00000015  c_w.l(libinit2.o)
    0x080001ce   0x080001ce   0x00000000   Code   RO         1516    .ARM.Collect$$libinit$$00000017  c_w.l(libinit2.o)
    0x080001ce   0x080001ce   0x00000000   Code   RO         1518    .ARM.Collect$$libinit$$00000019  c_w.l(libinit2.o)
    0x080001ce   0x080001ce   0x00000000   Code   RO         1520    .ARM.Collect$$libinit$$0000001B  c_w.l(libinit2.o)
    0x080001ce   0x080001ce   0x00000000   Code   RO         1522    .ARM.Collect$$libinit$$0000001D  c_w.l(libinit2.o)
    0x080001ce   0x080001ce   0x00000000   Code   RO         1524    .ARM.Collect$$libinit$$0000001F  c_w.l(libinit2.o)
    0x080001ce   0x080001ce   0x00000000   Code   RO         1526    .ARM.Collect$$libinit$$00000021  c_w.l(libinit2.o)
    0x080001ce   0x080001ce   0x00000000   Code   RO         1528    .ARM.Collect$$libinit$$00000023  c_w.l(libinit2.o)
    0x080001ce   0x080001ce   0x00000000   Code   RO         1530    .ARM.Collect$$libinit$$00000025  c_w.l(libinit2.o)
    0x080001ce   0x080001ce   0x00000000   Code   RO         1532    .ARM.Collect$$libinit$$00000027  c_w.l(libinit2.o)
    0x080001ce   0x080001ce   0x00000000   Code   RO         1536    .ARM.Collect$$libinit$$0000002E  c_w.l(libinit2.o)
    0x080001ce   0x080001ce   0x00000000   Code   RO         1538    .ARM.Collect$$libinit$$00000030  c_w.l(libinit2.o)
    0x080001ce   0x080001ce   0x00000000   Code   RO         1540    .ARM.Collect$$libinit$$00000032  c_w.l(libinit2.o)
    0x080001ce   0x080001ce   0x00000000   Code   RO         1542    .ARM.Collect$$libinit$$00000034  c_w.l(libinit2.o)
    0x080001ce   0x080001ce   0x00000002   Code   RO         1543    .ARM.Collect$$libinit$$00000035  c_w.l(libinit2.o)
    0x080001d0   0x080001d0   0x00000002   Code   RO         1565    .ARM.Collect$$libshutdown$$00000000  c_w.l(libshutdown.o)
    0x080001d2   0x080001d2   0x00000000   Code   RO         1580    .ARM.Collect$$libshutdown$$00000002  c_w.l(libshutdown2.o)
    0x080001d2   0x080001d2   0x00000000   Code   RO         1582    .ARM.Collect$$libshutdown$$00000004  c_w.l(libshutdown2.o)
    0x080001d2   0x080001d2   0x00000000   Code   RO         1585    .ARM.Collect$$libshutdown$$00000007  c_w.l(libshutdown2.o)
    0x080001d2   0x080001d2   0x00000000   Code   RO         1588    .ARM.Collect$$libshutdown$$0000000A  c_w.l(libshutdown2.o)
    0x080001d2   0x080001d2   0x00000000   Code   RO         1590    .ARM.Collect$$libshutdown$$0000000C  c_w.l(libshutdown2.o)
    0x080001d2   0x080001d2   0x00000000   Code   RO         1593    .ARM.Collect$$libshutdown$$0000000F  c_w.l(libshutdown2.o)
    0x080001d2   0x080001d2   0x00000002   Code   RO         1594    .ARM.Collect$$libshutdown$$00000010  c_w.l(libshutdown2.o)
    0x080001d4   0x080001d4   0x00000000   Code   RO         1466    .ARM.Collect$$rtentry$$00000000  c_w.l(__rtentry.o)
    0x080001d4   0x080001d4   0x00000000   Code   RO         1468    .ARM.Collect$$rtentry$$00000002  c_w.l(__rtentry2.o)
    0x080001d4   0x080001d4   0x00000006   Code   RO         1480    .ARM.Collect$$rtentry$$00000004  c_w.l(__rtentry4.o)
    0x080001da   0x080001da   0x00000000   Code   RO         1470    .ARM.Collect$$rtentry$$00000009  c_w.l(__rtentry2.o)
    0x080001da   0x080001da   0x00000004   Code   RO         1471    .ARM.Collect$$rtentry$$0000000A  c_w.l(__rtentry2.o)
    0x080001de   0x080001de   0x00000000   Code   RO         1473    .ARM.Collect$$rtentry$$0000000C  c_w.l(__rtentry2.o)
    0x080001de   0x080001de   0x00000008   Code   RO         1474    .ARM.Collect$$rtentry$$0000000D  c_w.l(__rtentry2.o)
    0x080001e6   0x080001e6   0x00000002   Code   RO         1495    .ARM.Collect$$rtexit$$00000000  c_w.l(rtexit.o)
    0x080001e8   0x080001e8   0x00000000   Code   RO         1545    .ARM.Collect$$rtexit$$00000002  c_w.l(rtexit2.o)
    0x080001e8   0x080001e8   0x00000004   Code   RO         1546    .ARM.Collect$$rtexit$$00000003  c_w.l(rtexit2.o)
    0x080001ec   0x080001ec   0x00000006   Code   RO         1547    .ARM.Collect$$rtexit$$00000004  c_w.l(rtexit2.o)
    0x080001f2   0x080001f2   0x00000002   PAD
    0x080001f4   0x080001f4   0x00000040   Code   RO            4    .text               startup_stm32f103xb.o
    0x08000234   0x08000234   0x0000004e   Code   RO         1460    .text               c_w.l(rt_memclr_w.o)
    0x08000282   0x08000282   0x00000006   Code   RO         1462    .text               c_w.l(heapauxi.o)
    0x08000288   0x08000288   0x0000004a   Code   RO         1482    .text               c_w.l(sys_stackheap_outer.o)
    0x080002d2   0x080002d2   0x00000012   Code   RO         1484    .text               c_w.l(exit.o)
    0x080002e4   0x080002e4   0x00000008   Code   RO         1492    .text               c_w.l(libspace.o)
    0x080002ec   0x080002ec   0x0000000c   Code   RO         1555    .text               c_w.l(sys_exit.o)
    0x080002f8   0x080002f8   0x00000002   Code   RO         1570    .text               c_w.l(use_no_semi.o)
    0x080002fa   0x080002fa   0x00000000   Code   RO         1572    .text               c_w.l(indicate_semi.o)
    0x080002fa   0x080002fa   0x00000002   PAD
    0x080002fc   0x080002fc   0x00000004   Code   RO           54    .text.BusFault_Handler  stm32f1xx_it.o
    0x08000300   0x08000300   0x0000005c   Code   RO          140    .text.CDC_Control_FS  usbd_cdc_if.o
    0x0800035c   0x0800035c   0x00000004   Code   RO          138    .text.CDC_DeInit_FS  usbd_cdc_if.o
    0x08000360   0x08000360   0x00000032   Code   RO          136    .text.CDC_Init_FS   usbd_cdc_if.o
    0x08000392   0x08000392   0x00000002   PAD
    0x08000394   0x08000394   0x0000002e   Code   RO          142    .text.CDC_Receive_FS  usbd_cdc_if.o
    0x080003c2   0x080003c2   0x00000002   PAD
    0x080003c4   0x080003c4   0x00000002   Code   RO           60    .text.DebugMon_Handler  stm32f1xx_it.o
    0x080003c6   0x080003c6   0x00000002   PAD
    0x080003c8   0x080003c8   0x0000000a   Code   RO           68    .text.EXTI1_IRQHandler  stm32f1xx_it.o
    0x080003d2   0x080003d2   0x00000002   PAD
    0x080003d4   0x080003d4   0x0000000e   Code   RO           31    .text.Error_Handler  main.o
    0x080003e2   0x080003e2   0x00000002   PAD
    0x080003e4   0x080003e4   0x0000005c   Code   RO          119    .text.Get_SerialNum  usbd_desc.o
    0x08000440   0x08000440   0x00000022   Code   RO           13    .text.HAL_GPIO_EXTI_Callback  main.o
    0x08000462   0x08000462   0x00000002   PAD
    0x08000464   0x08000464   0x00000038   Code   RO          529    .text.HAL_GPIO_EXTI_IRQHandler  stm32f1xx_hal_gpio.o
    0x0800049c   0x0800049c   0x0000031e   Code   RO          517    .text.HAL_GPIO_Init  stm32f1xx_hal_gpio.o
    0x080007ba   0x080007ba   0x00000002   PAD
    0x080007bc   0x080007bc   0x0000002e   Code   RO          521    .text.HAL_GPIO_ReadPin  stm32f1xx_hal_gpio.o
    0x080007ea   0x080007ea   0x00000002   PAD
    0x080007ec   0x080007ec   0x00000026   Code   RO          525    .text.HAL_GPIO_TogglePin  stm32f1xx_hal_gpio.o
    0x08000812   0x08000812   0x00000002   PAD
    0x08000814   0x08000814   0x0000002e   Code   RO          523    .text.HAL_GPIO_WritePin  stm32f1xx_hal_gpio.o
    0x08000842   0x08000842   0x00000002   PAD
    0x08000844   0x08000844   0x0000000c   Code   RO          415    .text.HAL_GetTick   stm32f1xx_hal.o
    0x08000850   0x08000850   0x000002a4   Code   RO          781    .text.HAL_I2C_Init  stm32f1xx_hal_i2c.o
    0x08000af4   0x08000af4   0x0000007e   Code   RO           81    .text.HAL_I2C_MspInit  stm32f1xx_hal_msp.o
    0x08000b72   0x08000b72   0x00000002   PAD
    0x08000b74   0x08000b74   0x00000090   Code   RO          952    .text.HAL_IWDG_Init  stm32f1xx_hal_iwdg.o
    0x08000c04   0x08000c04   0x00000014   Code   RO          954    .text.HAL_IWDG_Refresh  stm32f1xx_hal_iwdg.o
    0x08000c18   0x08000c18   0x0000001a   Code   RO          413    .text.HAL_IncTick   stm32f1xx_hal.o
    0x08000c32   0x08000c32   0x00000002   PAD
    0x08000c34   0x08000c34   0x00000026   Code   RO          403    .text.HAL_Init      stm32f1xx_hal.o
    0x08000c5a   0x08000c5a   0x00000002   PAD
    0x08000c5c   0x08000c5c   0x00000070   Code   RO          405    .text.HAL_InitTick  stm32f1xx_hal.o
    0x08000ccc   0x08000ccc   0x00000078   Code   RO           79    .text.HAL_MspInit   stm32f1xx_hal_msp.o
    0x08000d44   0x08000d44   0x00000014   Code   RO          589    .text.HAL_NVIC_DisableIRQ  stm32f1xx_hal_cortex.o
    0x08000d58   0x08000d58   0x00000014   Code   RO          585    .text.HAL_NVIC_EnableIRQ  stm32f1xx_hal_cortex.o
    0x08000d6c   0x08000d6c   0x00000032   Code   RO          577    .text.HAL_NVIC_SetPriority  stm32f1xx_hal_cortex.o
    0x08000d9e   0x08000d9e   0x00000002   PAD
    0x08000da0   0x08000da0   0x00000010   Code   RO          573    .text.HAL_NVIC_SetPriorityGrouping  stm32f1xx_hal_cortex.o
    0x08000db0   0x08000db0   0x0000007a   Code   RO          325    .text.HAL_PCDEx_PMAConfig  stm32f1xx_hal_pcd_ex.o
    0x08000e2a   0x08000e2a   0x00000002   PAD
    0x08000e2c   0x08000e2c   0x0000001a   Code   RO          220    .text.HAL_PCDEx_SetConnectionState  usbd_conf.o
    0x08000e46   0x08000e46   0x00000002   PAD
    0x08000e48   0x08000e48   0x00000026   Code   RO          166    .text.HAL_PCD_DataInStageCallback  usbd_conf.o
    0x08000e6e   0x08000e6e   0x00000002   PAD
    0x08000e70   0x08000e70   0x00000028   Code   RO          164    .text.HAL_PCD_DataOutStageCallback  usbd_conf.o
    0x08000e98   0x08000e98   0x000000a8   Code   RO          292    .text.HAL_PCD_EP_Close  stm32f1xx_hal_pcd.o
    0x08000f40   0x08000f40   0x000000c8   Code   RO          302    .text.HAL_PCD_EP_ClrStall  stm32f1xx_hal_pcd.o
    0x08001008   0x08001008   0x000001fc   Code   RO          314    .text.HAL_PCD_EP_DB_Receive  stm32f1xx_hal_pcd.o
    0x08001204   0x08001204   0x0000074c   Code   RO          316    .text.HAL_PCD_EP_DB_Transmit  stm32f1xx_hal_pcd.o
    0x08001950   0x08001950   0x00000022   Code   RO          296    .text.HAL_PCD_EP_GetRxCount  stm32f1xx_hal_pcd.o
    0x08001972   0x08001972   0x00000002   PAD
    0x08001974   0x08001974   0x000000da   Code   RO          290    .text.HAL_PCD_EP_Open  stm32f1xx_hal_pcd.o
    0x08001a4e   0x08001a4e   0x00000002   PAD
    0x08001a50   0x08001a50   0x0000005a   Code   RO          294    .text.HAL_PCD_EP_Receive  stm32f1xx_hal_pcd.o
    0x08001aaa   0x08001aaa   0x00000002   PAD
    0x08001aac   0x08001aac   0x000000dc   Code   RO          300    .text.HAL_PCD_EP_SetStall  stm32f1xx_hal_pcd.o
    0x08001b88   0x08001b88   0x00000066   Code   RO          298    .text.HAL_PCD_EP_Transmit  stm32f1xx_hal_pcd.o
    0x08001bee   0x08001bee   0x00000002   PAD
    0x08001bf0   0x08001bf0   0x00000204   Code   RO          256    .text.HAL_PCD_IRQHandler  stm32f1xx_hal_pcd.o
    0x08001df4   0x08001df4   0x00000204   Code   RO          244    .text.HAL_PCD_Init  stm32f1xx_hal_pcd.o
    0x08001ff8   0x08001ff8   0x0000004e   Code   RO          158    .text.HAL_PCD_MspInit  usbd_conf.o
    0x08002046   0x08002046   0x00000002   PAD
    0x08002048   0x08002048   0x00000038   Code   RO          170    .text.HAL_PCD_ResetCallback  usbd_conf.o
    0x08002080   0x08002080   0x00000014   Code   RO          174    .text.HAL_PCD_ResumeCallback  usbd_conf.o
    0x08002094   0x08002094   0x00000014   Code   RO          168    .text.HAL_PCD_SOFCallback  usbd_conf.o
    0x080020a8   0x080020a8   0x0000005c   Code   RO          262    .text.HAL_PCD_SetAddress  stm32f1xx_hal_pcd.o
    0x08002104   0x08002104   0x00000018   Code   RO          162    .text.HAL_PCD_SetupStageCallback  usbd_conf.o
    0x0800211c   0x0800211c   0x0000005c   Code   RO          252    .text.HAL_PCD_Start  stm32f1xx_hal_pcd.o
    0x08002178   0x08002178   0x0000002e   Code   RO          172    .text.HAL_PCD_SuspendCallback  usbd_conf.o
    0x080021a6   0x080021a6   0x00000002   PAD
    0x080021a8   0x080021a8   0x000001c8   Code   RO          502    .text.HAL_RCCEx_PeriphCLKConfig  stm32f1xx_hal_rcc_ex.o
    0x08002370   0x08002370   0x00000002   Code   RO          491    .text.HAL_RCC_CSSCallback  stm32f1xx_hal_rcc.o
    0x08002372   0x08002372   0x00000002   PAD
    0x08002374   0x08002374   0x00000256   Code   RO          469    .text.HAL_RCC_ClockConfig  stm32f1xx_hal_rcc.o
    0x080025ca   0x080025ca   0x00000002   PAD
    0x080025cc   0x080025cc   0x0000000c   Code   RO          475    .text.HAL_RCC_EnableCSS  stm32f1xx_hal_rcc.o
    0x080025d8   0x080025d8   0x0000000c   Code   RO          479    .text.HAL_RCC_GetHCLKFreq  stm32f1xx_hal_rcc.o
    0x080025e4   0x080025e4   0x00000022   Code   RO          481    .text.HAL_RCC_GetPCLK1Freq  stm32f1xx_hal_rcc.o
    0x08002606   0x08002606   0x00000002   PAD
    0x08002608   0x08002608   0x000000bc   Code   RO          471    .text.HAL_RCC_GetSysClockFreq  stm32f1xx_hal_rcc.o
    0x080026c4   0x080026c4   0x00000028   Code   RO          489    .text.HAL_RCC_NMI_IRQHandler  stm32f1xx_hal_rcc.o
    0x080026ec   0x080026ec   0x0000067a   Code   RO          465    .text.HAL_RCC_OscConfig  stm32f1xx_hal_rcc.o
    0x08002d66   0x08002d66   0x00000002   PAD
    0x08002d68   0x08002d68   0x00000010   Code   RO          597    .text.HAL_SYSTICK_Config  stm32f1xx_hal_cortex.o
    0x08002d78   0x08002d78   0x000000dc   Code   RO         1276    .text.HAL_TIMEx_MasterConfigSynchronization  stm32f1xx_hal_tim_ex.o
    0x08002e54   0x08002e54   0x0000009c   Code   RO          963    .text.HAL_TIM_Base_Init  stm32f1xx_hal_tim.o
    0x08002ef0   0x08002ef0   0x0000003a   Code   RO           85    .text.HAL_TIM_Base_MspInit  stm32f1xx_hal_msp.o
    0x08002f2a   0x08002f2a   0x00000002   PAD
    0x08002f2c   0x08002f2c   0x000000b0   Code   RO          977    .text.HAL_TIM_Base_Start_IT  stm32f1xx_hal_tim.o
    0x08002fdc   0x08002fdc   0x00000184   Code   RO         1155    .text.HAL_TIM_ConfigClockSource  stm32f1xx_hal_tim.o
    0x08003160   0x08003160   0x00000004   Code   RO           50    .text.HardFault_Handler  stm32f1xx_it.o
    0x08003164   0x08003164   0x0000007a   Code   RO          121    .text.IntToUnicode  usbd_desc.o
    0x080031de   0x080031de   0x00000002   PAD
    0x080031e0   0x080031e0   0x00000116   Code   RO           23    .text.MX_GPIO_Init  main.o
    0x080032f6   0x080032f6   0x00000002   PAD
    0x080032f8   0x080032f8   0x00000048   Code   RO           25    .text.MX_I2C1_Init  main.o
    0x08003340   0x08003340   0x0000002e   Code   RO           27    .text.MX_IWDG_Init  main.o
    0x0800336e   0x0800336e   0x00000002   PAD
    0x08003370   0x08003370   0x00000082   Code   RO           29    .text.MX_TIM4_Init  main.o
    0x080033f2   0x080033f2   0x00000002   PAD
    0x080033f4   0x080033f4   0x00000076   Code   RO           96    .text.MX_USB_DEVICE_Init  usb_device.o
    0x0800346a   0x0800346a   0x00000002   PAD
    0x0800346c   0x0800346c   0x00000004   Code   RO           52    .text.MemManage_Handler  stm32f1xx_it.o
    0x08003470   0x08003470   0x0000000a   Code   RO           48    .text.NMI_Handler   stm32f1xx_it.o
    0x0800347a   0x0800347a   0x00000002   PAD
    0x0800347c   0x0800347c   0x0000006c   Code   RO          583    .text.NVIC_EncodePriority  stm32f1xx_hal_cortex.o
    0x080034e8   0x080034e8   0x0000070c   Code   RO          258    .text.PCD_EP_ISR_Handler  stm32f1xx_hal_pcd.o
    0x08003bf4   0x08003bf4   0x00000002   Code   RO           62    .text.PendSV_Handler  stm32f1xx_it.o
    0x08003bf6   0x08003bf6   0x00000002   PAD
    0x08003bf8   0x08003bf8   0x0000003a   Code   RO          467    .text.RCC_Delay     stm32f1xx_hal_rcc.o
    0x08003c32   0x08003c32   0x00000002   PAD
    0x08003c34   0x08003c34   0x00000002   Code   RO           66    .text.RCC_IRQHandler  stm32f1xx_it.o
    0x08003c36   0x08003c36   0x00000002   PAD
    0x08003c38   0x08003c38   0x00000002   Code   RO           58    .text.SVC_Handler   stm32f1xx_it.o
    0x08003c3a   0x08003c3a   0x00000002   PAD
    0x08003c3c   0x08003c3c   0x00000052   Code   RO          599    .text.SysTick_Config  stm32f1xx_hal_cortex.o
    0x08003c8e   0x08003c8e   0x00000002   PAD
    0x08003c90   0x08003c90   0x00000008   Code   RO           64    .text.SysTick_Handler  stm32f1xx_it.o
    0x08003c98   0x08003c98   0x00000096   Code   RO           21    .text.SystemClock_Config  main.o
    0x08003d2e   0x08003d2e   0x00000002   PAD
    0x08003d30   0x08003d30   0x00000002   Code   RO         1299    .text.SystemInit    system_stm32f1xx.o
    0x08003d32   0x08003d32   0x00000002   PAD
    0x08003d34   0x08003d34   0x00000106   Code   RO          967    .text.TIM_Base_SetConfig  stm32f1xx_hal_tim.o
    0x08003e3a   0x08003e3a   0x00000002   PAD
    0x08003e3c   0x08003e3c   0x00000034   Code   RO         1153    .text.TIM_ETR_SetConfig  stm32f1xx_hal_tim.o
    0x08003e70   0x08003e70   0x0000002a   Code   RO         1159    .text.TIM_ITRx_SetConfig  stm32f1xx_hal_tim.o
    0x08003e9a   0x08003e9a   0x00000002   PAD
    0x08003e9c   0x08003e9c   0x00000050   Code   RO         1157    .text.TIM_TI1_ConfigInputStage  stm32f1xx_hal_tim.o
    0x08003eec   0x08003eec   0x00000052   Code   RO         1161    .text.TIM_TI2_ConfigInputStage  stm32f1xx_hal_tim.o
    0x08003f3e   0x08003f3e   0x00000002   PAD
    0x08003f40   0x08003f40   0x000000be   Code   RO           17    .text.TTP229_ReadKeys  main.o
    0x08003ffe   0x08003ffe   0x00000002   PAD
    0x08004000   0x08004000   0x0000009e   Code   RO         1425    .text.USBD_CDC_DataIn  usbd_cdc.o
    0x0800409e   0x0800409e   0x00000002   PAD
    0x080040a0   0x080040a0   0x00000058   Code   RO         1427    .text.USBD_CDC_DataOut  usbd_cdc.o
    0x080040f8   0x080040f8   0x0000006e   Code   RO         1419    .text.USBD_CDC_DeInit  usbd_cdc.o
    0x08004166   0x08004166   0x00000002   PAD
    0x08004168   0x08004168   0x00000048   Code   RO         1423    .text.USBD_CDC_EP0_RxReady  usbd_cdc.o
    0x080041b0   0x080041b0   0x00000016   Code   RO         1435    .text.USBD_CDC_GetDeviceQualifierDescriptor  usbd_cdc.o
    0x080041c6   0x080041c6   0x00000002   PAD
    0x080041c8   0x080041c8   0x00000016   Code   RO         1431    .text.USBD_CDC_GetFSCfgDesc  usbd_cdc.o
    0x080041de   0x080041de   0x00000002   PAD
    0x080041e0   0x080041e0   0x00000016   Code   RO         1429    .text.USBD_CDC_GetHSCfgDesc  usbd_cdc.o
    0x080041f6   0x080041f6   0x00000002   PAD
    0x080041f8   0x080041f8   0x00000016   Code   RO         1433    .text.USBD_CDC_GetOtherSpeedCfgDesc  usbd_cdc.o
    0x0800420e   0x0800420e   0x00000002   PAD
    0x08004210   0x08004210   0x000000fc   Code   RO         1417    .text.USBD_CDC_Init  usbd_cdc.o
    0x0800430c   0x0800430c   0x0000005e   Code   RO         1445    .text.USBD_CDC_ReceivePacket  usbd_cdc.o
    0x0800436a   0x0800436a   0x00000002   PAD
    0x0800436c   0x0800436c   0x0000002a   Code   RO         1437    .text.USBD_CDC_RegisterInterface  usbd_cdc.o
    0x08004396   0x08004396   0x00000002   PAD
    0x08004398   0x08004398   0x0000001c   Code   RO         1441    .text.USBD_CDC_SetRxBuffer  usbd_cdc.o
    0x080043b4   0x080043b4   0x0000002a   Code   RO         1439    .text.USBD_CDC_SetTxBuffer  usbd_cdc.o
    0x080043de   0x080043de   0x00000002   PAD
    0x080043e0   0x080043e0   0x0000015e   Code   RO         1421    .text.USBD_CDC_Setup  usbd_cdc.o
    0x0800453e   0x0800453e   0x00000002   PAD
    0x08004540   0x08004540   0x0000001e   Code   RO         1327    .text.USBD_ClrClassConfig  usbd_core.o
    0x0800455e   0x0800455e   0x00000002   PAD
    0x08004560   0x08004560   0x00000040   Code   RO         1374    .text.USBD_ClrFeature  usbd_ctlreq.o
    0x080045a0   0x080045a0   0x00000022   Code   RO         1402    .text.USBD_CtlContinueRx  usbd_ioreq.o
    0x080045c2   0x080045c2   0x00000002   PAD
    0x080045c4   0x080045c4   0x00000022   Code   RO         1398    .text.USBD_CtlContinueSendData  usbd_ioreq.o
    0x080045e6   0x080045e6   0x00000002   PAD
    0x080045e8   0x080045e8   0x0000001c   Code   RO         1376    .text.USBD_CtlError  usbd_ctlreq.o
    0x08004604   0x08004604   0x0000003e   Code   RO         1400    .text.USBD_CtlPrepareRx  usbd_ioreq.o
    0x08004642   0x08004642   0x00000002   PAD
    0x08004644   0x08004644   0x00000022   Code   RO         1406    .text.USBD_CtlReceiveStatus  usbd_ioreq.o
    0x08004666   0x08004666   0x00000002   PAD
    0x08004668   0x08004668   0x0000003a   Code   RO         1396    .text.USBD_CtlSendData  usbd_ioreq.o
    0x080046a2   0x080046a2   0x00000002   PAD
    0x080046a4   0x080046a4   0x00000022   Code   RO         1404    .text.USBD_CtlSendStatus  usbd_ioreq.o
    0x080046c6   0x080046c6   0x00000002   PAD
    0x080046c8   0x080046c8   0x0000004e   Code   RO          115    .text.USBD_FS_ConfigStrDescriptor  usbd_desc.o
    0x08004716   0x08004716   0x00000002   PAD
    0x08004718   0x08004718   0x0000001a   Code   RO          105    .text.USBD_FS_DeviceDescriptor  usbd_desc.o
    0x08004732   0x08004732   0x00000002   PAD
    0x08004734   0x08004734   0x0000004e   Code   RO          117    .text.USBD_FS_InterfaceStrDescriptor  usbd_desc.o
    0x08004782   0x08004782   0x00000002   PAD
    0x08004784   0x08004784   0x0000001a   Code   RO          107    .text.USBD_FS_LangIDStrDescriptor  usbd_desc.o
    0x0800479e   0x0800479e   0x00000002   PAD
    0x080047a0   0x080047a0   0x00000028   Code   RO          109    .text.USBD_FS_ManufacturerStrDescriptor  usbd_desc.o
    0x080047c8   0x080047c8   0x0000004e   Code   RO          111    .text.USBD_FS_ProductStrDescriptor  usbd_desc.o
    0x08004816   0x08004816   0x00000002   PAD
    0x08004818   0x08004818   0x00000020   Code   RO          113    .text.USBD_FS_SerialStrDescriptor  usbd_desc.o
    0x08004838   0x08004838   0x00000064   Code   RO         1368    .text.USBD_GetConfig  usbd_ctlreq.o
    0x0800489c   0x0800489c   0x000002d6   Code   RO         1362    .text.USBD_GetDescriptor  usbd_ctlreq.o
    0x08004b72   0x08004b72   0x00000002   PAD
    0x08004b74   0x08004b74   0x0000002e   Code   RO         1386    .text.USBD_GetLen   usbd_ctlreq.o
    0x08004ba2   0x08004ba2   0x00000002   PAD
    0x08004ba4   0x08004ba4   0x00000062   Code   RO         1370    .text.USBD_GetStatus  usbd_ctlreq.o
    0x08004c06   0x08004c06   0x00000002   PAD
    0x08004c08   0x08004c08   0x00000082   Code   RO         1384    .text.USBD_GetString  usbd_ctlreq.o
    0x08004c8a   0x08004c8a   0x00000002   PAD
    0x08004c8c   0x08004c8c   0x00000052   Code   RO          188    .text.USBD_Get_USB_Status  usbd_conf.o
    0x08004cde   0x08004cde   0x00000002   PAD
    0x08004ce0   0x08004ce0   0x00000064   Code   RO         1313    .text.USBD_Init     usbd_core.o
    0x08004d44   0x08004d44   0x0000003a   Code   RO          202    .text.USBD_LL_ClearStallEP  usbd_conf.o
    0x08004d7e   0x08004d7e   0x00000002   PAD
    0x08004d80   0x08004d80   0x0000003a   Code   RO          196    .text.USBD_LL_CloseEP  usbd_conf.o
    0x08004dba   0x08004dba   0x00000002   PAD
    0x08004dbc   0x08004dbc   0x00000162   Code   RO         1333    .text.USBD_LL_DataInStage  usbd_core.o
    0x08004f1e   0x08004f1e   0x00000002   PAD
    0x08004f20   0x08004f20   0x00000102   Code   RO         1331    .text.USBD_LL_DataOutStage  usbd_core.o
    0x08005022   0x08005022   0x00000002   PAD
    0x08005024   0x08005024   0x0000001c   Code   RO          212    .text.USBD_LL_GetRxDataSize  usbd_conf.o
    0x08005040   0x08005040   0x000000a0   Code   RO          184    .text.USBD_LL_Init  usbd_conf.o
    0x080050e0   0x080050e0   0x0000005a   Code   RO          204    .text.USBD_LL_IsStallEP  usbd_conf.o
    0x0800513a   0x0800513a   0x00000002   PAD
    0x0800513c   0x0800513c   0x0000004a   Code   RO          194    .text.USBD_LL_OpenEP  usbd_conf.o
    0x08005186   0x08005186   0x00000002   PAD
    0x08005188   0x08005188   0x00000046   Code   RO          210    .text.USBD_LL_PrepareReceive  usbd_conf.o
    0x080051ce   0x080051ce   0x00000002   PAD
    0x080051d0   0x080051d0   0x00000074   Code   RO         1335    .text.USBD_LL_Reset  usbd_core.o
    0x08005244   0x08005244   0x00000022   Code   RO         1341    .text.USBD_LL_Resume  usbd_core.o
    0x08005266   0x08005266   0x00000002   PAD
    0x08005268   0x08005268   0x00000032   Code   RO         1343    .text.USBD_LL_SOF   usbd_core.o
    0x0800529a   0x0800529a   0x00000002   PAD
    0x0800529c   0x0800529c   0x00000016   Code   RO         1337    .text.USBD_LL_SetSpeed  usbd_core.o
    0x080052b2   0x080052b2   0x00000002   PAD
    0x080052b4   0x080052b4   0x0000003a   Code   RO          206    .text.USBD_LL_SetUSBAddress  usbd_conf.o
    0x080052ee   0x080052ee   0x00000002   PAD
    0x080052f0   0x080052f0   0x00000082   Code   RO         1329    .text.USBD_LL_SetupStage  usbd_core.o
    0x08005372   0x08005372   0x00000002   PAD
    0x08005374   0x08005374   0x0000003a   Code   RO          200    .text.USBD_LL_StallEP  usbd_conf.o
    0x080053ae   0x080053ae   0x00000002   PAD
    0x080053b0   0x080053b0   0x00000032   Code   RO          190    .text.USBD_LL_Start  usbd_conf.o
    0x080053e2   0x080053e2   0x00000002   PAD
    0x080053e4   0x080053e4   0x0000001c   Code   RO         1339    .text.USBD_LL_Suspend  usbd_core.o
    0x08005400   0x08005400   0x00000046   Code   RO          208    .text.USBD_LL_Transmit  usbd_conf.o
    0x08005446   0x08005446   0x00000002   PAD
    0x08005448   0x08005448   0x00000044   Code   RO         1382    .text.USBD_ParseSetupRequest  usbd_ctlreq.o
    0x0800548c   0x0800548c   0x00000032   Code   RO         1317    .text.USBD_RegisterClass  usbd_core.o
    0x080054be   0x080054be   0x00000002   PAD
    0x080054c0   0x080054c0   0x0000000a   Code   RO         1323    .text.USBD_RunTestMode  usbd_core.o
    0x080054ca   0x080054ca   0x00000002   PAD
    0x080054cc   0x080054cc   0x0000008c   Code   RO         1364    .text.USBD_SetAddress  usbd_ctlreq.o
    0x08005558   0x08005558   0x0000003e   Code   RO         1325    .text.USBD_SetClassConfig  usbd_core.o
    0x08005596   0x08005596   0x00000002   PAD
    0x08005598   0x08005598   0x00000138   Code   RO         1366    .text.USBD_SetConfig  usbd_ctlreq.o
    0x080056d0   0x080056d0   0x00000026   Code   RO         1372    .text.USBD_SetFeature  usbd_ctlreq.o
    0x080056f6   0x080056f6   0x00000002   PAD
    0x080056f8   0x080056f8   0x00000012   Code   RO         1319    .text.USBD_Start    usbd_core.o
    0x0800570a   0x0800570a   0x00000002   PAD
    0x0800570c   0x0800570c   0x000000bc   Code   RO         1360    .text.USBD_StdDevReq  usbd_ctlreq.o
    0x080057c8   0x080057c8   0x00000336   Code   RO         1380    .text.USBD_StdEPReq  usbd_ctlreq.o
    0x08005afe   0x08005afe   0x00000002   PAD
    0x08005b00   0x08005b00   0x00000098   Code   RO         1378    .text.USBD_StdItfReq  usbd_ctlreq.o
    0x08005b98   0x08005b98   0x00000008   Code   RO          218    .text.USBD_static_free  usbd_conf.o
    0x08005ba0   0x08005ba0   0x00000010   Code   RO          216    .text.USBD_static_malloc  usbd_conf.o
    0x08005bb0   0x08005bb0   0x0000000c   Code   RO           11    .text.USBRcv        main.o
    0x08005bbc   0x08005bbc   0x00000696   Code   RO          354    .text.USB_ActivateEndpoint  stm32f1xx_ll_usb.o
    0x08006252   0x08006252   0x00000002   PAD
    0x08006254   0x08006254   0x00000020   Code   RO          340    .text.USB_CoreInit  stm32f1xx_ll_usb.o
    0x08006274   0x08006274   0x00000360   Code   RO          356    .text.USB_DeactivateEndpoint  stm32f1xx_ll_usb.o
    0x080065d4   0x080065d4   0x0000000a   Code   RO          372    .text.USB_DevConnect  stm32f1xx_ll_usb.o
    0x080065de   0x080065de   0x00000002   PAD
    0x080065e0   0x080065e0   0x0000000a   Code   RO          374    .text.USB_DevDisconnect  stm32f1xx_ll_usb.o
    0x080065ea   0x080065ea   0x00000002   PAD
    0x080065ec   0x080065ec   0x0000003a   Code   RO          348    .text.USB_DevInit   stm32f1xx_ll_usb.o
    0x08006626   0x08006626   0x00000002   PAD
    0x08006628   0x08006628   0x0000001e   Code   RO          344    .text.USB_DisableGlobalInt  stm32f1xx_ll_usb.o
    0x08006646   0x08006646   0x00000002   PAD
    0x08006648   0x08006648   0x0000000c   Code   RO          388    .text.USB_EP0_OutStart  stm32f1xx_ll_usb.o
    0x08006654   0x08006654   0x00000148   Code   RO          364    .text.USB_EPClearStall  stm32f1xx_ll_usb.o
    0x0800679c   0x0800679c   0x00000088   Code   RO          362    .text.USB_EPSetStall  stm32f1xx_ll_usb.o
    0x08006824   0x08006824   0x00000e16   Code   RO          358    .text.USB_EPStartXfer  stm32f1xx_ll_usb.o
    0x0800763a   0x0800763a   0x00000002   PAD
    0x0800763c   0x0800763c   0x0000001e   Code   RO          342    .text.USB_EnableGlobalInt  stm32f1xx_ll_usb.o
    0x0800765a   0x0800765a   0x00000002   PAD
    0x0800765c   0x0800765c   0x00000010   Code   RO           70    .text.USB_LP_CAN1_RX0_IRQHandler  stm32f1xx_it.o
    0x0800766c   0x0800766c   0x00000012   Code   RO          376    .text.USB_ReadInterrupts  stm32f1xx_ll_usb.o
    0x0800767e   0x0800767e   0x00000002   PAD
    0x08007680   0x08007680   0x0000008c   Code   RO          394    .text.USB_ReadPMA   stm32f1xx_ll_usb.o
    0x0800770c   0x0800770c   0x0000000e   Code   RO          346    .text.USB_SetCurrentMode  stm32f1xx_ll_usb.o
    0x0800771a   0x0800771a   0x00000002   PAD
    0x0800771c   0x0800771c   0x00000020   Code   RO          370    .text.USB_SetDevAddress  stm32f1xx_ll_usb.o
    0x0800773c   0x0800773c   0x00000082   Code   RO          360    .text.USB_WritePMA  stm32f1xx_ll_usb.o
    0x080077be   0x080077be   0x00000002   PAD
    0x080077c0   0x080077c0   0x00000004   Code   RO           56    .text.UsageFault_Handler  stm32f1xx_it.o
    0x080077c4   0x080077c4   0x00000038   Code   RO          591    .text.__NVIC_DisableIRQ  stm32f1xx_hal_cortex.o
    0x080077fc   0x080077fc   0x00000030   Code   RO          587    .text.__NVIC_EnableIRQ  stm32f1xx_hal_cortex.o
    0x0800782c   0x0800782c   0x00000010   Code   RO          579    .text.__NVIC_GetPriorityGrouping  stm32f1xx_hal_cortex.o
    0x0800783c   0x0800783c   0x00000042   Code   RO          581    .text.__NVIC_SetPriority  stm32f1xx_hal_cortex.o
    0x0800787e   0x0800787e   0x00000002   PAD
    0x08007880   0x08007880   0x0000003c   Code   RO          575    .text.__NVIC_SetPriorityGrouping  stm32f1xx_hal_cortex.o
    0x080078bc   0x080078bc   0x0000002e   Code   RO           15    .text.delay_us      main.o
    0x080078ea   0x080078ea   0x00000002   PAD
    0x080078ec   0x080078ec   0x000000e4   Code   RO           19    .text.main          main.o
    0x080079d0   0x080079d0   0x00000010   Data   RO         1304    .rodata.AHBPrescTable  system_stm32f1xx.o
    0x080079e0   0x080079e0   0x00000008   Data   RO         1305    .rodata.APBPrescTable  system_stm32f1xx.o
    0x080079e8   0x080079e8   0x00000010   Data   RO          493    .rodata.HAL_RCC_GetSysClockFreq.aPLLMULFactorTable  stm32f1xx_hal_rcc.o
    0x080079f8   0x080079f8   0x00000002   Data   RO          494    .rodata.HAL_RCC_GetSysClockFreq.aPredivFactorTable  stm32f1xx_hal_rcc.o
    0x080079fa   0x080079fa   0x00000042   Data   RO          127    .rodata.str1.1      usbd_desc.o
    0x08007a3c   0x08007a3c   0x00000020   Data   RO         1628    Region$$Table       anon$$obj.o


    Execution Region RW_IRAM1 (Exec base: 0x20000000, Load base: 0x08007a60, Size: 0x00001a60, Max: 0x00005000, ABSOLUTE, COMPRESSED[0x000000c0])

    Exec Addr    Load Addr    Size         Type   Attr      Idx    E Section Name        Object

    0x20000000   COMPRESSED   0x0000001c   Data   RW          123    .data.FS_Desc       usbd_desc.o
    0x2000001c   COMPRESSED   0x00000004   Data   RW         1303    .data.SystemCoreClock  system_stm32f1xx.o
    0x20000020   COMPRESSED   0x00000038   Data   RW         1447    .data.USBD_CDC      usbd_cdc.o
    0x20000058   COMPRESSED   0x00000043   Data   RW         1449    .data.USBD_CDC_CfgFSDesc  usbd_cdc.o
    0x2000009b   COMPRESSED   0x00000001   PAD
    0x2000009c   COMPRESSED   0x00000043   Data   RW         1448    .data.USBD_CDC_CfgHSDesc  usbd_cdc.o
    0x200000df   COMPRESSED   0x00000001   PAD
    0x200000e0   COMPRESSED   0x0000000a   Data   RW         1451    .data.USBD_CDC_DeviceQualifierDesc  usbd_cdc.o
    0x200000ea   COMPRESSED   0x00000002   PAD
    0x200000ec   COMPRESSED   0x00000043   Data   RW         1450    .data.USBD_CDC_OtherSpeedCfgDesc  usbd_cdc.o
    0x2000012f   COMPRESSED   0x00000001   PAD
    0x20000130   COMPRESSED   0x00000012   Data   RW          124    .data.USBD_FS_DeviceDesc  usbd_desc.o
    0x20000142   COMPRESSED   0x00000002   PAD
    0x20000144   COMPRESSED   0x00000010   Data   RW          148    .data.USBD_Interface_fops_FS  usbd_cdc_if.o
    0x20000154   COMPRESSED   0x00000004   Data   RW          125    .data.USBD_LangIDDesc  usbd_desc.o
    0x20000158   COMPRESSED   0x0000001a   Data   RW          126    .data.USBD_StringSerial  usbd_desc.o
    0x20000172   COMPRESSED   0x00000001   Data   RW          454    .data.uwTickFreq    stm32f1xx_hal.o
    0x20000173   COMPRESSED   0x00000001   PAD
    0x20000174   COMPRESSED   0x00000004   Data   RW          453    .data.uwTickPrio    stm32f1xx_hal.o
    0x20000178        -       0x00000060   Zero   RW         1493    .bss                c_w.l(libspace.o)
    0x200001d8        -       0x00000001   Zero   RW         1388    .bss.USBD_SetConfig.cfgidx  usbd_ctlreq.o
    0x200001d9   COMPRESSED   0x00000003   PAD
    0x200001dc        -       0x00000200   Zero   RW          128    .bss.USBD_StrDesc   usbd_desc.o
    0x200003dc        -       0x00000220   Zero   RW          223    .bss.USBD_static_malloc.mem  usbd_conf.o
    0x200005fc        -       0x00000400   Zero   RW          149    .bss.UserRxBufferFS  usbd_cdc_if.o
    0x200009fc        -       0x00000400   Zero   RW          150    .bss.UserTxBufferFS  usbd_cdc_if.o
    0x20000dfc        -       0x00000001   Zero   RW           33    .bss.flag           main.o
    0x20000dfd   COMPRESSED   0x00000003   PAD
    0x20000e00        -       0x000002c4   Zero   RW           98    .bss.hUsbDeviceFS   usb_device.o
    0x200010c4        -       0x00000054   Zero   RW           39    .bss.hi2c1          main.o
    0x20001118        -       0x0000000c   Zero   RW           37    .bss.hiwdg          main.o
    0x20001124        -       0x000002d8   Zero   RW          222    .bss.hpcd_USB_FS    usbd_conf.o
    0x200013fc        -       0x00000048   Zero   RW           34    .bss.htim4          main.o
    0x20001444        -       0x00000010   Zero   RW           35    .bss.key_array      main.o
    0x20001454        -       0x00000004   Zero   RW           36    .bss.nextLedTime    main.o
    0x20001458        -       0x00000002   Zero   RW           38    .bss.ttpState       main.o
    0x2000145a   COMPRESSED   0x00000002   PAD
    0x2000145c        -       0x00000004   Zero   RW          455    .bss.uwTick         stm32f1xx_hal.o
    0x20001460        -       0x00000200   Zero   RW            2    HEAP                startup_stm32f103xb.o
    0x20001660        -       0x00000400   Zero   RW            1    STACK               startup_stm32f103xb.o


==============================================================================

Image component sizes


      Code (inc. data)   RO Data    RW Data    ZI Data      Debug   Object Name

      1200          0          0          0        191       9943   main.o
        64         26        236          0       1536        800   startup_stm32f103xb.o
       188          0          0          5          4       5557   stm32f1xx_hal.o
       558          0          0          0          0       7543   stm32f1xx_hal_cortex.o
       984          0          0          0          0       4221   stm32f1xx_hal_gpio.o
       676          0          0          0          0      37461   stm32f1xx_hal_i2c.o
       164          0          0          0          0       1521   stm32f1xx_hal_iwdg.o
       304          0          0          0          0       7349   stm32f1xx_hal_msp.o
      6428          0          0          0          0      14020   stm32f1xx_hal_pcd.o
       122          0          0          0          0       4050   stm32f1xx_hal_pcd_ex.o
      2602          0         18          0          0       7422   stm32f1xx_hal_rcc.o
       456          0          0          0          0       3119   stm32f1xx_hal_rcc_ex.o
      1238          0          0          0          0      35675   stm32f1xx_hal_tim.o
       220          0          0          0          0      15104   stm32f1xx_hal_tim_ex.o
        68          0          0          0          0       1433   stm32f1xx_it.o
      7136          4          0          0          0      11940   stm32f1xx_ll_usb.o
         2          0         24          4          0       1564   system_stm32f1xx.o
       118          0          0          0        708       2839   usb_device.o
      1324          0          0        267          0       9171   usbd_cdc.o
       192         36          0         16       2048       2507   usbd_cdc_if.o
      1228          4          0          0       1272      12498   usbd_conf.o
      1262          0          0          0          0       6591   usbd_core.o
      2912         30          0          0          1       7508   usbd_ctlreq.o
       572          0         66         76        512       3248   usbd_desc.o
       256          0          0          0          0       3893   usbd_ioreq.o

    ----------------------------------------------------------------------
     30484        100        376        376       6280     216977   Object Totals
         0          0         32          0          0          0   (incl. Generated)
       210          0          0          8          8          0   (incl. Padding)

    ----------------------------------------------------------------------

      Code (inc. data)   RO Data    RW Data    ZI Data      Debug   Library Member Name

        90          0          0          0          0          0   __dczerorl2.o
         8          0          0          0          0         68   __main.o
         0          0          0          0          0          0   __rtentry.o
        12          0          0          0          0          0   __rtentry2.o
         6          0          0          0          0          0   __rtentry4.o
        94          8          0          0          0          0   __scatter.o
        28          0          0          0          0          0   __scatter_zi.o
        18          0          0          0          0         80   exit.o
         6          0          0          0          0        152   heapauxi.o
         0          0          0          0          0          0   indicate_semi.o
         2          0          0          0          0          0   libinit.o
         2          0          0          0          0          0   libinit2.o
         2          0          0          0          0          0   libshutdown.o
         2          0          0          0          0          0   libshutdown2.o
         8          4          0          0         96         68   libspace.o
        78          0          0          0          0         80   rt_memclr_w.o
         2          0          0          0          0          0   rtexit.o
        10          0          0          0          0          0   rtexit2.o
        12          4          0          0          0         68   sys_exit.o
        74          0          0          0          0         80   sys_stackheap_outer.o
         2          0          0          0          0         68   use_no_semi.o

    ----------------------------------------------------------------------
       464         16          0          0         96        664   Library Totals
         8          0          0          0          0          0   (incl. Padding)

    ----------------------------------------------------------------------

      Code (inc. data)   RO Data    RW Data    ZI Data      Debug   Library Name

       456         16          0          0         96        664   c_w.l

    ----------------------------------------------------------------------
       464         16          0          0         96        664   Library Totals

    ----------------------------------------------------------------------

==============================================================================


      Code (inc. data)   RO Data    RW Data    ZI Data      Debug   

     30948        116        376        376       6376     217089   Grand Totals
     30948        116        376        192       6376     217089   ELF Image Totals (compressed)
     30948        116        376        192          0          0   ROM Totals

==============================================================================

    Total RO  Size (Code + RO Data)                31324 (  30.59kB)
    Total RW  Size (RW Data + ZI Data)              6752 (   6.59kB)
    Total ROM Size (Code + RO Data + RW Data)      31516 (  30.78kB)

==============================================================================

